Archive member included to satisfy reference by file (symbol)

/home/akinya/gcc-arm-none-eabi/bin/../lib/gcc/arm-none-eabi/10.3.1/../../../../arm-none-eabi/lib/thumb/v7e-m+dp/hard/libc_nano.a(lib_a-exit.o)
                              /home/akinya/gcc-arm-none-eabi/bin/../lib/gcc/arm-none-eabi/10.3.1/../../../../arm-none-eabi/lib/thumb/v7e-m+dp/hard/crt0.o (exit)
/home/akinya/gcc-arm-none-eabi/bin/../lib/gcc/arm-none-eabi/10.3.1/../../../../arm-none-eabi/lib/thumb/v7e-m+dp/hard/libc_nano.a(lib_a-impure.o)
                              /home/akinya/gcc-arm-none-eabi/bin/../lib/gcc/arm-none-eabi/10.3.1/../../../../arm-none-eabi/lib/thumb/v7e-m+dp/hard/libc_nano.a(lib_a-exit.o) (_global_impure_ptr)
/home/akinya/gcc-arm-none-eabi/bin/../lib/gcc/arm-none-eabi/10.3.1/../../../../arm-none-eabi/lib/thumb/v7e-m+dp/hard/libc_nano.a(lib_a-init.o)
                              /home/akinya/gcc-arm-none-eabi/bin/../lib/gcc/arm-none-eabi/10.3.1/../../../../arm-none-eabi/lib/thumb/v7e-m+dp/hard/crt0.o (__libc_init_array)
/home/akinya/gcc-arm-none-eabi/bin/../lib/gcc/arm-none-eabi/10.3.1/../../../../arm-none-eabi/lib/thumb/v7e-m+dp/hard/libc_nano.a(lib_a-memset.o)
                              /home/akinya/gcc-arm-none-eabi/bin/../lib/gcc/arm-none-eabi/10.3.1/../../../../arm-none-eabi/lib/thumb/v7e-m+dp/hard/crt0.o (memset)
/home/akinya/gcc-arm-none-eabi/bin/../lib/gcc/arm-none-eabi/10.3.1/../../../../arm-none-eabi/lib/thumb/v7e-m+dp/hard/libc_nano.a(lib_a-puts.o)
                              build/main.o (puts)
/home/akinya/gcc-arm-none-eabi/bin/../lib/gcc/arm-none-eabi/10.3.1/../../../../arm-none-eabi/lib/thumb/v7e-m+dp/hard/libc_nano.a(lib_a-wbuf.o)
                              /home/akinya/gcc-arm-none-eabi/bin/../lib/gcc/arm-none-eabi/10.3.1/../../../../arm-none-eabi/lib/thumb/v7e-m+dp/hard/libc_nano.a(lib_a-puts.o) (__swbuf_r)
/home/akinya/gcc-arm-none-eabi/bin/../lib/gcc/arm-none-eabi/10.3.1/../../../../arm-none-eabi/lib/thumb/v7e-m+dp/hard/libc_nano.a(lib_a-wsetup.o)
                              /home/akinya/gcc-arm-none-eabi/bin/../lib/gcc/arm-none-eabi/10.3.1/../../../../arm-none-eabi/lib/thumb/v7e-m+dp/hard/libc_nano.a(lib_a-puts.o) (__swsetup_r)
/home/akinya/gcc-arm-none-eabi/bin/../lib/gcc/arm-none-eabi/10.3.1/../../../../arm-none-eabi/lib/thumb/v7e-m+dp/hard/libc_nano.a(lib_a-fflush.o)
                              /home/akinya/gcc-arm-none-eabi/bin/../lib/gcc/arm-none-eabi/10.3.1/../../../../arm-none-eabi/lib/thumb/v7e-m+dp/hard/libc_nano.a(lib_a-wbuf.o) (_fflush_r)
/home/akinya/gcc-arm-none-eabi/bin/../lib/gcc/arm-none-eabi/10.3.1/../../../../arm-none-eabi/lib/thumb/v7e-m+dp/hard/libc_nano.a(lib_a-findfp.o)
                              /home/akinya/gcc-arm-none-eabi/bin/../lib/gcc/arm-none-eabi/10.3.1/../../../../arm-none-eabi/lib/thumb/v7e-m+dp/hard/libc_nano.a(lib_a-puts.o) (__sinit)
/home/akinya/gcc-arm-none-eabi/bin/../lib/gcc/arm-none-eabi/10.3.1/../../../../arm-none-eabi/lib/thumb/v7e-m+dp/hard/libc_nano.a(lib_a-fwalk.o)
                              /home/akinya/gcc-arm-none-eabi/bin/../lib/gcc/arm-none-eabi/10.3.1/../../../../arm-none-eabi/lib/thumb/v7e-m+dp/hard/libc_nano.a(lib_a-findfp.o) (_fwalk)
/home/akinya/gcc-arm-none-eabi/bin/../lib/gcc/arm-none-eabi/10.3.1/../../../../arm-none-eabi/lib/thumb/v7e-m+dp/hard/libc_nano.a(lib_a-lock.o)
                              /home/akinya/gcc-arm-none-eabi/bin/../lib/gcc/arm-none-eabi/10.3.1/../../../../arm-none-eabi/lib/thumb/v7e-m+dp/hard/libc_nano.a(lib_a-findfp.o) (__retarget_lock_init_recursive)
/home/akinya/gcc-arm-none-eabi/bin/../lib/gcc/arm-none-eabi/10.3.1/../../../../arm-none-eabi/lib/thumb/v7e-m+dp/hard/libc_nano.a(lib_a-makebuf.o)
                              /home/akinya/gcc-arm-none-eabi/bin/../lib/gcc/arm-none-eabi/10.3.1/../../../../arm-none-eabi/lib/thumb/v7e-m+dp/hard/libc_nano.a(lib_a-wsetup.o) (__smakebuf_r)
/home/akinya/gcc-arm-none-eabi/bin/../lib/gcc/arm-none-eabi/10.3.1/../../../../arm-none-eabi/lib/thumb/v7e-m+dp/hard/libc_nano.a(lib_a-nano-freer.o)
                              /home/akinya/gcc-arm-none-eabi/bin/../lib/gcc/arm-none-eabi/10.3.1/../../../../arm-none-eabi/lib/thumb/v7e-m+dp/hard/libc_nano.a(lib_a-wsetup.o) (_free_r)
/home/akinya/gcc-arm-none-eabi/bin/../lib/gcc/arm-none-eabi/10.3.1/../../../../arm-none-eabi/lib/thumb/v7e-m+dp/hard/libc_nano.a(lib_a-nano-mallocr.o)
                              /home/akinya/gcc-arm-none-eabi/bin/../lib/gcc/arm-none-eabi/10.3.1/../../../../arm-none-eabi/lib/thumb/v7e-m+dp/hard/libc_nano.a(lib_a-findfp.o) (_malloc_r)
/home/akinya/gcc-arm-none-eabi/bin/../lib/gcc/arm-none-eabi/10.3.1/../../../../arm-none-eabi/lib/thumb/v7e-m+dp/hard/libc_nano.a(lib_a-sbrkr.o)
                              /home/akinya/gcc-arm-none-eabi/bin/../lib/gcc/arm-none-eabi/10.3.1/../../../../arm-none-eabi/lib/thumb/v7e-m+dp/hard/libc_nano.a(lib_a-nano-mallocr.o) (_sbrk_r)
[...]
Memory Configuration

Name             Origin             Length             Attributes
DTCMRAM          0x0000000020000000 0x0000000000020000 xrw
RAM_D1           0x0000000024000000 0x0000000000080000 xrw
RAM_D2           0x0000000030000000 0x0000000000048000 xrw
RAM_D3           0x0000000038000000 0x0000000000010000 xrw
ITCMRAM          0x0000000000000000 0x0000000000010000 xrw
FLASH            0x0000000008000000 0x0000000000200000 xr
*default*        0x0000000000000000 0xffffffffffffffff

Linker script and memory map

LOAD /home/akinya/gcc-arm-none-eabi/bin/../lib/gcc/arm-none-eabi/10.3.1/thumb/v7e-m+dp/hard/crti.o
LOAD /home/akinya/gcc-arm-none-eabi/bin/../lib/gcc/arm-none-eabi/10.3.1/thumb/v7e-m+dp/hard/crtbegin.o
LOAD /home/akinya/gcc-arm-none-eabi/bin/../lib/gcc/arm-none-eabi/10.3.1/../../../../arm-none-eabi/lib/thumb/v7e-m+dp/hard/crt0.o
LOAD build/main.o
LOAD build/gpio.o
LOAD build/stm32h7xx_it.o
LOAD build/stm32h7xx_hal_msp.o
LOAD build/stm32h7xx_hal_cortex.o
LOAD build/stm32h7xx_hal_rcc.o
LOAD build/stm32h7xx_hal_rcc_ex.o
LOAD build/stm32h7xx_hal_flash.o
LOAD build/stm32h7xx_hal_flash_ex.o
LOAD build/stm32h7xx_hal_gpio.o
LOAD build/stm32h7xx_hal_hsem.o
LOAD build/stm32h7xx_hal_dma.o
LOAD build/stm32h7xx_hal_dma_ex.o
LOAD build/stm32h7xx_hal_mdma.o
LOAD build/stm32h7xx_hal_pwr.o
LOAD build/stm32h7xx_hal_pwr_ex.o
LOAD build/stm32h7xx_hal.o
LOAD build/stm32h7xx_hal_i2c.o
LOAD build/stm32h7xx_hal_i2c_ex.o
LOAD build/stm32h7xx_hal_exti.o
LOAD build/stm32h7xx_hal_tim.o
LOAD build/stm32h7xx_hal_tim_ex.o
LOAD build/system_stm32h7xx.o
LOAD build/dma.o
LOAD build/usart.o
LOAD build/stm32h7xx_hal_uart.o
LOAD build/stm32h7xx_hal_uart_ex.o
LOAD build/startup_stm32h743xx.o
LOAD /home/akinya/gcc-arm-none-eabi/bin/../lib/gcc/arm-none-eabi/10.3.1/../../../../arm-none-eabi/lib/thumb/v7e-m+dp/hard/libc_nano.a
LOAD /home/akinya/gcc-arm-none-eabi/bin/../lib/gcc/arm-none-eabi/10.3.1/../../../../arm-none-eabi/lib/thumb/v7e-m+dp/hard/libm.a
LOAD /home/akinya/gcc-arm-none-eabi/bin/../lib/gcc/arm-none-eabi/10.3.1/../../../../arm-none-eabi/lib/thumb/v7e-m+dp/hard/libnosys.a
START GROUP
LOAD /home/akinya/gcc-arm-none-eabi/bin/../lib/gcc/arm-none-eabi/10.3.1/thumb/v7e-m+dp/hard/libgcc.a
LOAD /home/akinya/gcc-arm-none-eabi/bin/../lib/gcc/arm-none-eabi/10.3.1/../../../../arm-none-eabi/lib/thumb/v7e-m+dp/hard/libc_nano.a
END GROUP
START GROUP
LOAD /home/akinya/gcc-arm-none-eabi/bin/../lib/gcc/arm-none-eabi/10.3.1/thumb/v7e-m+dp/hard/libgcc.a
LOAD /home/akinya/gcc-arm-none-eabi/bin/../lib/gcc/arm-none-eabi/10.3.1/../../../../arm-none-eabi/lib/thumb/v7e-m+dp/hard/libc_nano.a
END GROUP
LOAD /home/akinya/gcc-arm-none-eabi/bin/../lib/gcc/arm-none-eabi/10.3.1/thumb/v7e-m+dp/hard/crtend.o
LOAD /home/akinya/gcc-arm-none-eabi/bin/../lib/gcc/arm-none-eabi/10.3.1/thumb/v7e-m+dp/hard/crtn.o
                0x0000000020020000                _estack = 0x20020000
                0x0000000000000200                _Min_Heap_Size = 0x200
                0x0000000000000400                _Min_Stack_Size = 0x400

.isr_vector     0x0000000008000000      0x298
                0x0000000008000000                . = ALIGN (0x4)
 *(.isr_vector)
 .isr_vector    0x0000000008000000      0x298 build/startup_stm32h743xx.o
                0x0000000008000000                g_pfnVectors
                0x0000000008000298                . = ALIGN (0x4)

.text           0x0000000008000298     0x5874
                0x0000000008000298                . = ALIGN (0x4)
 *(.text)
 .text          0x0000000008000298       0x40 /home/akinya/gcc-arm-none-eabi/bin/../lib/gcc/arm-none-eabi/10.3.1/thumb/v7e-m+dp/hard/crtbegin.o
 .text          0x00000000080002d8       0x30 /home/akinya/gcc-arm-none-eabi/bin/../lib/gcc/arm-none-eabi/10.3.1/thumb/v7e-m+dp/hard/libgcc.a(_aeabi_uldivmod.o)
                0x00000000080002d8                __aeabi_uldivmod
 .text          0x0000000008000308      0x2d0 /home/akinya/gcc-arm-none-eabi/bin/../lib/gcc/arm-none-eabi/10.3.1/thumb/v7e-m+dp/hard/libgcc.a(_udivmoddi4.o)
                0x0000000008000308                __udivmoddi4
 .text          0x00000000080005d8        0x4 /home/akinya/gcc-arm-none-eabi/bin/../lib/gcc/arm-none-eabi/10.3.1/thumb/v7e-m+dp/hard/libgcc.a(_dvmd_tls.o)
                0x00000000080005d8                __aeabi_ldiv0
                0x00000000080005d8                __aeabi_idiv0
 *(.text*)
 .text.Error_Handler
                0x00000000080005dc        0x4 build/main.o
                0x00000000080005dc                Error_Handler
 .text.SystemClock_Config
                0x00000000080005e0       0xc0 build/main.o
                0x00000000080005e0                SystemClock_Config
 .text.main     0x00000000080006a0       0x58 build/main.o
                0x00000000080006a0                main
 .text.MX_GPIO_Init
                0x00000000080006f8       0xa0 build/gpio.o
                0x00000000080006f8                MX_GPIO_Init
 .text.NMI_Handler
                0x0000000008000798        0x2 build/stm32h7xx_it.o
                0x0000000008000798                NMI_Handler
 .text.HardFault_Handler
                0x000000000800079a        0x2 build/stm32h7xx_it.o
                0x000000000800079a                HardFault_Handler
 .text.MemManage_Handler
                0x000000000800079c        0x2 build/stm32h7xx_it.o
                0x000000000800079c                MemManage_Handler
 .text.BusFault_Handler
                0x000000000800079e        0x2 build/stm32h7xx_it.o
                0x000000000800079e                BusFault_Handler
 .text.UsageFault_Handler
                0x00000000080007a0        0x2 build/stm32h7xx_it.o
                0x00000000080007a0                UsageFault_Handler
 .text.SVC_Handler
                0x00000000080007a2        0x2 build/stm32h7xx_it.o
                0x00000000080007a2                SVC_Handler
 .text.DebugMon_Handler
                0x00000000080007a4        0x2 build/stm32h7xx_it.o
                0x00000000080007a4                DebugMon_Handler
 .text.PendSV_Handler
                0x00000000080007a6        0x2 build/stm32h7xx_it.o
                0x00000000080007a6                PendSV_Handler
 .text.SysTick_Handler
                0x00000000080007a8        0x8 build/stm32h7xx_it.o
                0x00000000080007a8                SysTick_Handler
 .text.DMA1_Stream0_IRQHandler
                0x00000000080007b0       0x10 build/stm32h7xx_it.o
                0x00000000080007b0                DMA1_Stream0_IRQHandler
 .text.USART1_IRQHandler
                0x00000000080007c0       0x10 build/stm32h7xx_it.o
                0x00000000080007c0                USART1_IRQHandler
 .text.DMAMUX1_OVR_IRQHandler
                0x00000000080007d0        0x2 build/stm32h7xx_it.o
                0x00000000080007d0                DMAMUX1_OVR_IRQHandler
 *fill*         0x00000000080007d2        0x2 
 .text.HAL_MspInit
                0x00000000080007d4       0x24 build/stm32h7xx_hal_msp.o
                0x00000000080007d4                HAL_MspInit
 .text.HAL_NVIC_SetPriorityGrouping
                0x00000000080007f8       0x24 build/stm32h7xx_hal_cortex.o
                0x00000000080007f8                HAL_NVIC_SetPriorityGrouping
 .text.HAL_NVIC_SetPriority
                0x000000000800081c       0x6c build/stm32h7xx_hal_cortex.o
                0x000000000800081c                HAL_NVIC_SetPriority
 .text.HAL_NVIC_EnableIRQ
                0x0000000008000888       0x1c build/stm32h7xx_hal_cortex.o
                0x0000000008000888                HAL_NVIC_EnableIRQ
 .text.HAL_SYSTICK_Config
                0x00000000080008a4       0x28 build/stm32h7xx_hal_cortex.o
                0x00000000080008a4                HAL_SYSTICK_Config
 .text.HAL_RCC_OscConfig
                0x00000000080008cc      0x648 build/stm32h7xx_hal_rcc.o
                0x00000000080008cc                HAL_RCC_OscConfig
 .text.HAL_RCC_GetSysClockFreq
                0x0000000008000f14      0x1f4 build/stm32h7xx_hal_rcc.o
                0x0000000008000f14                HAL_RCC_GetSysClockFreq
 .text.HAL_RCC_ClockConfig
                0x0000000008001108      0x294 build/stm32h7xx_hal_rcc.o
                0x0000000008001108                HAL_RCC_ClockConfig
 .text.HAL_RCC_GetHCLKFreq
                0x000000000800139c       0x44 build/stm32h7xx_hal_rcc.o
                0x000000000800139c                HAL_RCC_GetHCLKFreq
 .text.HAL_RCC_GetPCLK1Freq
                0x00000000080013e0       0x24 build/stm32h7xx_hal_rcc.o
                0x00000000080013e0                HAL_RCC_GetPCLK1Freq
 .text.HAL_RCC_GetPCLK2Freq
                0x0000000008001404       0x24 build/stm32h7xx_hal_rcc.o
                0x0000000008001404                HAL_RCC_GetPCLK2Freq
 .text.RCCEx_PLL2_Config
                0x0000000008001428      0x10c build/stm32h7xx_hal_rcc_ex.o
 .text.RCCEx_PLL3_Config
                0x0000000008001534      0x10c build/stm32h7xx_hal_rcc_ex.o
 .text.HAL_RCCEx_PeriphCLKConfig
                0x0000000008001640      0x9c4 build/stm32h7xx_hal_rcc_ex.o
                0x0000000008001640                HAL_RCCEx_PeriphCLKConfig
 .text.HAL_RCCEx_GetD3PCLK1Freq
                0x0000000008002004       0x24 build/stm32h7xx_hal_rcc_ex.o
                0x0000000008002004                HAL_RCCEx_GetD3PCLK1Freq
 .text.HAL_RCCEx_GetPLL2ClockFreq
                0x0000000008002028      0x1f8 build/stm32h7xx_hal_rcc_ex.o
                0x0000000008002028                HAL_RCCEx_GetPLL2ClockFreq
 .text.HAL_RCCEx_GetPLL3ClockFreq
                0x0000000008002220      0x1f8 build/stm32h7xx_hal_rcc_ex.o
                0x0000000008002220                HAL_RCCEx_GetPLL3ClockFreq
 .text.HAL_GPIO_Init
                0x0000000008002418      0x1fc build/stm32h7xx_hal_gpio.o
                0x0000000008002418                HAL_GPIO_Init
 .text.HAL_GPIO_WritePin
                0x0000000008002614        0xc build/stm32h7xx_hal_gpio.o
                0x0000000008002614                HAL_GPIO_WritePin
 .text.HAL_GPIO_TogglePin
                0x0000000008002620       0x12 build/stm32h7xx_hal_gpio.o
                0x0000000008002620                HAL_GPIO_TogglePin
 *fill*         0x0000000008002632        0x2 
 .text.DMA_SetConfig
                0x0000000008002634      0x1b4 build/stm32h7xx_hal_dma.o
 .text.DMA_CalcBaseAndBitshift
                0x00000000080027e8       0xb4 build/stm32h7xx_hal_dma.o
 .text.DMA_CheckFifoParam
                0x000000000800289c       0x92 build/stm32h7xx_hal_dma.o
 *fill*         0x000000000800292e        0x2 
 .text.DMA_CalcDMAMUXChannelBaseAndMask
                0x0000000008002930       0xb0 build/stm32h7xx_hal_dma.o
 .text.DMA_CalcDMAMUXRequestGenBaseAndMask
                0x00000000080029e0       0x7c build/stm32h7xx_hal_dma.o
 .text.HAL_DMA_Init
                0x0000000008002a5c      0x3a4 build/stm32h7xx_hal_dma.o
                0x0000000008002a5c                HAL_DMA_Init
 .text.HAL_DMA_Start_IT
                0x0000000008002e00      0x298 build/stm32h7xx_hal_dma.o
                0x0000000008002e00                HAL_DMA_Start_IT
 .text.HAL_DMA_Abort
                0x0000000008003098      0x340 build/stm32h7xx_hal_dma.o
                0x0000000008003098                HAL_DMA_Abort
 .text.HAL_DMA_Abort_IT
                0x00000000080033d8      0x270 build/stm32h7xx_hal_dma.o
                0x00000000080033d8                HAL_DMA_Abort_IT
 .text.HAL_DMA_IRQHandler
                0x0000000008003648      0x738 build/stm32h7xx_hal_dma.o
                0x0000000008003648                HAL_DMA_IRQHandler
 .text.HAL_PWREx_ConfigSupply
                0x0000000008003d80       0x54 build/stm32h7xx_hal_pwr_ex.o
                0x0000000008003d80                HAL_PWREx_ConfigSupply
 .text.HAL_InitTick
                0x0000000008003dd4       0x50 build/stm32h7xx_hal.o
                0x0000000008003dd4                HAL_InitTick
 .text.HAL_Init
                0x0000000008003e24       0x5c build/stm32h7xx_hal.o
                0x0000000008003e24                HAL_Init
 .text.HAL_IncTick
                0x0000000008003e80       0x18 build/stm32h7xx_hal.o
                0x0000000008003e80                HAL_IncTick
 .text.HAL_GetTick
                0x0000000008003e98        0xc build/stm32h7xx_hal.o
                0x0000000008003e98                HAL_GetTick
 .text.HAL_Delay
                0x0000000008003ea4       0x28 build/stm32h7xx_hal.o
                0x0000000008003ea4                HAL_Delay
 .text.HAL_GetREVID
                0x0000000008003ecc        0xc build/stm32h7xx_hal.o
                0x0000000008003ecc                HAL_GetREVID
 .text.SystemInit
                0x0000000008003ed8       0xd4 build/system_stm32h7xx.o
                0x0000000008003ed8                SystemInit
 .text.MX_DMA_Init
                0x0000000008003fac       0x48 build/dma.o
                0x0000000008003fac                MX_DMA_Init
 .text.MX_USART1_UART_Init
                0x0000000008003ff4       0x68 build/usart.o
                0x0000000008003ff4                MX_USART1_UART_Init
 .text.HAL_UART_MspInit
                0x000000000800405c       0xe0 build/usart.o
                0x000000000800405c                HAL_UART_MspInit
 .text._write   0x000000000800413c       0x28 build/usart.o
                0x000000000800413c                _write
 .text.UART_EndTxTransfer
                0x0000000008004164       0x1c build/stm32h7xx_hal_uart.o
 .text.UART_EndRxTransfer
                0x0000000008004180       0x38 build/stm32h7xx_hal_uart.o
 .text.HAL_UART_Transmit_DMA
                0x00000000080041b8       0xa8 build/stm32h7xx_hal_uart.o
                0x00000000080041b8                HAL_UART_Transmit_DMA
 .text.HAL_UART_TxCpltCallback
                0x0000000008004260        0x2 build/stm32h7xx_hal_uart.o
                0x0000000008004260                HAL_UART_TxCpltCallback
 .text.UART_DMATransmitCplt
                0x0000000008004262       0x30 build/stm32h7xx_hal_uart.o
 .text.UART_EndTransmit_IT
                0x0000000008004292       0x1c build/stm32h7xx_hal_uart.o
 .text.HAL_UART_TxHalfCpltCallback
                0x00000000080042ae        0x2 build/stm32h7xx_hal_uart.o
                0x00000000080042ae                HAL_UART_TxHalfCpltCallback
 .text.UART_DMATxHalfCplt
                0x00000000080042b0        0xa build/stm32h7xx_hal_uart.o
 .text.HAL_UART_ErrorCallback
                0x00000000080042ba        0x2 build/stm32h7xx_hal_uart.o
                0x00000000080042ba                HAL_UART_ErrorCallback
 .text.UART_DMAError
                0x00000000080042bc       0x58 build/stm32h7xx_hal_uart.o
 .text.UART_DMAAbortOnError
                0x0000000008004314       0x14 build/stm32h7xx_hal_uart.o
 .text.HAL_UARTEx_RxEventCallback
                0x0000000008004328        0x2 build/stm32h7xx_hal_uart.o
                0x0000000008004328                HAL_UARTEx_RxEventCallback
 *fill*         0x000000000800432a        0x2 
 .text.HAL_UART_IRQHandler
                0x000000000800432c      0x348 build/stm32h7xx_hal_uart.o
                0x000000000800432c                HAL_UART_IRQHandler
 .text.UART_SetConfig
                0x0000000008004674      0x5f4 build/stm32h7xx_hal_uart.o
                0x0000000008004674                UART_SetConfig
 .text.UART_AdvFeatureConfig
                0x0000000008004c68       0xca build/stm32h7xx_hal_uart.o
                0x0000000008004c68                UART_AdvFeatureConfig
 .text.UART_WaitOnFlagUntilTimeout
                0x0000000008004d32       0xb0 build/stm32h7xx_hal_uart.o
                0x0000000008004d32                UART_WaitOnFlagUntilTimeout
 .text.UART_CheckIdleState
                0x0000000008004de2       0x74 build/stm32h7xx_hal_uart.o
                0x0000000008004de2                UART_CheckIdleState
 .text.HAL_UART_Init
                0x0000000008004e56       0x66 build/stm32h7xx_hal_uart.o
                0x0000000008004e56                HAL_UART_Init
 .text.UARTEx_SetNbDataToProcess
                0x0000000008004ebc       0x4c build/stm32h7xx_hal_uart_ex.o
 .text.HAL_UARTEx_WakeupCallback
                0x0000000008004f08        0x2 build/stm32h7xx_hal_uart_ex.o
                0x0000000008004f08                HAL_UARTEx_WakeupCallback
 .text.HAL_UARTEx_RxFifoFullCallback
                0x0000000008004f0a        0x2 build/stm32h7xx_hal_uart_ex.o
                0x0000000008004f0a                HAL_UARTEx_RxFifoFullCallback
 .text.HAL_UARTEx_TxFifoEmptyCallback
                0x0000000008004f0c        0x2 build/stm32h7xx_hal_uart_ex.o
                0x0000000008004f0c                HAL_UARTEx_TxFifoEmptyCallback
 .text.HAL_UARTEx_DisableFifoMode
                0x0000000008004f0e       0x3e build/stm32h7xx_hal_uart_ex.o
                0x0000000008004f0e                HAL_UARTEx_DisableFifoMode
 .text.HAL_UARTEx_SetTxFifoThreshold
                0x0000000008004f4c       0x4a build/stm32h7xx_hal_uart_ex.o
                0x0000000008004f4c                HAL_UARTEx_SetTxFifoThreshold
 .text.HAL_UARTEx_SetRxFifoThreshold
                0x0000000008004f96       0x4a build/stm32h7xx_hal_uart_ex.o
                0x0000000008004f96                HAL_UARTEx_SetRxFifoThreshold
 .text.Reset_Handler
                0x0000000008004fe0       0x50 build/startup_stm32h743xx.o
                0x0000000008004fe0                Reset_Handler
 .text.Default_Handler
                0x0000000008005030        0x2 build/startup_stm32h743xx.o
                0x0000000008005030                RTC_Alarm_IRQHandler
                0x0000000008005030                EXTI2_IRQHandler
                0x0000000008005030                TIM8_CC_IRQHandler
                0x0000000008005030                HRTIM1_Master_IRQHandler
                0x0000000008005030                UART8_IRQHandler
                0x0000000008005030                SPI4_IRQHandler
                0x0000000008005030                TIM1_CC_IRQHandler
                0x0000000008005030                BDMA_Channel6_IRQHandler
                0x0000000008005030                DMA2_Stream5_IRQHandler
                0x0000000008005030                HRTIM1_FLT_IRQHandler
                0x0000000008005030                JPEG_IRQHandler
                0x0000000008005030                DMA1_Stream5_IRQHandler
                0x0000000008005030                BDMA_Channel1_IRQHandler
                0x0000000008005030                HRTIM1_TIMD_IRQHandler
                0x0000000008005030                TAMP_STAMP_IRQHandler
                0x0000000008005030                EXTI3_IRQHandler
                0x0000000008005030                LPTIM4_IRQHandler
                0x0000000008005030                TIM8_TRG_COM_TIM14_IRQHandler
                0x0000000008005030                LPTIM2_IRQHandler
                0x0000000008005030                DFSDM1_FLT1_IRQHandler
                0x0000000008005030                DMAMUX2_OVR_IRQHandler
                0x0000000008005030                TIM8_UP_TIM13_IRQHandler
                0x0000000008005030                I2C3_ER_IRQHandler
                0x0000000008005030                DFSDM1_FLT2_IRQHandler
                0x0000000008005030                MDMA_IRQHandler
                0x0000000008005030                LPTIM3_IRQHandler
                0x0000000008005030                HSEM1_IRQHandler
                0x0000000008005030                EXTI0_IRQHandler
                0x0000000008005030                I2C2_EV_IRQHandler
                0x0000000008005030                DMA1_Stream2_IRQHandler
                0x0000000008005030                FPU_IRQHandler
                0x0000000008005030                OTG_HS_WKUP_IRQHandler
                0x0000000008005030                FDCAN1_IT1_IRQHandler
                0x0000000008005030                LTDC_ER_IRQHandler
                0x0000000008005030                DMA2_Stream2_IRQHandler
                0x0000000008005030                HRTIM1_TIME_IRQHandler
                0x0000000008005030                SPI1_IRQHandler
                0x0000000008005030                TIM6_DAC_IRQHandler
                0x0000000008005030                DCMI_IRQHandler
                0x0000000008005030                HRTIM1_TIMC_IRQHandler
                0x0000000008005030                DMA2_Stream3_IRQHandler
                0x0000000008005030                SAI2_IRQHandler
                0x0000000008005030                DFSDM1_FLT3_IRQHandler
                0x0000000008005030                USART6_IRQHandler
                0x0000000008005030                TIM17_IRQHandler
                0x0000000008005030                USART3_IRQHandler
                0x0000000008005030                BDMA_Channel7_IRQHandler
                0x0000000008005030                LPTIM5_IRQHandler
                0x0000000008005030                UART5_IRQHandler
                0x0000000008005030                ADC3_IRQHandler
                0x0000000008005030                DMA2_Stream0_IRQHandler
                0x0000000008005030                TIM4_IRQHandler
                0x0000000008005030                BDMA_Channel2_IRQHandler
                0x0000000008005030                QUADSPI_IRQHandler
                0x0000000008005030                I2C1_EV_IRQHandler
                0x0000000008005030                DMA1_Stream6_IRQHandler
                0x0000000008005030                DMA1_Stream1_IRQHandler
                0x0000000008005030                TIM16_IRQHandler
                0x0000000008005030                UART4_IRQHandler
                0x0000000008005030                BDMA_Channel5_IRQHandler
                0x0000000008005030                TIM3_IRQHandler
                0x0000000008005030                RCC_IRQHandler
                0x0000000008005030                TIM8_BRK_TIM12_IRQHandler
                0x0000000008005030                TIM1_TRG_COM_IRQHandler
                0x0000000008005030                Default_Handler
                0x0000000008005030                ECC_IRQHandler
                0x0000000008005030                CEC_IRQHandler
                0x0000000008005030                EXTI15_10_IRQHandler
                0x0000000008005030                BDMA_Channel0_IRQHandler
                0x0000000008005030                ADC_IRQHandler
                0x0000000008005030                DMA1_Stream7_IRQHandler
                0x0000000008005030                HRTIM1_TIMA_IRQHandler
                0x0000000008005030                SPI5_IRQHandler
                0x0000000008005030                TIM7_IRQHandler
                0x0000000008005030                SDMMC1_IRQHandler
                0x0000000008005030                TIM5_IRQHandler
                0x0000000008005030                DMA2_Stream7_IRQHandler
                0x0000000008005030                TIM15_IRQHandler
                0x0000000008005030                PVD_AVD_IRQHandler
                0x0000000008005030                I2C3_EV_IRQHandler
                0x0000000008005030                EXTI9_5_IRQHandler
                0x0000000008005030                RTC_WKUP_IRQHandler
                0x0000000008005030                LTDC_IRQHandler
                0x0000000008005030                SAI3_IRQHandler
                0x0000000008005030                ETH_WKUP_IRQHandler
                0x0000000008005030                SPDIF_RX_IRQHandler
                0x0000000008005030                SPI2_IRQHandler
                0x0000000008005030                OTG_HS_EP1_IN_IRQHandler
                0x0000000008005030                CRS_IRQHandler
                0x0000000008005030                EXTI4_IRQHandler
                0x0000000008005030                RNG_IRQHandler
                0x0000000008005030                HRTIM1_TIMB_IRQHandler
                0x0000000008005030                FDCAN2_IT1_IRQHandler
                0x0000000008005030                ETH_IRQHandler
                0x0000000008005030                TIM1_UP_IRQHandler
                0x0000000008005030                BDMA_Channel4_IRQHandler
                0x0000000008005030                OTG_HS_EP1_OUT_IRQHandler
                0x0000000008005030                WWDG_IRQHandler
                0x0000000008005030                SPI6_IRQHandler
                0x0000000008005030                MDIOS_IRQHandler
                0x0000000008005030                I2C4_EV_IRQHandler
                0x0000000008005030                FDCAN2_IT0_IRQHandler
                0x0000000008005030                LPUART1_IRQHandler
                0x0000000008005030                FDCAN1_IT0_IRQHandler
                0x0000000008005030                TIM2_IRQHandler
                0x0000000008005030                OTG_FS_WKUP_IRQHandler
                0x0000000008005030                OTG_HS_IRQHandler
                0x0000000008005030                DMA2D_IRQHandler
                0x0000000008005030                TIM1_BRK_IRQHandler
                0x0000000008005030                EXTI1_IRQHandler
                0x0000000008005030                SDMMC2_IRQHandler
                0x0000000008005030                OTG_FS_EP1_OUT_IRQHandler
                0x0000000008005030                BDMA_Channel3_IRQHandler
                0x0000000008005030                UART7_IRQHandler
                0x0000000008005030                MDIOS_WKUP_IRQHandler
                0x0000000008005030                USART2_IRQHandler
                0x0000000008005030                DFSDM1_FLT0_IRQHandler
                0x0000000008005030                SAI4_IRQHandler
                0x0000000008005030                I2C2_ER_IRQHandler
                0x0000000008005030                DMA2_Stream1_IRQHandler
                0x0000000008005030                FLASH_IRQHandler
                0x0000000008005030                DMA2_Stream4_IRQHandler
                0x0000000008005030                OTG_FS_IRQHandler
                0x0000000008005030                SPI3_IRQHandler
                0x0000000008005030                WAKEUP_PIN_IRQHandler
                0x0000000008005030                DMA1_Stream4_IRQHandler
                0x0000000008005030                OTG_FS_EP1_IN_IRQHandler
                0x0000000008005030                I2C1_ER_IRQHandler
                0x0000000008005030                FMC_IRQHandler
                0x0000000008005030                FDCAN_CAL_IRQHandler
                0x0000000008005030                SWPMI1_IRQHandler
                0x0000000008005030                COMP1_IRQHandler
                0x0000000008005030                LPTIM1_IRQHandler
                0x0000000008005030                I2C4_ER_IRQHandler
                0x0000000008005030                DMA2_Stream6_IRQHandler
                0x0000000008005030                SAI1_IRQHandler
                0x0000000008005030                DMA1_Stream3_IRQHandler
 *fill*         0x0000000008005032        0x2 
 .text.__libc_init_array
                0x0000000008005034       0x48 /home/akinya/gcc-arm-none-eabi/bin/../lib/gcc/arm-none-eabi/10.3.1/../../../../arm-none-eabi/lib/thumb/v7e-m+dp/hard/libc_nano.a(lib_a-init.o)
                0x0000000008005034                __libc_init_array
 .text.memset   0x000000000800507c       0x10 /home/akinya/gcc-arm-none-eabi/bin/../lib/gcc/arm-none-eabi/10.3.1/../../../../arm-none-eabi/lib/thumb/v7e-m+dp/hard/libc_nano.a(lib_a-memset.o)
                0x000000000800507c                memset
 .text._puts_r  0x000000000800508c       0xdc /home/akinya/gcc-arm-none-eabi/bin/../lib/gcc/arm-none-eabi/10.3.1/../../../../arm-none-eabi/lib/thumb/v7e-m+dp/hard/libc_nano.a(lib_a-puts.o)
                0x000000000800508c                _puts_r
 .text.puts     0x0000000008005168       0x10 /home/akinya/gcc-arm-none-eabi/bin/../lib/gcc/arm-none-eabi/10.3.1/../../../../arm-none-eabi/lib/thumb/v7e-m+dp/hard/libc_nano.a(lib_a-puts.o)
                0x0000000008005168                puts
 .text.__swbuf_r
                0x0000000008005178       0xa4 /home/akinya/gcc-arm-none-eabi/bin/../lib/gcc/arm-none-eabi/10.3.1/../../../../arm-none-eabi/lib/thumb/v7e-m+dp/hard/libc_nano.a(lib_a-wbuf.o)
                0x0000000008005178                __swbuf_r
 .text.__swsetup_r
                0x000000000800521c       0xdc /home/akinya/gcc-arm-none-eabi/bin/../lib/gcc/arm-none-eabi/10.3.1/../../../../arm-none-eabi/lib/thumb/v7e-m+dp/hard/libc_nano.a(lib_a-wsetup.o)
                0x000000000800521c                __swsetup_r
 .text.__sflush_r
                0x00000000080052f8      0x10c /home/akinya/gcc-arm-none-eabi/bin/../lib/gcc/arm-none-eabi/10.3.1/../../../../arm-none-eabi/lib/thumb/v7e-m+dp/hard/libc_nano.a(lib_a-fflush.o)
                0x00000000080052f8                __sflush_r
 .text._fflush_r
                0x0000000008005404       0x78 /home/akinya/gcc-arm-none-eabi/bin/../lib/gcc/arm-none-eabi/10.3.1/../../../../arm-none-eabi/lib/thumb/v7e-m+dp/hard/libc_nano.a(lib_a-fflush.o)
                0x0000000008005404                _fflush_r
 .text.std      0x000000000800547c       0x48 /home/akinya/gcc-arm-none-eabi/bin/../lib/gcc/arm-none-eabi/10.3.1/../../../../arm-none-eabi/lib/thumb/v7e-m+dp/hard/libc_nano.a(lib_a-findfp.o)
 .text._cleanup_r
                0x00000000080054c4        0xc /home/akinya/gcc-arm-none-eabi/bin/../lib/gcc/arm-none-eabi/10.3.1/../../../../arm-none-eabi/lib/thumb/v7e-m+dp/hard/libc_nano.a(lib_a-findfp.o)
                0x00000000080054c4                _cleanup_r
 .text.__sfmoreglue
                0x00000000080054d0       0x2c /home/akinya/gcc-arm-none-eabi/bin/../lib/gcc/arm-none-eabi/10.3.1/../../../../arm-none-eabi/lib/thumb/v7e-m+dp/hard/libc_nano.a(lib_a-findfp.o)
                0x00000000080054d0                __sfmoreglue
 .text.__sfp_lock_acquire
                0x00000000080054fc        0xc /home/akinya/gcc-arm-none-eabi/bin/../lib/gcc/arm-none-eabi/10.3.1/../../../../arm-none-eabi/lib/thumb/v7e-m+dp/hard/libc_nano.a(lib_a-findfp.o)
                0x00000000080054fc                __sfp_lock_acquire
 .text.__sfp_lock_release
                0x0000000008005508        0xc /home/akinya/gcc-arm-none-eabi/bin/../lib/gcc/arm-none-eabi/10.3.1/../../../../arm-none-eabi/lib/thumb/v7e-m+dp/hard/libc_nano.a(lib_a-findfp.o)
                0x0000000008005508                __sfp_lock_release
 .text.__sinit_lock_acquire
                0x0000000008005514        0xc /home/akinya/gcc-arm-none-eabi/bin/../lib/gcc/arm-none-eabi/10.3.1/../../../../arm-none-eabi/lib/thumb/v7e-m+dp/hard/libc_nano.a(lib_a-findfp.o)
                0x0000000008005514                __sinit_lock_acquire
 .text.__sinit_lock_release
                0x0000000008005520        0xc /home/akinya/gcc-arm-none-eabi/bin/../lib/gcc/arm-none-eabi/10.3.1/../../../../arm-none-eabi/lib/thumb/v7e-m+dp/hard/libc_nano.a(lib_a-findfp.o)
                0x0000000008005520                __sinit_lock_release
 .text.__sinit  0x000000000800552c       0x70 /home/akinya/gcc-arm-none-eabi/bin/../lib/gcc/arm-none-eabi/10.3.1/../../../../arm-none-eabi/lib/thumb/v7e-m+dp/hard/libc_nano.a(lib_a-findfp.o)
                0x000000000800552c                __sinit
 .text.__sfp    0x000000000800559c       0x8c /home/akinya/gcc-arm-none-eabi/bin/../lib/gcc/arm-none-eabi/10.3.1/../../../../arm-none-eabi/lib/thumb/v7e-m+dp/hard/libc_nano.a(lib_a-findfp.o)
                0x000000000800559c                __sfp
 .text._fwalk_reent
                0x0000000008005628       0x3e /home/akinya/gcc-arm-none-eabi/bin/../lib/gcc/arm-none-eabi/10.3.1/../../../../arm-none-eabi/lib/thumb/v7e-m+dp/hard/libc_nano.a(lib_a-fwalk.o)
                0x0000000008005628                _fwalk_reent
 .text.__retarget_lock_init_recursive
                0x0000000008005666        0x2 /home/akinya/gcc-arm-none-eabi/bin/../lib/gcc/arm-none-eabi/10.3.1/../../../../arm-none-eabi/lib/thumb/v7e-m+dp/hard/libc_nano.a(lib_a-lock.o)
                0x0000000008005666                __retarget_lock_init_recursive
 .text.__retarget_lock_acquire_recursive
                0x0000000008005668        0x2 /home/akinya/gcc-arm-none-eabi/bin/../lib/gcc/arm-none-eabi/10.3.1/../../../../arm-none-eabi/lib/thumb/v7e-m+dp/hard/libc_nano.a(lib_a-lock.o)
                0x0000000008005668                __retarget_lock_acquire_recursive
 .text.__retarget_lock_release_recursive
                0x000000000800566a        0x2 /home/akinya/gcc-arm-none-eabi/bin/../lib/gcc/arm-none-eabi/10.3.1/../../../../arm-none-eabi/lib/thumb/v7e-m+dp/hard/libc_nano.a(lib_a-lock.o)
                0x000000000800566a                __retarget_lock_release_recursive
 .text.__swhatbuf_r
                0x000000000800566c       0x4a /home/akinya/gcc-arm-none-eabi/bin/../lib/gcc/arm-none-eabi/10.3.1/../../../../arm-none-eabi/lib/thumb/v7e-m+dp/hard/libc_nano.a(lib_a-makebuf.o)
                0x000000000800566c                __swhatbuf_r
 *fill*         0x00000000080056b6        0x2 
 .text.__smakebuf_r
                0x00000000080056b8       0x80 /home/akinya/gcc-arm-none-eabi/bin/../lib/gcc/arm-none-eabi/10.3.1/../../../../arm-none-eabi/lib/thumb/v7e-m+dp/hard/libc_nano.a(lib_a-makebuf.o)
                0x00000000080056b8                __smakebuf_r
 .text._free_r  0x0000000008005738       0x98 /home/akinya/gcc-arm-none-eabi/bin/../lib/gcc/arm-none-eabi/10.3.1/../../../../arm-none-eabi/lib/thumb/v7e-m+dp/hard/libc_nano.a(lib_a-nano-freer.o)
                0x0000000008005738                _free_r
 .text.sbrk_aligned
                0x00000000080057d0       0x40 /home/akinya/gcc-arm-none-eabi/bin/../lib/gcc/arm-none-eabi/10.3.1/../../../../arm-none-eabi/lib/thumb/v7e-m+dp/hard/libc_nano.a(lib_a-nano-mallocr.o)
 .text._malloc_r
                0x0000000008005810       0xe8 /home/akinya/gcc-arm-none-eabi/bin/../lib/gcc/arm-none-eabi/10.3.1/../../../../arm-none-eabi/lib/thumb/v7e-m+dp/hard/libc_nano.a(lib_a-nano-mallocr.o)
                0x0000000008005810                _malloc_r
 .text._sbrk_r  0x00000000080058f8       0x20 /home/akinya/gcc-arm-none-eabi/bin/../lib/gcc/arm-none-eabi/10.3.1/../../../../arm-none-eabi/lib/thumb/v7e-m+dp/hard/libc_nano.a(lib_a-sbrkr.o)
                0x00000000080058f8                _sbrk_r
 .text.__sread  0x0000000008005918       0x22 /home/akinya/gcc-arm-none-eabi/bin/../lib/gcc/arm-none-eabi/10.3.1/../../../../arm-none-eabi/lib/thumb/v7e-m+dp/hard/libc_nano.a(lib_a-stdio.o)
                0x0000000008005918                __sread
 .text.__swrite
                0x000000000800593a       0x38 /home/akinya/gcc-arm-none-eabi/bin/../lib/gcc/arm-none-eabi/10.3.1/../../../../arm-none-eabi/lib/thumb/v7e-m+dp/hard/libc_nano.a(lib_a-stdio.o)
                0x000000000800593a                __swrite
 .text.__sseek  0x0000000008005972       0x24 /home/akinya/gcc-arm-none-eabi/bin/../lib/gcc/arm-none-eabi/10.3.1/../../../../arm-none-eabi/lib/thumb/v7e-m+dp/hard/libc_nano.a(lib_a-stdio.o)
                0x0000000008005972                __sseek
 .text.__sclose
                0x0000000008005996        0x8 /home/akinya/gcc-arm-none-eabi/bin/../lib/gcc/arm-none-eabi/10.3.1/../../../../arm-none-eabi/lib/thumb/v7e-m+dp/hard/libc_nano.a(lib_a-stdio.o)
                0x0000000008005996                __sclose
 *fill*         0x000000000800599e        0x2 
 .text._write_r
                0x00000000080059a0       0x24 /home/akinya/gcc-arm-none-eabi/bin/../lib/gcc/arm-none-eabi/10.3.1/../../../../arm-none-eabi/lib/thumb/v7e-m+dp/hard/libc_nano.a(lib_a-writer.o)
                0x00000000080059a0                _write_r
 .text._close_r
                0x00000000080059c4       0x20 /home/akinya/gcc-arm-none-eabi/bin/../lib/gcc/arm-none-eabi/10.3.1/../../../../arm-none-eabi/lib/thumb/v7e-m+dp/hard/libc_nano.a(lib_a-closer.o)
                0x00000000080059c4                _close_r
 .text._fstat_r
                0x00000000080059e4       0x24 /home/akinya/gcc-arm-none-eabi/bin/../lib/gcc/arm-none-eabi/10.3.1/../../../../arm-none-eabi/lib/thumb/v7e-m+dp/hard/libc_nano.a(lib_a-fstatr.o)
                0x00000000080059e4                _fstat_r
 .text._isatty_r
                0x0000000008005a08       0x20 /home/akinya/gcc-arm-none-eabi/bin/../lib/gcc/arm-none-eabi/10.3.1/../../../../arm-none-eabi/lib/thumb/v7e-m+dp/hard/libc_nano.a(lib_a-isattyr.o)
                0x0000000008005a08                _isatty_r
 .text._lseek_r
                0x0000000008005a28       0x24 /home/akinya/gcc-arm-none-eabi/bin/../lib/gcc/arm-none-eabi/10.3.1/../../../../arm-none-eabi/lib/thumb/v7e-m+dp/hard/libc_nano.a(lib_a-lseekr.o)
                0x0000000008005a28                _lseek_r
 .text.__malloc_lock
                0x0000000008005a4c        0xc /home/akinya/gcc-arm-none-eabi/bin/../lib/gcc/arm-none-eabi/10.3.1/../../../../arm-none-eabi/lib/thumb/v7e-m+dp/hard/libc_nano.a(lib_a-mlock.o)
                0x0000000008005a4c                __malloc_lock
 .text.__malloc_unlock
                0x0000000008005a58        0xc /home/akinya/gcc-arm-none-eabi/bin/../lib/gcc/arm-none-eabi/10.3.1/../../../../arm-none-eabi/lib/thumb/v7e-m+dp/hard/libc_nano.a(lib_a-mlock.o)
                0x0000000008005a58                __malloc_unlock
 .text._read_r  0x0000000008005a64       0x24 /home/akinya/gcc-arm-none-eabi/bin/../lib/gcc/arm-none-eabi/10.3.1/../../../../arm-none-eabi/lib/thumb/v7e-m+dp/hard/libc_nano.a(lib_a-readr.o)
                0x0000000008005a64                _read_r
 .text._close   0x0000000008005a88       0x10 /home/akinya/gcc-arm-none-eabi/bin/../lib/gcc/arm-none-eabi/10.3.1/../../../../arm-none-eabi/lib/thumb/v7e-m+dp/hard/libnosys.a(close.o)
                0x0000000008005a88                _close
 .text._fstat   0x0000000008005a98       0x10 /home/akinya/gcc-arm-none-eabi/bin/../lib/gcc/arm-none-eabi/10.3.1/../../../../arm-none-eabi/lib/thumb/v7e-m+dp/hard/libnosys.a(fstat.o)
                0x0000000008005a98                _fstat
 .text._isatty  0x0000000008005aa8       0x10 /home/akinya/gcc-arm-none-eabi/bin/../lib/gcc/arm-none-eabi/10.3.1/../../../../arm-none-eabi/lib/thumb/v7e-m+dp/hard/libnosys.a(isatty.o)
                0x0000000008005aa8                _isatty
 .text._lseek   0x0000000008005ab8       0x10 /home/akinya/gcc-arm-none-eabi/bin/../lib/gcc/arm-none-eabi/10.3.1/../../../../arm-none-eabi/lib/thumb/v7e-m+dp/hard/libnosys.a(lseek.o)
                0x0000000008005ab8                _lseek
 .text._read    0x0000000008005ac8       0x10 /home/akinya/gcc-arm-none-eabi/bin/../lib/gcc/arm-none-eabi/10.3.1/../../../../arm-none-eabi/lib/thumb/v7e-m+dp/hard/libnosys.a(read.o)
                0x0000000008005ac8                _read
 .text._sbrk    0x0000000008005ad8       0x1c /home/akinya/gcc-arm-none-eabi/bin/../lib/gcc/arm-none-eabi/10.3.1/../../../../arm-none-eabi/lib/thumb/v7e-m+dp/hard/libnosys.a(sbrk.o)
                0x0000000008005ad8                _sbrk
 *(.glue_7)
 .glue_7        0x0000000008005af4        0x0 linker stubs
 *(.glue_7t)
 .glue_7t       0x0000000008005af4        0x0 linker stubs
 *(.eh_frame)
 .eh_frame      0x0000000008005af4        0x0 /home/akinya/gcc-arm-none-eabi/bin/../lib/gcc/arm-none-eabi/10.3.1/thumb/v7e-m+dp/hard/crtbegin.o
 *(.init)
 .init          0x0000000008005af4        0x4 /home/akinya/gcc-arm-none-eabi/bin/../lib/gcc/arm-none-eabi/10.3.1/thumb/v7e-m+dp/hard/crti.o
                0x0000000008005af4                _init
 .init          0x0000000008005af8        0x8 /home/akinya/gcc-arm-none-eabi/bin/../lib/gcc/arm-none-eabi/10.3.1/thumb/v7e-m+dp/hard/crtn.o
 *(.fini)
 .fini          0x0000000008005b00        0x4 /home/akinya/gcc-arm-none-eabi/bin/../lib/gcc/arm-none-eabi/10.3.1/thumb/v7e-m+dp/hard/crti.o
                0x0000000008005b00                _fini
 .fini          0x0000000008005b04        0x8 /home/akinya/gcc-arm-none-eabi/bin/../lib/gcc/arm-none-eabi/10.3.1/thumb/v7e-m+dp/hard/crtn.o
                0x0000000008005b0c                . = ALIGN (0x4)
                0x0000000008005b0c                _etext = .

.vfp11_veneer   0x0000000008005b0c        0x0
 .vfp11_veneer  0x0000000008005b0c        0x0 linker stubs

.v4_bx          0x0000000008005b0c        0x0
 .v4_bx         0x0000000008005b0c        0x0 linker stubs

.iplt           0x0000000008005b0c        0x0
 .iplt          0x0000000008005b0c        0x0 /home/akinya/gcc-arm-none-eabi/bin/../lib/gcc/arm-none-eabi/10.3.1/thumb/v7e-m+dp/hard/crtbegin.o

.rodata         0x0000000008005b0c       0xd0
                0x0000000008005b0c                . = ALIGN (0x4)
 *(.rodata)
 *(.rodata*)
 .rodata.main.str1.4
                0x0000000008005b0c       0x2a build/main.o
 *fill*         0x0000000008005b36        0x2 
 .rodata.flagBitshiftOffset.0
                0x0000000008005b38        0x8 build/stm32h7xx_hal_dma.o
 .rodata.D1CorePrescTable
                0x0000000008005b40       0x10 build/system_stm32h7xx.o
                0x0000000008005b40                D1CorePrescTable
 .rodata._write.str1.4
                0x0000000008005b50       0x1a build/usart.o
 .rodata.UARTPrescTable
                0x0000000008005b50       0x18 build/stm32h7xx_hal_uart.o
                0x0000000008005b50                UARTPrescTable
 .rodata.denominator.0
                0x0000000008005b68        0x8 build/stm32h7xx_hal_uart_ex.o
 .rodata.numerator.1
                0x0000000008005b70        0x8 build/stm32h7xx_hal_uart_ex.o
 .rodata._global_impure_ptr
                0x0000000008005b78        0x4 /home/akinya/gcc-arm-none-eabi/bin/../lib/gcc/arm-none-eabi/10.3.1/../../../../arm-none-eabi/lib/thumb/v7e-m+dp/hard/libc_nano.a(lib_a-impure.o)
                0x0000000008005b78                _global_impure_ptr
 .rodata.__sf_fake_stderr
                0x0000000008005b7c       0x20 /home/akinya/gcc-arm-none-eabi/bin/../lib/gcc/arm-none-eabi/10.3.1/../../../../arm-none-eabi/lib/thumb/v7e-m+dp/hard/libc_nano.a(lib_a-findfp.o)
                0x0000000008005b7c                __sf_fake_stderr
 .rodata.__sf_fake_stdin
                0x0000000008005b9c       0x20 /home/akinya/gcc-arm-none-eabi/bin/../lib/gcc/arm-none-eabi/10.3.1/../../../../arm-none-eabi/lib/thumb/v7e-m+dp/hard/libc_nano.a(lib_a-findfp.o)
                0x0000000008005b9c                __sf_fake_stdin
 .rodata.__sf_fake_stdout
                0x0000000008005bbc       0x20 /home/akinya/gcc-arm-none-eabi/bin/../lib/gcc/arm-none-eabi/10.3.1/../../../../arm-none-eabi/lib/thumb/v7e-m+dp/hard/libc_nano.a(lib_a-findfp.o)
                0x0000000008005bbc                __sf_fake_stdout
                0x0000000008005bdc                . = ALIGN (0x4)

.ARM.extab
 *(.ARM.extab* .gnu.linkonce.armextab.*)

.ARM            0x0000000008005bdc        0x8
                0x0000000008005bdc                __exidx_start = .
 *(.ARM.exidx*)
 .ARM.exidx     0x0000000008005bdc        0x8 /home/akinya/gcc-arm-none-eabi/bin/../lib/gcc/arm-none-eabi/10.3.1/thumb/v7e-m+dp/hard/libgcc.a(_udivmoddi4.o)
                0x0000000008005be4                __exidx_end = .

.rel.dyn        0x0000000008005be4        0x0
 .rel.iplt      0x0000000008005be4        0x0 /home/akinya/gcc-arm-none-eabi/bin/../lib/gcc/arm-none-eabi/10.3.1/thumb/v7e-m+dp/hard/crtbegin.o

.preinit_array  0x0000000008005be4        0x0
                0x0000000008005be4                PROVIDE (__preinit_array_start = .)
 *(.preinit_array*)
                0x0000000008005be4                PROVIDE (__preinit_array_end = .)

.init_array     0x0000000008005be4        0x4
                0x0000000008005be4                PROVIDE (__init_array_start = .)
 *(SORT_BY_NAME(.init_array.*))
 *(.init_array*)
 .init_array    0x0000000008005be4        0x4 /home/akinya/gcc-arm-none-eabi/bin/../lib/gcc/arm-none-eabi/10.3.1/thumb/v7e-m+dp/hard/crtbegin.o
                0x0000000008005be8                PROVIDE (__init_array_end = .)

.fini_array     0x0000000008005be8        0x4
                [!provide]                        PROVIDE (__fini_array_start = .)
 *(SORT_BY_NAME(.fini_array.*))
 *(.fini_array*)
 .fini_array    0x0000000008005be8        0x4 /home/akinya/gcc-arm-none-eabi/bin/../lib/gcc/arm-none-eabi/10.3.1/thumb/v7e-m+dp/hard/crtbegin.o
                [!provide]                        PROVIDE (__fini_array_end = .)
                0x0000000008005bec                _sidata = LOADADDR (.data)

.data           0x0000000020000000       0x74 load address 0x0000000008005bec
                0x0000000020000000                . = ALIGN (0x4)
                0x0000000020000000                _sdata = .
 *(.data)
 *(.data*)
 .data.uwTickFreq
                0x0000000020000000        0x1 build/stm32h7xx_hal.o
                0x0000000020000000                uwTickFreq
 *fill*         0x0000000020000001        0x3 
 .data.uwTickPrio
                0x0000000020000004        0x4 build/stm32h7xx_hal.o
                0x0000000020000004                uwTickPrio
 .data.SystemCoreClock
                0x0000000020000008        0x4 build/system_stm32h7xx.o
                0x0000000020000008                SystemCoreClock
 .data.SystemD2Clock
                0x000000002000000c        0x4 build/system_stm32h7xx.o
                0x000000002000000c                SystemD2Clock
 .data._impure_ptr
                0x0000000020000010        0x4 /home/akinya/gcc-arm-none-eabi/bin/../lib/gcc/arm-none-eabi/10.3.1/../../../../arm-none-eabi/lib/thumb/v7e-m+dp/hard/libc_nano.a(lib_a-impure.o)
                0x0000000020000010                _impure_ptr
 .data.impure_data
                0x0000000020000014       0x60 /home/akinya/gcc-arm-none-eabi/bin/../lib/gcc/arm-none-eabi/10.3.1/../../../../arm-none-eabi/lib/thumb/v7e-m+dp/hard/libc_nano.a(lib_a-impure.o)
                0x0000000020000074                . = ALIGN (0x4)
                0x0000000020000074                _edata = .

.igot.plt       0x0000000020000074        0x0 load address 0x0000000008005c60
 .igot.plt      0x0000000020000074        0x0 /home/akinya/gcc-arm-none-eabi/bin/../lib/gcc/arm-none-eabi/10.3.1/thumb/v7e-m+dp/hard/crtbegin.o
                0x0000000020000074                . = ALIGN (0x4)

.bss            0x0000000020000074      0x13c load address 0x0000000008005c60
                0x0000000020000074                _sbss = .
                0x0000000020000074                __bss_start__ = _sbss
 *(.bss)
 .bss           0x0000000020000074       0x1c /home/akinya/gcc-arm-none-eabi/bin/../lib/gcc/arm-none-eabi/10.3.1/thumb/v7e-m+dp/hard/crtbegin.o
 *(.bss*)
 .bss.uwTick    0x0000000020000090        0x4 build/stm32h7xx_hal.o
                0x0000000020000090                uwTick
 .bss.hdma_usart1_tx
                0x0000000020000094       0x78 build/usart.o
                0x0000000020000094                hdma_usart1_tx
 .bss.huart1    0x000000002000010c       0x90 build/usart.o
                0x000000002000010c                huart1
 .bss.__lock___malloc_recursive_mutex
                0x000000002000019c        0x1 /home/akinya/gcc-arm-none-eabi/bin/../lib/gcc/arm-none-eabi/10.3.1/../../../../arm-none-eabi/lib/thumb/v7e-m+dp/hard/libc_nano.a(lib_a-lock.o)
                0x000000002000019c                __lock___malloc_recursive_mutex
 .bss.__lock___sfp_recursive_mutex
                0x000000002000019d        0x1 /home/akinya/gcc-arm-none-eabi/bin/../lib/gcc/arm-none-eabi/10.3.1/../../../../arm-none-eabi/lib/thumb/v7e-m+dp/hard/libc_nano.a(lib_a-lock.o)
                0x000000002000019d                __lock___sfp_recursive_mutex
 .bss.__lock___sinit_recursive_mutex
                0x000000002000019e        0x1 /home/akinya/gcc-arm-none-eabi/bin/../lib/gcc/arm-none-eabi/10.3.1/../../../../arm-none-eabi/lib/thumb/v7e-m+dp/hard/libc_nano.a(lib_a-lock.o)
                0x000000002000019e                __lock___sinit_recursive_mutex
 *fill*         0x000000002000019f        0x1 
 .bss.__malloc_free_list
                0x00000000200001a0        0x4 /home/akinya/gcc-arm-none-eabi/bin/../lib/gcc/arm-none-eabi/10.3.1/../../../../arm-none-eabi/lib/thumb/v7e-m+dp/hard/libc_nano.a(lib_a-nano-mallocr.o)
                0x00000000200001a0                __malloc_free_list
 .bss.__malloc_sbrk_start
                0x00000000200001a4        0x4 /home/akinya/gcc-arm-none-eabi/bin/../lib/gcc/arm-none-eabi/10.3.1/../../../../arm-none-eabi/lib/thumb/v7e-m+dp/hard/libc_nano.a(lib_a-nano-mallocr.o)
                0x00000000200001a4                __malloc_sbrk_start
 .bss.errno     0x00000000200001a8        0x4 /home/akinya/gcc-arm-none-eabi/bin/../lib/gcc/arm-none-eabi/10.3.1/../../../../arm-none-eabi/lib/thumb/v7e-m+dp/hard/libc_nano.a(lib_a-reent.o)
                0x00000000200001a8                errno
 .bss.heap_end.0
                0x00000000200001ac        0x4 /home/akinya/gcc-arm-none-eabi/bin/../lib/gcc/arm-none-eabi/10.3.1/../../../../arm-none-eabi/lib/thumb/v7e-m+dp/hard/libnosys.a(sbrk.o)
 *(COMMON)
                0x00000000200001b0                . = ALIGN (0x4)
                0x00000000200001b0                _ebss = .
                0x00000000200001b0                __bss_end__ = _ebss

._user_heap_stack
                0x00000000200001b0      0x600 load address 0x0000000008005c60
                0x00000000200001b0                . = ALIGN (0x8)
                0x00000000200001b0                PROVIDE (end = .)
                [!provide]                        PROVIDE (_end = .)
                0x00000000200003b0                . = (. + _Min_Heap_Size)
 *fill*         0x00000000200001b0      0x200 
                0x00000000200007b0                . = (. + _Min_Stack_Size)
 *fill*         0x00000000200003b0      0x400 
                0x00000000200007b0                . = ALIGN (0x8)

/DISCARD/
 libc.a(*)
 libm.a(*)
 libgcc.a(*)

.ARM.attributes
                0x0000000000000000       0x2e
 *(.ARM.attributes)
 .ARM.attributes
                0x0000000000000000       0x1e /home/akinya/gcc-arm-none-eabi/bin/../lib/gcc/arm-none-eabi/10.3.1/thumb/v7e-m+dp/hard/crti.o
 .ARM.attributes
                0x000000000000001e       0x32 /home/akinya/gcc-arm-none-eabi/bin/../lib/gcc/arm-none-eabi/10.3.1/thumb/v7e-m+dp/hard/crtbegin.o
 .ARM.attributes
                0x0000000000000050       0x32 build/main.o
 .ARM.attributes
                0x0000000000000082       0x32 build/gpio.o
 .ARM.attributes
                0x00000000000000b4       0x32 build/stm32h7xx_it.o
 .ARM.attributes
                0x00000000000000e6       0x32 build/stm32h7xx_hal_msp.o
 .ARM.attributes
                0x0000000000000118       0x32 build/stm32h7xx_hal_cortex.o
 .ARM.attributes
                0x000000000000014a       0x32 build/stm32h7xx_hal_rcc.o
 .ARM.attributes
                0x000000000000017c       0x32 build/stm32h7xx_hal_rcc_ex.o
 .ARM.attributes
                0x00000000000001ae       0x32 build/stm32h7xx_hal_gpio.o
 .ARM.attributes
                0x00000000000001e0       0x32 build/stm32h7xx_hal_dma.o
 .ARM.attributes
                0x0000000000000212       0x32 build/stm32h7xx_hal_pwr_ex.o
 .ARM.attributes
                0x0000000000000244       0x32 build/stm32h7xx_hal.o
 .ARM.attributes
                0x0000000000000276       0x32 build/system_stm32h7xx.o
 .ARM.attributes
                0x00000000000002a8       0x32 build/dma.o
 .ARM.attributes
                0x00000000000002da       0x32 build/usart.o
 .ARM.attributes
                0x000000000000030c       0x32 build/stm32h7xx_hal_uart.o
 .ARM.attributes
                0x000000000000033e       0x32 build/stm32h7xx_hal_uart_ex.o
 .ARM.attributes
                0x0000000000000370       0x21 build/startup_stm32h743xx.o
 .ARM.attributes
                0x0000000000000391       0x30 /home/akinya/gcc-arm-none-eabi/bin/../lib/gcc/arm-none-eabi/10.3.1/../../../../arm-none-eabi/lib/thumb/v7e-m+dp/hard/libc_nano.a(lib_a-impure.o)
 .ARM.attributes
                0x00000000000003c1       0x32 /home/akinya/gcc-arm-none-eabi/bin/../lib/gcc/arm-none-eabi/10.3.1/../../../../arm-none-eabi/lib/thumb/v7e-m+dp/hard/libc_nano.a(lib_a-init.o)
 .ARM.attributes
                0x00000000000003f3       0x32 /home/akinya/gcc-arm-none-eabi/bin/../lib/gcc/arm-none-eabi/10.3.1/../../../../arm-none-eabi/lib/thumb/v7e-m+dp/hard/libc_nano.a(lib_a-memset.o)
 .ARM.attributes
                0x0000000000000425       0x32 /home/akinya/gcc-arm-none-eabi/bin/../lib/gcc/arm-none-eabi/10.3.1/../../../../arm-none-eabi/lib/thumb/v7e-m+dp/hard/libc_nano.a(lib_a-puts.o)
 .ARM.attributes
                0x0000000000000457       0x32 /home/akinya/gcc-arm-none-eabi/bin/../lib/gcc/arm-none-eabi/10.3.1/../../../../arm-none-eabi/lib/thumb/v7e-m+dp/hard/libc_nano.a(lib_a-wbuf.o)
 .ARM.attributes
                0x0000000000000489       0x32 /home/akinya/gcc-arm-none-eabi/bin/../lib/gcc/arm-none-eabi/10.3.1/../../../../arm-none-eabi/lib/thumb/v7e-m+dp/hard/libc_nano.a(lib_a-wsetup.o)
 .ARM.attributes
                0x00000000000004bb       0x32 /home/akinya/gcc-arm-none-eabi/bin/../lib/gcc/arm-none-eabi/10.3.1/../../../../arm-none-eabi/lib/thumb/v7e-m+dp/hard/libc_nano.a(lib_a-fflush.o)
 .ARM.attributes
                0x00000000000004ed       0x32 /home/akinya/gcc-arm-none-eabi/bin/../lib/gcc/arm-none-eabi/10.3.1/../../../../arm-none-eabi/lib/thumb/v7e-m+dp/hard/libc_nano.a(lib_a-findfp.o)
 .ARM.attributes
                0x000000000000051f       0x32 /home/akinya/gcc-arm-none-eabi/bin/../lib/gcc/arm-none-eabi/10.3.1/../../../../arm-none-eabi/lib/thumb/v7e-m+dp/hard/libc_nano.a(lib_a-fwalk.o)
 .ARM.attributes
                0x0000000000000551       0x32 /home/akinya/gcc-arm-none-eabi/bin/../lib/gcc/arm-none-eabi/10.3.1/../../../../arm-none-eabi/lib/thumb/v7e-m+dp/hard/libc_nano.a(lib_a-lock.o)
 .ARM.attributes
                0x0000000000000583       0x32 /home/akinya/gcc-arm-none-eabi/bin/../lib/gcc/arm-none-eabi/10.3.1/../../../../arm-none-eabi/lib/thumb/v7e-m+dp/hard/libc_nano.a(lib_a-makebuf.o)
 .ARM.attributes
                0x00000000000005b5       0x32 /home/akinya/gcc-arm-none-eabi/bin/../lib/gcc/arm-none-eabi/10.3.1/../../../../arm-none-eabi/lib/thumb/v7e-m+dp/hard/libc_nano.a(lib_a-nano-freer.o)
 .ARM.attributes
                0x00000000000005e7       0x32 /home/akinya/gcc-arm-none-eabi/bin/../lib/gcc/arm-none-eabi/10.3.1/../../../../arm-none-eabi/lib/thumb/v7e-m+dp/hard/libc_nano.a(lib_a-nano-mallocr.o)
 .ARM.attributes
                0x0000000000000619       0x32 /home/akinya/gcc-arm-none-eabi/bin/../lib/gcc/arm-none-eabi/10.3.1/../../../../arm-none-eabi/lib/thumb/v7e-m+dp/hard/libc_nano.a(lib_a-sbrkr.o)
 .ARM.attributes
                0x000000000000064b       0x32 /home/akinya/gcc-arm-none-eabi/bin/../lib/gcc/arm-none-eabi/10.3.1/../../../../arm-none-eabi/lib/thumb/v7e-m+dp/hard/libc_nano.a(lib_a-stdio.o)
 .ARM.attributes
                0x000000000000067d       0x32 /home/akinya/gcc-arm-none-eabi/bin/../lib/gcc/arm-none-eabi/10.3.1/../../../../arm-none-eabi/lib/thumb/v7e-m+dp/hard/libc_nano.a(lib_a-writer.o)
 .ARM.attributes
                0x00000000000006af       0x32 /home/akinya/gcc-arm-none-eabi/bin/../lib/gcc/arm-none-eabi/10.3.1/../../../../arm-none-eabi/lib/thumb/v7e-m+dp/hard/libc_nano.a(lib_a-closer.o)
 .ARM.attributes
                0x00000000000006e1       0x32 /home/akinya/gcc-arm-none-eabi/bin/../lib/gcc/arm-none-eabi/10.3.1/../../../../arm-none-eabi/lib/thumb/v7e-m+dp/hard/libc_nano.a(lib_a-fstatr.o)
 .ARM.attributes
                0x0000000000000713       0x32 /home/akinya/gcc-arm-none-eabi/bin/../lib/gcc/arm-none-eabi/10.3.1/../../../../arm-none-eabi/lib/thumb/v7e-m+dp/hard/libc_nano.a(lib_a-isattyr.o)
 .ARM.attributes
                0x0000000000000745       0x32 /home/akinya/gcc-arm-none-eabi/bin/../lib/gcc/arm-none-eabi/10.3.1/../../../../arm-none-eabi/lib/thumb/v7e-m+dp/hard/libc_nano.a(lib_a-lseekr.o)
 .ARM.attributes
                0x0000000000000777       0x32 /home/akinya/gcc-arm-none-eabi/bin/../lib/gcc/arm-none-eabi/10.3.1/../../../../arm-none-eabi/lib/thumb/v7e-m+dp/hard/libc_nano.a(lib_a-mlock.o)
 .ARM.attributes
                0x00000000000007a9       0x32 /home/akinya/gcc-arm-none-eabi/bin/../lib/gcc/arm-none-eabi/10.3.1/../../../../arm-none-eabi/lib/thumb/v7e-m+dp/hard/libc_nano.a(lib_a-readr.o)
 .ARM.attributes
                0x00000000000007db       0x32 /home/akinya/gcc-arm-none-eabi/bin/../lib/gcc/arm-none-eabi/10.3.1/../../../../arm-none-eabi/lib/thumb/v7e-m+dp/hard/libc_nano.a(lib_a-reent.o)
 .ARM.attributes
                0x000000000000080d       0x32 /home/akinya/gcc-arm-none-eabi/bin/../lib/gcc/arm-none-eabi/10.3.1/../../../../arm-none-eabi/lib/thumb/v7e-m+dp/hard/libnosys.a(close.o)
 .ARM.attributes
                0x000000000000083f       0x32 /home/akinya/gcc-arm-none-eabi/bin/../lib/gcc/arm-none-eabi/10.3.1/../../../../arm-none-eabi/lib/thumb/v7e-m+dp/hard/libnosys.a(fstat.o)
 .ARM.attributes
                0x0000000000000871       0x32 /home/akinya/gcc-arm-none-eabi/bin/../lib/gcc/arm-none-eabi/10.3.1/../../../../arm-none-eabi/lib/thumb/v7e-m+dp/hard/libnosys.a(isatty.o)
 .ARM.attributes
                0x00000000000008a3       0x32 /home/akinya/gcc-arm-none-eabi/bin/../lib/gcc/arm-none-eabi/10.3.1/../../../../arm-none-eabi/lib/thumb/v7e-m+dp/hard/libnosys.a(lseek.o)
 .ARM.attributes
                0x00000000000008d5       0x32 /home/akinya/gcc-arm-none-eabi/bin/../lib/gcc/arm-none-eabi/10.3.1/../../../../arm-none-eabi/lib/thumb/v7e-m+dp/hard/libnosys.a(read.o)
 .ARM.attributes
                0x0000000000000907       0x32 /home/akinya/gcc-arm-none-eabi/bin/../lib/gcc/arm-none-eabi/10.3.1/../../../../arm-none-eabi/lib/thumb/v7e-m+dp/hard/libnosys.a(sbrk.o)
 .ARM.attributes
                0x0000000000000939       0x1e /home/akinya/gcc-arm-none-eabi/bin/../lib/gcc/arm-none-eabi/10.3.1/thumb/v7e-m+dp/hard/libgcc.a(_aeabi_uldivmod.o)
 .ARM.attributes
                0x0000000000000957       0x32 /home/akinya/gcc-arm-none-eabi/bin/../lib/gcc/arm-none-eabi/10.3.1/thumb/v7e-m+dp/hard/libgcc.a(_udivmoddi4.o)
 .ARM.attributes
                0x0000000000000989       0x1e /home/akinya/gcc-arm-none-eabi/bin/../lib/gcc/arm-none-eabi/10.3.1/thumb/v7e-m+dp/hard/libgcc.a(_dvmd_tls.o)
 .ARM.attributes
                0x00000000000009a7       0x1e /home/akinya/gcc-arm-none-eabi/bin/../lib/gcc/arm-none-eabi/10.3.1/thumb/v7e-m+dp/hard/crtn.o
OUTPUT(build/GetStart.elf elf32-littlearm)
LOAD linker stubs
LOAD /home/akinya/gcc-arm-none-eabi/bin/../lib/gcc/arm-none-eabi/10.3.1/../../../../arm-none-eabi/lib/thumb/v7e-m+dp/hard/libc.a
LOAD /home/akinya/gcc-arm-none-eabi/bin/../lib/gcc/arm-none-eabi/10.3.1/../../../../arm-none-eabi/lib/thumb/v7e-m+dp/hard/libm.a
LOAD /home/akinya/gcc-arm-none-eabi/bin/../lib/gcc/arm-none-eabi/10.3.1/thumb/v7e-m+dp/hard/libgcc.a

.debug_info     0x0000000000000000    0x11e15
 .debug_info    0x0000000000000000      0x96b build/main.o
 .debug_info    0x000000000000096b      0x755 build/gpio.o
 .debug_info    0x00000000000010c0      0x99b build/stm32h7xx_it.o
 .debug_info    0x0000000000001a5b      0x543 build/stm32h7xx_hal_msp.o
 .debug_info    0x0000000000001f9e     0x1507 build/stm32h7xx_hal_cortex.o
 .debug_info    0x00000000000034a5     0x13bd build/stm32h7xx_hal_rcc.o
 .debug_info    0x0000000000004862     0x1c07 build/stm32h7xx_hal_rcc_ex.o
 .debug_info    0x0000000000006469      0xee1 build/stm32h7xx_hal_gpio.o
 .debug_info    0x000000000000734a     0x10c3 build/stm32h7xx_hal_dma.o
 .debug_info    0x000000000000840d     0x13f3 build/stm32h7xx_hal_pwr_ex.o
 .debug_info    0x0000000000009800     0x18de build/stm32h7xx_hal.o
 .debug_info    0x000000000000b0de      0xeb5 build/system_stm32h7xx.o
 .debug_info    0x000000000000bf93      0x94e build/dma.o
 .debug_info    0x000000000000c8e1     0x18f8 build/usart.o
 .debug_info    0x000000000000e1d9     0x2bac build/stm32h7xx_hal_uart.o
 .debug_info    0x0000000000010d85     0x106e build/stm32h7xx_hal_uart_ex.o
 .debug_info    0x0000000000011df3       0x22 build/startup_stm32h743xx.o

.debug_abbrev   0x0000000000000000     0x2283
 .debug_abbrev  0x0000000000000000      0x234 build/main.o
 .debug_abbrev  0x0000000000000234      0x160 build/gpio.o
 .debug_abbrev  0x0000000000000394      0x157 build/stm32h7xx_it.o
 .debug_abbrev  0x00000000000004eb       0xc8 build/stm32h7xx_hal_msp.o
 .debug_abbrev  0x00000000000005b3      0x395 build/stm32h7xx_hal_cortex.o
 .debug_abbrev  0x0000000000000948      0x269 build/stm32h7xx_hal_rcc.o
 .debug_abbrev  0x0000000000000bb1      0x286 build/stm32h7xx_hal_rcc_ex.o
 .debug_abbrev  0x0000000000000e37      0x253 build/stm32h7xx_hal_gpio.o
 .debug_abbrev  0x000000000000108a      0x2ef build/stm32h7xx_hal_dma.o
 .debug_abbrev  0x0000000000001379      0x2b6 build/stm32h7xx_hal_pwr_ex.o
 .debug_abbrev  0x000000000000162f      0x261 build/stm32h7xx_hal.o
 .debug_abbrev  0x0000000000001890      0x12a build/system_stm32h7xx.o
 .debug_abbrev  0x00000000000019ba      0x129 build/dma.o
 .debug_abbrev  0x0000000000001ae3      0x246 build/usart.o
 .debug_abbrev  0x0000000000001d29      0x2e1 build/stm32h7xx_hal_uart.o
 .debug_abbrev  0x000000000000200a      0x267 build/stm32h7xx_hal_uart_ex.o
 .debug_abbrev  0x0000000000002271       0x12 build/startup_stm32h743xx.o

.debug_loc      0x0000000000000000     0x88b9
 .debug_loc     0x0000000000000000       0x72 build/main.o
 .debug_loc     0x0000000000000072       0x38 build/gpio.o
 .debug_loc     0x00000000000000aa       0x60 build/stm32h7xx_it.o
 .debug_loc     0x000000000000010a       0x2c build/stm32h7xx_hal_msp.o
 .debug_loc     0x0000000000000136      0x786 build/stm32h7xx_hal_cortex.o
 .debug_loc     0x00000000000008bc      0xa81 build/stm32h7xx_hal_rcc.o
 .debug_loc     0x000000000000133d     0x1bd8 build/stm32h7xx_hal_rcc_ex.o
 .debug_loc     0x0000000000002f15      0x483 build/stm32h7xx_hal_gpio.o
 .debug_loc     0x0000000000003398     0x10aa build/stm32h7xx_hal_dma.o
 .debug_loc     0x0000000000004442      0x65b build/stm32h7xx_hal_pwr_ex.o
 .debug_loc     0x0000000000004a9d      0x526 build/stm32h7xx_hal.o
 .debug_loc     0x0000000000004fc3      0x1d8 build/system_stm32h7xx.o
 .debug_loc     0x000000000000519b       0x38 build/dma.o
 .debug_loc     0x00000000000051d3      0x180 build/usart.o
 .debug_loc     0x0000000000005353     0x2962 build/stm32h7xx_hal_uart.o
 .debug_loc     0x0000000000007cb5      0xc04 build/stm32h7xx_hal_uart_ex.o

.debug_aranges  0x0000000000000000      0xa90
 .debug_aranges
                0x0000000000000000       0x30 build/main.o
 .debug_aranges
                0x0000000000000030       0x20 build/gpio.o
 .debug_aranges
                0x0000000000000050       0x78 build/stm32h7xx_it.o
 .debug_aranges
                0x00000000000000c8       0x20 build/stm32h7xx_hal_msp.o
 .debug_aranges
                0x00000000000000e8       0xb0 build/stm32h7xx_hal_cortex.o
 .debug_aranges
                0x0000000000000198       0x88 build/stm32h7xx_hal_rcc.o
 .debug_aranges
                0x0000000000000220       0xf8 build/stm32h7xx_hal_rcc_ex.o
 .debug_aranges
                0x0000000000000318       0x58 build/stm32h7xx_hal_gpio.o
 .debug_aranges
                0x0000000000000370       0xa0 build/stm32h7xx_hal_dma.o
 .debug_aranges
                0x0000000000000410      0x158 build/stm32h7xx_hal_pwr_ex.o
 .debug_aranges
                0x0000000000000568      0x198 build/stm32h7xx_hal.o
 .debug_aranges
                0x0000000000000700       0x28 build/system_stm32h7xx.o
 .debug_aranges
                0x0000000000000728       0x20 build/dma.o
 .debug_aranges
                0x0000000000000748       0x38 build/usart.o
 .debug_aranges
                0x0000000000000780      0x248 build/stm32h7xx_hal_uart.o
 .debug_aranges
                0x00000000000009c8       0xa0 build/stm32h7xx_hal_uart_ex.o
 .debug_aranges
                0x0000000000000a68       0x28 build/startup_stm32h743xx.o

.debug_ranges   0x0000000000000000      0xad0
 .debug_ranges  0x0000000000000000       0x20 build/main.o
 .debug_ranges  0x0000000000000020       0x10 build/gpio.o
 .debug_ranges  0x0000000000000030       0x68 build/stm32h7xx_it.o
 .debug_ranges  0x0000000000000098       0x10 build/stm32h7xx_hal_msp.o
 .debug_ranges  0x00000000000000a8      0x100 build/stm32h7xx_hal_cortex.o
 .debug_ranges  0x00000000000001a8       0xe8 build/stm32h7xx_hal_rcc.o
 .debug_ranges  0x0000000000000290       0xe8 build/stm32h7xx_hal_rcc_ex.o
 .debug_ranges  0x0000000000000378       0x48 build/stm32h7xx_hal_gpio.o
 .debug_ranges  0x00000000000003c0       0xa8 build/stm32h7xx_hal_dma.o
 .debug_ranges  0x0000000000000468      0x1a8 build/stm32h7xx_hal_pwr_ex.o
 .debug_ranges  0x0000000000000610      0x188 build/stm32h7xx_hal.o
 .debug_ranges  0x0000000000000798       0x18 build/system_stm32h7xx.o
 .debug_ranges  0x00000000000007b0       0x10 build/dma.o
 .debug_ranges  0x00000000000007c0       0x28 build/usart.o
 .debug_ranges  0x00000000000007e8      0x238 build/stm32h7xx_hal_uart.o
 .debug_ranges  0x0000000000000a20       0x90 build/stm32h7xx_hal_uart_ex.o
 .debug_ranges  0x0000000000000ab0       0x20 build/startup_stm32h743xx.o

.debug_line     0x0000000000000000     0xbd88
 .debug_line    0x0000000000000000      0x377 build/main.o
 .debug_line    0x0000000000000377      0x194 build/gpio.o
 .debug_line    0x000000000000050b      0x2d4 build/stm32h7xx_it.o
 .debug_line    0x00000000000007df      0x12d build/stm32h7xx_hal_msp.o
 .debug_line    0x000000000000090c      0x75f build/stm32h7xx_hal_cortex.o
 .debug_line    0x000000000000106b     0x11a2 build/stm32h7xx_hal_rcc.o
 .debug_line    0x000000000000220d     0x1d5a build/stm32h7xx_hal_rcc_ex.o
 .debug_line    0x0000000000003f67      0x67c build/stm32h7xx_hal_gpio.o
 .debug_line    0x00000000000045e3     0x23dc build/stm32h7xx_hal_dma.o
 .debug_line    0x00000000000069bf      0xa54 build/stm32h7xx_hal_pwr_ex.o
 .debug_line    0x0000000000007413      0x894 build/stm32h7xx_hal.o
 .debug_line    0x0000000000007ca7      0x409 build/system_stm32h7xx.o
 .debug_line    0x00000000000080b0      0x15d build/dma.o
 .debug_line    0x000000000000820d      0x3e8 build/usart.o
 .debug_line    0x00000000000085f5     0x2c8d build/stm32h7xx_hal_uart.o
 .debug_line    0x000000000000b282      0xa90 build/stm32h7xx_hal_uart_ex.o
 .debug_line    0x000000000000bd12       0x76 build/startup_stm32h743xx.o

.debug_str      0x0000000000000000     0x4503
 .debug_str     0x0000000000000000      0x4ec build/main.o
                                        0x55c (size before relaxing)
 .debug_str     0x00000000000004ec      0x273 build/gpio.o
                                        0x48c (size before relaxing)
 .debug_str     0x000000000000075f      0x62e build/stm32h7xx_it.o
                                        0x832 (size before relaxing)
 .debug_str     0x0000000000000d8d       0x29 build/stm32h7xx_hal_msp.o
                                        0x3db (size before relaxing)
 .debug_str     0x0000000000000db6      0xdc5 build/stm32h7xx_hal_cortex.o
                                       0x1031 (size before relaxing)
 .debug_str     0x0000000000001b7b      0x394 build/stm32h7xx_hal_rcc.o
                                        0xa03 (size before relaxing)
 .debug_str     0x0000000000001f0f      0x9ac build/stm32h7xx_hal_rcc_ex.o
                                        0xee5 (size before relaxing)
 .debug_str     0x00000000000028bb       0xf4 build/stm32h7xx_hal_gpio.o
                                        0x6bd (size before relaxing)
 .debug_str     0x00000000000029af      0x427 build/stm32h7xx_hal_dma.o
                                        0x9b4 (size before relaxing)
 .debug_str     0x0000000000002dd6      0x551 build/stm32h7xx_hal_pwr_ex.o
                                        0xa32 (size before relaxing)
 .debug_str     0x0000000000003327      0x5db build/stm32h7xx_hal.o
                                       0x1499 (size before relaxing)
 .debug_str     0x0000000000003902       0x3d build/system_stm32h7xx.o
                                        0x718 (size before relaxing)
 .debug_str     0x000000000000393f        0xf build/dma.o
                                        0xc12 (size before relaxing)
 .debug_str     0x000000000000394e       0xd6 build/usart.o
                                       0x16de (size before relaxing)
 .debug_str     0x0000000000003a24      0x88f build/stm32h7xx_hal_uart.o
                                       0x1450 (size before relaxing)
 .debug_str     0x00000000000042b3      0x22c build/stm32h7xx_hal_uart_ex.o
                                        0xb1f (size before relaxing)
 .debug_str     0x00000000000044df       0x24 build/startup_stm32h743xx.o
                                         0x51 (size before relaxing)

.comment        0x0000000000000000       0x49
 .comment       0x0000000000000000       0x49 build/main.o
                                         0x4a (size before relaxing)
 .comment       0x0000000000000049       0x4a build/gpio.o
 .comment       0x0000000000000049       0x4a build/stm32h7xx_it.o
 .comment       0x0000000000000049       0x4a build/stm32h7xx_hal_msp.o
 .comment       0x0000000000000049       0x4a build/stm32h7xx_hal_cortex.o
 .comment       0x0000000000000049       0x4a build/stm32h7xx_hal_rcc.o
 .comment       0x0000000000000049       0x4a build/stm32h7xx_hal_rcc_ex.o
 .comment       0x0000000000000049       0x4a build/stm32h7xx_hal_gpio.o
 .comment       0x0000000000000049       0x4a build/stm32h7xx_hal_dma.o
 .comment       0x0000000000000049       0x4a build/stm32h7xx_hal_pwr_ex.o
 .comment       0x0000000000000049       0x4a build/stm32h7xx_hal.o
 .comment       0x0000000000000049       0x4a build/system_stm32h7xx.o
 .comment       0x0000000000000049       0x4a build/dma.o
 .comment       0x0000000000000049       0x4a build/usart.o
 .comment       0x0000000000000049       0x4a build/stm32h7xx_hal_uart.o
 .comment       0x0000000000000049       0x4a build/stm32h7xx_hal_uart_ex.o

.debug_frame    0x0000000000000000     0x2110
 .debug_frame   0x0000000000000000       0x58 build/main.o
 .debug_frame   0x0000000000000058       0x30 build/gpio.o
 .debug_frame   0x0000000000000088       0xe8 build/stm32h7xx_it.o
 .debug_frame   0x0000000000000170       0x28 build/stm32h7xx_hal_msp.o
 .debug_frame   0x0000000000000198      0x158 build/stm32h7xx_hal_cortex.o
 .debug_frame   0x00000000000002f0      0x18c build/stm32h7xx_hal_rcc.o
 .debug_frame   0x000000000000047c      0x26c build/stm32h7xx_hal_rcc_ex.o
 .debug_frame   0x00000000000006e8       0xd0 build/stm32h7xx_hal_gpio.o
 .debug_frame   0x00000000000007b8      0x1fc build/stm32h7xx_hal_dma.o
 .debug_frame   0x00000000000009b4      0x2f4 build/stm32h7xx_hal_pwr_ex.o
 .debug_frame   0x0000000000000ca8      0x360 build/stm32h7xx_hal.o
 .debug_frame   0x0000000000001008       0x3c build/system_stm32h7xx.o
 .debug_frame   0x0000000000001044       0x2c build/dma.o
 .debug_frame   0x0000000000001070       0x80 build/usart.o
 .debug_frame   0x00000000000010f0      0x674 build/stm32h7xx_hal_uart.o
 .debug_frame   0x0000000000001764      0x1c8 build/stm32h7xx_hal_uart_ex.o
 .debug_frame   0x000000000000192c       0x2c /home/akinya/gcc-arm-none-eabi/bin/../lib/gcc/arm-none-eabi/10.3.1/../../../../arm-none-eabi/lib/thumb/v7e-m+dp/hard/libc_nano.a(lib_a-init.o)
 .debug_frame   0x0000000000001958       0x20 /home/akinya/gcc-arm-none-eabi/bin/../lib/gcc/arm-none-eabi/10.3.1/../../../../arm-none-eabi/lib/thumb/v7e-m+dp/hard/libc_nano.a(lib_a-memset.o)
 .debug_frame   0x0000000000001978       0x3c /home/akinya/gcc-arm-none-eabi/bin/../lib/gcc/arm-none-eabi/10.3.1/../../../../arm-none-eabi/lib/thumb/v7e-m+dp/hard/libc_nano.a(lib_a-puts.o)
 .debug_frame   0x00000000000019b4       0x40 /home/akinya/gcc-arm-none-eabi/bin/../lib/gcc/arm-none-eabi/10.3.1/../../../../arm-none-eabi/lib/thumb/v7e-m+dp/hard/libc_nano.a(lib_a-wbuf.o)
 .debug_frame   0x00000000000019f4       0x2c /home/akinya/gcc-arm-none-eabi/bin/../lib/gcc/arm-none-eabi/10.3.1/../../../../arm-none-eabi/lib/thumb/v7e-m+dp/hard/libc_nano.a(lib_a-wsetup.o)
 .debug_frame   0x0000000000001a20       0x5c /home/akinya/gcc-arm-none-eabi/bin/../lib/gcc/arm-none-eabi/10.3.1/../../../../arm-none-eabi/lib/thumb/v7e-m+dp/hard/libc_nano.a(lib_a-fflush.o)
 .debug_frame   0x0000000000001a7c      0x14c /home/akinya/gcc-arm-none-eabi/bin/../lib/gcc/arm-none-eabi/10.3.1/../../../../arm-none-eabi/lib/thumb/v7e-m+dp/hard/libc_nano.a(lib_a-findfp.o)
 .debug_frame   0x0000000000001bc8       0x54 /home/akinya/gcc-arm-none-eabi/bin/../lib/gcc/arm-none-eabi/10.3.1/../../../../arm-none-eabi/lib/thumb/v7e-m+dp/hard/libc_nano.a(lib_a-fwalk.o)
 .debug_frame   0x0000000000001c1c       0xb0 /home/akinya/gcc-arm-none-eabi/bin/../lib/gcc/arm-none-eabi/10.3.1/../../../../arm-none-eabi/lib/thumb/v7e-m+dp/hard/libc_nano.a(lib_a-lock.o)
 .debug_frame   0x0000000000001ccc       0x58 /home/akinya/gcc-arm-none-eabi/bin/../lib/gcc/arm-none-eabi/10.3.1/../../../../arm-none-eabi/lib/thumb/v7e-m+dp/hard/libc_nano.a(lib_a-makebuf.o)
 .debug_frame   0x0000000000001d24       0x38 /home/akinya/gcc-arm-none-eabi/bin/../lib/gcc/arm-none-eabi/10.3.1/../../../../arm-none-eabi/lib/thumb/v7e-m+dp/hard/libc_nano.a(lib_a-nano-freer.o)
 .debug_frame   0x0000000000001d5c       0x4c /home/akinya/gcc-arm-none-eabi/bin/../lib/gcc/arm-none-eabi/10.3.1/../../../../arm-none-eabi/lib/thumb/v7e-m+dp/hard/libc_nano.a(lib_a-nano-mallocr.o)
 .debug_frame   0x0000000000001da8       0x2c /home/akinya/gcc-arm-none-eabi/bin/../lib/gcc/arm-none-eabi/10.3.1/../../../../arm-none-eabi/lib/thumb/v7e-m+dp/hard/libc_nano.a(lib_a-sbrkr.o)
 .debug_frame   0x0000000000001dd4       0x88 /home/akinya/gcc-arm-none-eabi/bin/../lib/gcc/arm-none-eabi/10.3.1/../../../../arm-none-eabi/lib/thumb/v7e-m+dp/hard/libc_nano.a(lib_a-stdio.o)
 .debug_frame   0x0000000000001e5c       0x2c /home/akinya/gcc-arm-none-eabi/bin/../lib/gcc/arm-none-eabi/10.3.1/../../../../arm-none-eabi/lib/thumb/v7e-m+dp/hard/libc_nano.a(lib_a-writer.o)
 .debug_frame   0x0000000000001e88       0x2c /home/akinya/gcc-arm-none-eabi/bin/../lib/gcc/arm-none-eabi/10.3.1/../../../../arm-none-eabi/lib/thumb/v7e-m+dp/hard/libc_nano.a(lib_a-closer.o)
 .debug_frame   0x0000000000001eb4       0x2c /home/akinya/gcc-arm-none-eabi/bin/../lib/gcc/arm-none-eabi/10.3.1/../../../../arm-none-eabi/lib/thumb/v7e-m+dp/hard/libc_nano.a(lib_a-fstatr.o)
 .debug_frame   0x0000000000001ee0       0x2c /home/akinya/gcc-arm-none-eabi/bin/../lib/gcc/arm-none-eabi/10.3.1/../../../../arm-none-eabi/lib/thumb/v7e-m+dp/hard/libc_nano.a(lib_a-isattyr.o)
 .debug_frame   0x0000000000001f0c       0x2c /home/akinya/gcc-arm-none-eabi/bin/../lib/gcc/arm-none-eabi/10.3.1/../../../../arm-none-eabi/lib/thumb/v7e-m+dp/hard/libc_nano.a(lib_a-lseekr.o)
 .debug_frame   0x0000000000001f38       0x30 /home/akinya/gcc-arm-none-eabi/bin/../lib/gcc/arm-none-eabi/10.3.1/../../../../arm-none-eabi/lib/thumb/v7e-m+dp/hard/libc_nano.a(lib_a-mlock.o)
 .debug_frame   0x0000000000001f68       0x2c /home/akinya/gcc-arm-none-eabi/bin/../lib/gcc/arm-none-eabi/10.3.1/../../../../arm-none-eabi/lib/thumb/v7e-m+dp/hard/libc_nano.a(lib_a-readr.o)
 .debug_frame   0x0000000000001f94       0x5c /home/akinya/gcc-arm-none-eabi/bin/../lib/gcc/arm-none-eabi/10.3.1/../../../../arm-none-eabi/lib/thumb/v7e-m+dp/hard/libc_nano.a(lib_a-reent.o)
 .debug_frame   0x0000000000001ff0       0x20 /home/akinya/gcc-arm-none-eabi/bin/../lib/gcc/arm-none-eabi/10.3.1/../../../../arm-none-eabi/lib/thumb/v7e-m+dp/hard/libnosys.a(close.o)
 .debug_frame   0x0000000000002010       0x20 /home/akinya/gcc-arm-none-eabi/bin/../lib/gcc/arm-none-eabi/10.3.1/../../../../arm-none-eabi/lib/thumb/v7e-m+dp/hard/libnosys.a(fstat.o)
 .debug_frame   0x0000000000002030       0x20 /home/akinya/gcc-arm-none-eabi/bin/../lib/gcc/arm-none-eabi/10.3.1/../../../../arm-none-eabi/lib/thumb/v7e-m+dp/hard/libnosys.a(isatty.o)
 .debug_frame   0x0000000000002050       0x20 /home/akinya/gcc-arm-none-eabi/bin/../lib/gcc/arm-none-eabi/10.3.1/../../../../arm-none-eabi/lib/thumb/v7e-m+dp/hard/libnosys.a(lseek.o)
 .debug_frame   0x0000000000002070       0x20 /home/akinya/gcc-arm-none-eabi/bin/../lib/gcc/arm-none-eabi/10.3.1/../../../../arm-none-eabi/lib/thumb/v7e-m+dp/hard/libnosys.a(read.o)
 .debug_frame   0x0000000000002090       0x20 /home/akinya/gcc-arm-none-eabi/bin/../lib/gcc/arm-none-eabi/10.3.1/../../../../arm-none-eabi/lib/thumb/v7e-m+dp/hard/libnosys.a(sbrk.o)
 .debug_frame   0x00000000000020b0       0x2c /home/akinya/gcc-arm-none-eabi/bin/../lib/gcc/arm-none-eabi/10.3.1/thumb/v7e-m+dp/hard/libgcc.a(_aeabi_uldivmod.o)
 .debug_frame   0x00000000000020dc       0x34 /home/akinya/gcc-arm-none-eabi/bin/../lib/gcc/arm-none-eabi/10.3.1/thumb/v7e-m+dp/hard/libgcc.a(_udivmoddi4.o)

.stab           0x0000000000000000       0x84
 .stab          0x0000000000000000       0x24 /home/akinya/gcc-arm-none-eabi/bin/../lib/gcc/arm-none-eabi/10.3.1/../../../../arm-none-eabi/lib/thumb/v7e-m+dp/hard/libnosys.a(close.o)
 .stab          0x0000000000000024       0x18 /home/akinya/gcc-arm-none-eabi/bin/../lib/gcc/arm-none-eabi/10.3.1/../../../../arm-none-eabi/lib/thumb/v7e-m+dp/hard/libnosys.a(fstat.o)
                                         0x24 (size before relaxing)
 .stab          0x000000000000003c       0x18 /home/akinya/gcc-arm-none-eabi/bin/../lib/gcc/arm-none-eabi/10.3.1/../../../../arm-none-eabi/lib/thumb/v7e-m+dp/hard/libnosys.a(isatty.o)
                                         0x24 (size before relaxing)
 .stab          0x0000000000000054       0x18 /home/akinya/gcc-arm-none-eabi/bin/../lib/gcc/arm-none-eabi/10.3.1/../../../../arm-none-eabi/lib/thumb/v7e-m+dp/hard/libnosys.a(lseek.o)
                                         0x24 (size before relaxing)
 .stab          0x000000000000006c       0x18 /home/akinya/gcc-arm-none-eabi/bin/../lib/gcc/arm-none-eabi/10.3.1/../../../../arm-none-eabi/lib/thumb/v7e-m+dp/hard/libnosys.a(read.o)
                                         0x24 (size before relaxing)

.stabstr        0x0000000000000000      0x117
 .stabstr       0x0000000000000000      0x117 /home/akinya/gcc-arm-none-eabi/bin/../lib/gcc/arm-none-eabi/10.3.1/../../../../arm-none-eabi/lib/thumb/v7e-m+dp/hard/libnosys.a(close.o)

Cross Reference Table

Symbol                                            File
ADC3_IRQHandler                                   build/startup_stm32h743xx.o
ADC_IRQHandler                                    build/startup_stm32h743xx.o
BDMA_Channel0_IRQHandler                          build/startup_stm32h743xx.o
BDMA_Channel1_IRQHandler                          build/startup_stm32h743xx.o
BDMA_Channel2_IRQHandler                          build/startup_stm32h743xx.o
BDMA_Channel3_IRQHandler                          build/startup_stm32h743xx.o
BDMA_Channel4_IRQHandler                          build/startup_stm32h743xx.o
BDMA_Channel5_IRQHandler                          build/startup_stm32h743xx.o
BDMA_Channel6_IRQHandler                          build/startup_stm32h743xx.o
BDMA_Channel7_IRQHandler                          build/startup_stm32h743xx.o
BusFault_Handler                                  build/stm32h7xx_it.o
CEC_IRQHandler                                    build/startup_stm32h743xx.o
COMP1_IRQHandler                                  build/startup_stm32h743xx.o
CRS_IRQHandler                                    build/startup_stm32h743xx.o
D1CorePrescTable                                  build/system_stm32h7xx.o
                                                  build/stm32h7xx_hal.o
                                                  build/stm32h7xx_hal_rcc_ex.o
                                                  build/stm32h7xx_hal_rcc.o
DCMI_IRQHandler                                   build/startup_stm32h743xx.o
DFSDM1_FLT0_IRQHandler                            build/startup_stm32h743xx.o
DFSDM1_FLT1_IRQHandler                            build/startup_stm32h743xx.o
DFSDM1_FLT2_IRQHandler                            build/startup_stm32h743xx.o
DFSDM1_FLT3_IRQHandler                            build/startup_stm32h743xx.o
DMA1_Stream0_IRQHandler                           build/stm32h7xx_it.o
DMA1_Stream1_IRQHandler                           build/startup_stm32h743xx.o
DMA1_Stream2_IRQHandler                           build/startup_stm32h743xx.o
DMA1_Stream3_IRQHandler                           build/startup_stm32h743xx.o
DMA1_Stream4_IRQHandler                           build/startup_stm32h743xx.o
DMA1_Stream5_IRQHandler                           build/startup_stm32h743xx.o
DMA1_Stream6_IRQHandler                           build/startup_stm32h743xx.o
DMA1_Stream7_IRQHandler                           build/startup_stm32h743xx.o
DMA2D_IRQHandler                                  build/startup_stm32h743xx.o
DMA2_Stream0_IRQHandler                           build/startup_stm32h743xx.o
DMA2_Stream1_IRQHandler                           build/startup_stm32h743xx.o
DMA2_Stream2_IRQHandler                           build/startup_stm32h743xx.o
DMA2_Stream3_IRQHandler                           build/startup_stm32h743xx.o
DMA2_Stream4_IRQHandler                           build/startup_stm32h743xx.o
DMA2_Stream5_IRQHandler                           build/startup_stm32h743xx.o
DMA2_Stream6_IRQHandler                           build/startup_stm32h743xx.o
DMA2_Stream7_IRQHandler                           build/startup_stm32h743xx.o
DMAMUX1_OVR_IRQHandler                            build/stm32h7xx_it.o
DMAMUX2_OVR_IRQHandler                            build/startup_stm32h743xx.o
DebugMon_Handler                                  build/stm32h7xx_it.o
Default_Handler                                   build/startup_stm32h743xx.o
ECC_IRQHandler                                    build/startup_stm32h743xx.o
ETH_IRQHandler                                    build/startup_stm32h743xx.o
ETH_WKUP_IRQHandler                               build/startup_stm32h743xx.o
EXTI0_IRQHandler                                  build/startup_stm32h743xx.o
EXTI15_10_IRQHandler                              build/startup_stm32h743xx.o
EXTI1_IRQHandler                                  build/startup_stm32h743xx.o
EXTI2_IRQHandler                                  build/startup_stm32h743xx.o
EXTI3_IRQHandler                                  build/startup_stm32h743xx.o
EXTI4_IRQHandler                                  build/startup_stm32h743xx.o
EXTI9_5_IRQHandler                                build/startup_stm32h743xx.o
Error_Handler                                     build/main.o
                                                  build/usart.o
FDCAN1_IT0_IRQHandler                             build/startup_stm32h743xx.o
FDCAN1_IT1_IRQHandler                             build/startup_stm32h743xx.o
FDCAN2_IT0_IRQHandler                             build/startup_stm32h743xx.o
FDCAN2_IT1_IRQHandler                             build/startup_stm32h743xx.o
FDCAN_CAL_IRQHandler                              build/startup_stm32h743xx.o
FLASH_CRC_WaitForLastOperation                    build/stm32h7xx_hal_flash.o
                                                  build/stm32h7xx_hal_flash_ex.o
FLASH_Erase_Sector                                build/stm32h7xx_hal_flash_ex.o
                                                  build/stm32h7xx_hal_flash.o
FLASH_IRQHandler                                  build/startup_stm32h743xx.o
FLASH_OB_WaitForLastOperation                     build/stm32h7xx_hal_flash.o
                                                  build/stm32h7xx_hal_flash_ex.o
FLASH_WaitForLastOperation                        build/stm32h7xx_hal_flash.o
                                                  build/stm32h7xx_hal_flash_ex.o
FMC_IRQHandler                                    build/startup_stm32h743xx.o
FPU_IRQHandler                                    build/startup_stm32h743xx.o
HAL_DBGMCU_DisableDBGSleepMode                    build/stm32h7xx_hal.o
HAL_DBGMCU_DisableDBGStandbyMode                  build/stm32h7xx_hal.o
HAL_DBGMCU_DisableDBGStopMode                     build/stm32h7xx_hal.o
HAL_DBGMCU_EnableDBGSleepMode                     build/stm32h7xx_hal.o
HAL_DBGMCU_EnableDBGStandbyMode                   build/stm32h7xx_hal.o
HAL_DBGMCU_EnableDBGStopMode                      build/stm32h7xx_hal.o
HAL_DMAEx_ChangeMemory                            build/stm32h7xx_hal_dma_ex.o
HAL_DMAEx_ConfigMuxRequestGenerator               build/stm32h7xx_hal_dma_ex.o
HAL_DMAEx_ConfigMuxSync                           build/stm32h7xx_hal_dma_ex.o
HAL_DMAEx_DisableMuxRequestGenerator              build/stm32h7xx_hal_dma_ex.o
HAL_DMAEx_EnableMuxRequestGenerator               build/stm32h7xx_hal_dma_ex.o
HAL_DMAEx_MUX_IRQHandler                          build/stm32h7xx_hal_dma_ex.o
HAL_DMAEx_MultiBufferStart                        build/stm32h7xx_hal_dma_ex.o
HAL_DMAEx_MultiBufferStart_IT                     build/stm32h7xx_hal_dma_ex.o
HAL_DMA_Abort                                     build/stm32h7xx_hal_dma.o
                                                  build/stm32h7xx_hal_uart.o
HAL_DMA_Abort_IT                                  build/stm32h7xx_hal_dma.o
                                                  build/stm32h7xx_hal_uart.o
                                                  build/stm32h7xx_hal_i2c.o
HAL_DMA_DeInit                                    build/stm32h7xx_hal_dma.o
                                                  build/usart.o
HAL_DMA_GetError                                  build/stm32h7xx_hal_dma.o
                                                  build/stm32h7xx_hal_uart.o
                                                  build/stm32h7xx_hal_i2c.o
HAL_DMA_GetState                                  build/stm32h7xx_hal_dma.o
                                                  build/stm32h7xx_hal_i2c.o
HAL_DMA_IRQHandler                                build/stm32h7xx_hal_dma.o
                                                  build/stm32h7xx_it.o
HAL_DMA_Init                                      build/stm32h7xx_hal_dma.o
                                                  build/usart.o
HAL_DMA_PollForTransfer                           build/stm32h7xx_hal_dma.o
HAL_DMA_RegisterCallback                          build/stm32h7xx_hal_dma.o
HAL_DMA_Start                                     build/stm32h7xx_hal_dma.o
HAL_DMA_Start_IT                                  build/stm32h7xx_hal_dma.o
                                                  build/stm32h7xx_hal_uart.o
                                                  build/stm32h7xx_hal_i2c.o
HAL_DMA_UnRegisterCallback                        build/stm32h7xx_hal_dma.o
HAL_DeInit                                        build/stm32h7xx_hal.o
HAL_Delay                                         build/stm32h7xx_hal.o
                                                  build/main.o
HAL_DisableCompensationCell                       build/stm32h7xx_hal.o
HAL_EXTI_ClearConfigLine                          build/stm32h7xx_hal_exti.o
HAL_EXTI_ClearPending                             build/stm32h7xx_hal_exti.o
HAL_EXTI_D1_ClearFlag                             build/stm32h7xx_hal.o
HAL_EXTI_D1_EventInputConfig                      build/stm32h7xx_hal.o
HAL_EXTI_D3_EventInputConfig                      build/stm32h7xx_hal.o
HAL_EXTI_EdgeConfig                               build/stm32h7xx_hal.o
HAL_EXTI_GenerateSWI                              build/stm32h7xx_hal_exti.o
HAL_EXTI_GenerateSWInterrupt                      build/stm32h7xx_hal.o
HAL_EXTI_GetConfigLine                            build/stm32h7xx_hal_exti.o
HAL_EXTI_GetHandle                                build/stm32h7xx_hal_exti.o
HAL_EXTI_GetPending                               build/stm32h7xx_hal_exti.o
HAL_EXTI_IRQHandler                               build/stm32h7xx_hal_exti.o
HAL_EXTI_RegisterCallback                         build/stm32h7xx_hal_exti.o
HAL_EXTI_SetConfigLine                            build/stm32h7xx_hal_exti.o
HAL_EnableCompensationCell                        build/stm32h7xx_hal.o
HAL_FLASHEx_ComputeCRC                            build/stm32h7xx_hal_flash_ex.o
HAL_FLASHEx_Erase                                 build/stm32h7xx_hal_flash_ex.o
HAL_FLASHEx_Erase_IT                              build/stm32h7xx_hal_flash_ex.o
HAL_FLASHEx_Lock_Bank1                            build/stm32h7xx_hal_flash_ex.o
HAL_FLASHEx_Lock_Bank2                            build/stm32h7xx_hal_flash_ex.o
HAL_FLASHEx_OBGetConfig                           build/stm32h7xx_hal_flash_ex.o
HAL_FLASHEx_OBProgram                             build/stm32h7xx_hal_flash_ex.o
HAL_FLASHEx_Unlock_Bank1                          build/stm32h7xx_hal_flash_ex.o
HAL_FLASHEx_Unlock_Bank2                          build/stm32h7xx_hal_flash_ex.o
HAL_FLASH_EndOfOperationCallback                  build/stm32h7xx_hal_flash.o
HAL_FLASH_GetError                                build/stm32h7xx_hal_flash.o
HAL_FLASH_IRQHandler                              build/stm32h7xx_hal_flash.o
HAL_FLASH_Lock                                    build/stm32h7xx_hal_flash.o
HAL_FLASH_OB_Launch                               build/stm32h7xx_hal_flash.o
HAL_FLASH_OB_Lock                                 build/stm32h7xx_hal_flash.o
HAL_FLASH_OB_Unlock                               build/stm32h7xx_hal_flash.o
HAL_FLASH_OperationErrorCallback                  build/stm32h7xx_hal_flash.o
HAL_FLASH_Program                                 build/stm32h7xx_hal_flash.o
HAL_FLASH_Program_IT                              build/stm32h7xx_hal_flash.o
HAL_FLASH_Unlock                                  build/stm32h7xx_hal_flash.o
HAL_GPIO_DeInit                                   build/stm32h7xx_hal_gpio.o
                                                  build/usart.o
HAL_GPIO_EXTI_Callback                            build/stm32h7xx_hal_gpio.o
HAL_GPIO_EXTI_IRQHandler                          build/stm32h7xx_hal_gpio.o
HAL_GPIO_Init                                     build/stm32h7xx_hal_gpio.o
                                                  build/usart.o
                                                  build/stm32h7xx_hal_rcc.o
                                                  build/gpio.o
HAL_GPIO_LockPin                                  build/stm32h7xx_hal_gpio.o
HAL_GPIO_ReadPin                                  build/stm32h7xx_hal_gpio.o
HAL_GPIO_TogglePin                                build/stm32h7xx_hal_gpio.o
                                                  build/main.o
HAL_GPIO_WritePin                                 build/stm32h7xx_hal_gpio.o
                                                  build/gpio.o
HAL_GetCurrentCPUID                               build/stm32h7xx_hal_cortex.o
HAL_GetDEVID                                      build/stm32h7xx_hal.o
HAL_GetFMCMemorySwappingConfig                    build/stm32h7xx_hal.o
HAL_GetHalVersion                                 build/stm32h7xx_hal.o
HAL_GetREVID                                      build/stm32h7xx_hal.o
                                                  build/stm32h7xx_hal_rcc_ex.o
                                                  build/stm32h7xx_hal_rcc.o
HAL_GetTick                                       build/stm32h7xx_hal.o
                                                  build/stm32h7xx_hal_uart_ex.o
                                                  build/stm32h7xx_hal_uart.o
                                                  build/stm32h7xx_hal_i2c.o
                                                  build/stm32h7xx_hal_pwr_ex.o
                                                  build/stm32h7xx_hal_mdma.o
                                                  build/stm32h7xx_hal_dma.o
                                                  build/stm32h7xx_hal_flash.o
                                                  build/stm32h7xx_hal_rcc_ex.o
                                                  build/stm32h7xx_hal_rcc.o
HAL_GetTickFreq                                   build/stm32h7xx_hal.o
HAL_GetTickPrio                                   build/stm32h7xx_hal.o
HAL_GetUIDw0                                      build/stm32h7xx_hal.o
HAL_GetUIDw1                                      build/stm32h7xx_hal.o
HAL_GetUIDw2                                      build/stm32h7xx_hal.o
HAL_HSEM_ActivateNotification                     build/stm32h7xx_hal_hsem.o
HAL_HSEM_DeactivateNotification                   build/stm32h7xx_hal_hsem.o
HAL_HSEM_FastTake                                 build/stm32h7xx_hal_hsem.o
HAL_HSEM_FreeCallback                             build/stm32h7xx_hal_hsem.o
HAL_HSEM_GetClearKey                              build/stm32h7xx_hal_hsem.o
HAL_HSEM_IRQHandler                               build/stm32h7xx_hal_hsem.o
HAL_HSEM_IsSemTaken                               build/stm32h7xx_hal_hsem.o
HAL_HSEM_Release                                  build/stm32h7xx_hal_hsem.o
HAL_HSEM_ReleaseAll                               build/stm32h7xx_hal_hsem.o
HAL_HSEM_SetClearKey                              build/stm32h7xx_hal_hsem.o
HAL_HSEM_Take                                     build/stm32h7xx_hal_hsem.o
HAL_HalfDuplex_EnableReceiver                     build/stm32h7xx_hal_uart.o
HAL_HalfDuplex_EnableTransmitter                  build/stm32h7xx_hal_uart.o
HAL_HalfDuplex_Init                               build/stm32h7xx_hal_uart.o
HAL_I2CEx_ConfigAnalogFilter                      build/stm32h7xx_hal_i2c_ex.o
HAL_I2CEx_ConfigDigitalFilter                     build/stm32h7xx_hal_i2c_ex.o
HAL_I2CEx_DisableFastModePlus                     build/stm32h7xx_hal_i2c_ex.o
HAL_I2CEx_DisableWakeUp                           build/stm32h7xx_hal_i2c_ex.o
HAL_I2CEx_EnableFastModePlus                      build/stm32h7xx_hal_i2c_ex.o
HAL_I2CEx_EnableWakeUp                            build/stm32h7xx_hal_i2c_ex.o
HAL_I2C_AbortCpltCallback                         build/stm32h7xx_hal_i2c.o
HAL_I2C_AddrCallback                              build/stm32h7xx_hal_i2c.o
HAL_I2C_DeInit                                    build/stm32h7xx_hal_i2c.o
HAL_I2C_DisableListen_IT                          build/stm32h7xx_hal_i2c.o
HAL_I2C_ER_IRQHandler                             build/stm32h7xx_hal_i2c.o
HAL_I2C_EV_IRQHandler                             build/stm32h7xx_hal_i2c.o
HAL_I2C_EnableListen_IT                           build/stm32h7xx_hal_i2c.o
HAL_I2C_ErrorCallback                             build/stm32h7xx_hal_i2c.o
HAL_I2C_GetError                                  build/stm32h7xx_hal_i2c.o
HAL_I2C_GetMode                                   build/stm32h7xx_hal_i2c.o
HAL_I2C_GetState                                  build/stm32h7xx_hal_i2c.o
HAL_I2C_Init                                      build/stm32h7xx_hal_i2c.o
HAL_I2C_IsDeviceReady                             build/stm32h7xx_hal_i2c.o
HAL_I2C_ListenCpltCallback                        build/stm32h7xx_hal_i2c.o