Archive member included to satisfy reference by file (symbol)

/home/akinya/gcc-arm-none-eabi/bin/../lib/gcc/arm-none-eabi/10.2.1/../../../../arm-none-eabi/lib/thumb/v7-m/nofp/libc_nano.a(lib_a-exit.o)
                              /home/akinya/gcc-arm-none-eabi/bin/../lib/gcc/arm-none-eabi/10.2.1/../../../../arm-none-eabi/lib/thumb/v7-m/nofp/crt0.o (exit)
/home/akinya/gcc-arm-none-eabi/bin/../lib/gcc/arm-none-eabi/10.2.1/../../../../arm-none-eabi/lib/thumb/v7-m/nofp/libc_nano.a(lib_a-impure.o)
                              /home/akinya/gcc-arm-none-eabi/bin/../lib/gcc/arm-none-eabi/10.2.1/../../../../arm-none-eabi/lib/thumb/v7-m/nofp/libc_nano.a(lib_a-exit.o) (_global_impure_ptr)
/home/akinya/gcc-arm-none-eabi/bin/../lib/gcc/arm-none-eabi/10.2.1/../../../../arm-none-eabi/lib/thumb/v7-m/nofp/libc_nano.a(lib_a-init.o)
                              /home/akinya/gcc-arm-none-eabi/bin/../lib/gcc/arm-none-eabi/10.2.1/../../../../arm-none-eabi/lib/thumb/v7-m/nofp/crt0.o (__libc_init_array)
/home/akinya/gcc-arm-none-eabi/bin/../lib/gcc/arm-none-eabi/10.2.1/../../../../arm-none-eabi/lib/thumb/v7-m/nofp/libc_nano.a(lib_a-memset.o)
                              /home/akinya/gcc-arm-none-eabi/bin/../lib/gcc/arm-none-eabi/10.2.1/../../../../arm-none-eabi/lib/thumb/v7-m/nofp/crt0.o (memset)
/home/akinya/gcc-arm-none-eabi/bin/../lib/gcc/arm-none-eabi/10.2.1/../../../../arm-none-eabi/lib/thumb/v7-m/nofp/libc_nano.a(lib_a-printf.o)
                              build/main.o (printf)
/home/akinya/gcc-arm-none-eabi/bin/../lib/gcc/arm-none-eabi/10.2.1/../../../../arm-none-eabi/lib/thumb/v7-m/nofp/libc_nano.a(lib_a-puts.o)
                              build/GT9147.o (puts)
/home/akinya/gcc-arm-none-eabi/bin/../lib/gcc/arm-none-eabi/10.2.1/../../../../arm-none-eabi/lib/thumb/v7-m/nofp/libc_nano.a(lib_a-strcmp.o)
                              build/GT9147.o (strcmp)
/home/akinya/gcc-arm-none-eabi/bin/../lib/gcc/arm-none-eabi/10.2.1/../../../../arm-none-eabi/lib/thumb/v7-m/nofp/libc_nano.a(lib_a-wbuf.o)
                              /home/akinya/gcc-arm-none-eabi/bin/../lib/gcc/arm-none-eabi/10.2.1/../../../../arm-none-eabi/lib/thumb/v7-m/nofp/libc_nano.a(lib_a-puts.o) (__swbuf_r)
/home/akinya/gcc-arm-none-eabi/bin/../lib/gcc/arm-none-eabi/10.2.1/../../../../arm-none-eabi/lib/thumb/v7-m/nofp/libc_nano.a(lib_a-wsetup.o)
                              /home/akinya/gcc-arm-none-eabi/bin/../lib/gcc/arm-none-eabi/10.2.1/../../../../arm-none-eabi/lib/thumb/v7-m/nofp/libc_nano.a(lib_a-puts.o) (__swsetup_r)
/home/akinya/gcc-arm-none-eabi/bin/../lib/gcc/arm-none-eabi/10.2.1/../../../../arm-none-eabi/lib/thumb/v7-m/nofp/libc_nano.a(lib_a-fflush.o)
                              /home/akinya/gcc-arm-none-eabi/bin/../lib/gcc/arm-none-eabi/10.2.1/../../../../arm-none-eabi/lib/thumb/v7-m/nofp/libc_nano.a(lib_a-wbuf.o) (_fflush_r)
/home/akinya/gcc-arm-none-eabi/bin/../lib/gcc/arm-none-eabi/10.2.1/../../../../arm-none-eabi/lib/thumb/v7-m/nofp/libc_nano.a(lib_a-findfp.o)
                              /home/akinya/gcc-arm-none-eabi/bin/../lib/gcc/arm-none-eabi/10.2.1/../../../../arm-none-eabi/lib/thumb/v7-m/nofp/libc_nano.a(lib_a-printf.o) (__sinit)
/home/akinya/gcc-arm-none-eabi/bin/../lib/gcc/arm-none-eabi/10.2.1/../../../../arm-none-eabi/lib/thumb/v7-m/nofp/libc_nano.a(lib_a-fwalk.o)
                              /home/akinya/gcc-arm-none-eabi/bin/../lib/gcc/arm-none-eabi/10.2.1/../../../../arm-none-eabi/lib/thumb/v7-m/nofp/libc_nano.a(lib_a-findfp.o) (_fwalk)
/home/akinya/gcc-arm-none-eabi/bin/../lib/gcc/arm-none-eabi/10.2.1/../../../../arm-none-eabi/lib/thumb/v7-m/nofp/libc_nano.a(lib_a-lock.o)
                              /home/akinya/gcc-arm-none-eabi/bin/../lib/gcc/arm-none-eabi/10.2.1/../../../../arm-none-eabi/lib/thumb/v7-m/nofp/libc_nano.a(lib_a-findfp.o) (__retarget_lock_init_recursive)
/home/akinya/gcc-arm-none-eabi/bin/../lib/gcc/arm-none-eabi/10.2.1/../../../../arm-none-eabi/lib/thumb/v7-m/nofp/libc_nano.a(lib_a-makebuf.o)
                              /home/akinya/gcc-arm-none-eabi/bin/../lib/gcc/arm-none-eabi/10.2.1/../../../../arm-none-eabi/lib/thumb/v7-m/nofp/libc_nano.a(lib_a-wsetup.o) (__smakebuf_r)
/home/akinya/gcc-arm-none-eabi/bin/../lib/gcc/arm-none-eabi/10.2.1/../../../../arm-none-eabi/lib/thumb/v7-m/nofp/libc_nano.a(lib_a-nano-freer.o)
                              /home/akinya/gcc-arm-none-eabi/bin/../lib/gcc/arm-none-eabi/10.2.1/../../../../arm-none-eabi/lib/thumb/v7-m/nofp/libc_nano.a(lib_a-wsetup.o) (_free_r)
/home/akinya/gcc-arm-none-eabi/bin/../lib/gcc/arm-none-eabi/10.2.1/../../../../arm-none-eabi/lib/thumb/v7-m/nofp/libc_nano.a(lib_a-nano-mallocr.o)
                              /home/akinya/gcc-arm-none-eabi/bin/../lib/gcc/arm-none-eabi/10.2.1/../../../../arm-none-eabi/lib/thumb/v7-m/nofp/libc_nano.a(lib_a-findfp.o) (_malloc_r)
/home/akinya/gcc-arm-none-eabi/bin/../lib/gcc/arm-none-eabi/10.2.1/../../../../arm-none-eabi/lib/thumb/v7-m/nofp/libc_nano.a(lib_a-nano-vfprintf.o)
[...]
Memory Configuration

Name             Origin             Length             Attributes
RAM              0x0000000020000000 0x0000000000010000 xrw
FLASH            0x0000000008000000 0x0000000000080000 xr
*default*        0x0000000000000000 0xffffffffffffffff

Linker script and memory map

LOAD /home/akinya/gcc-arm-none-eabi/bin/../lib/gcc/arm-none-eabi/10.2.1/thumb/v7-m/nofp/crti.o
LOAD /home/akinya/gcc-arm-none-eabi/bin/../lib/gcc/arm-none-eabi/10.2.1/thumb/v7-m/nofp/crtbegin.o
LOAD /home/akinya/gcc-arm-none-eabi/bin/../lib/gcc/arm-none-eabi/10.2.1/../../../../arm-none-eabi/lib/thumb/v7-m/nofp/crt0.o
LOAD build/main.o
LOAD build/gpio.o
LOAD build/fsmc.o
LOAD build/i2c.o
LOAD build/usart.o
LOAD build/LCD.o
LOAD build/GT9147.o
LOAD build/stm32f1xx_it.o
LOAD build/stm32f1xx_hal_msp.o
LOAD build/stm32f1xx_hal_gpio_ex.o
LOAD build/stm32f1xx_ll_fsmc.o
LOAD build/stm32f1xx_hal.o
LOAD build/stm32f1xx_hal_rcc.o
LOAD build/stm32f1xx_hal_rcc_ex.o
LOAD build/stm32f1xx_hal_gpio.o
LOAD build/stm32f1xx_hal_dma.o
LOAD build/stm32f1xx_hal_cortex.o
LOAD build/stm32f1xx_hal_pwr.o
LOAD build/stm32f1xx_hal_flash.o
LOAD build/stm32f1xx_hal_flash_ex.o
LOAD build/stm32f1xx_hal_exti.o
LOAD build/stm32f1xx_hal_sram.o
LOAD build/stm32f1xx_hal_i2c.o
LOAD build/stm32f1xx_hal_tim.o
LOAD build/stm32f1xx_hal_tim_ex.o
LOAD build/stm32f1xx_hal_uart.o
LOAD build/system_stm32f1xx.o
LOAD build/startup_stm32f103xe.o
LOAD /home/akinya/gcc-arm-none-eabi/bin/../lib/gcc/arm-none-eabi/10.2.1/../../../../arm-none-eabi/lib/thumb/v7-m/nofp/libc_nano.a
LOAD /home/akinya/gcc-arm-none-eabi/bin/../lib/gcc/arm-none-eabi/10.2.1/../../../../arm-none-eabi/lib/thumb/v7-m/nofp/libm.a
LOAD /home/akinya/gcc-arm-none-eabi/bin/../lib/gcc/arm-none-eabi/10.2.1/../../../../arm-none-eabi/lib/thumb/v7-m/nofp/libnosys.a
START GROUP
LOAD /home/akinya/gcc-arm-none-eabi/bin/../lib/gcc/arm-none-eabi/10.2.1/thumb/v7-m/nofp/libgcc.a
LOAD /home/akinya/gcc-arm-none-eabi/bin/../lib/gcc/arm-none-eabi/10.2.1/../../../../arm-none-eabi/lib/thumb/v7-m/nofp/libc_nano.a
END GROUP
START GROUP
LOAD /home/akinya/gcc-arm-none-eabi/bin/../lib/gcc/arm-none-eabi/10.2.1/thumb/v7-m/nofp/libgcc.a
LOAD /home/akinya/gcc-arm-none-eabi/bin/../lib/gcc/arm-none-eabi/10.2.1/../../../../arm-none-eabi/lib/thumb/v7-m/nofp/libc_nano.a
END GROUP
LOAD /home/akinya/gcc-arm-none-eabi/bin/../lib/gcc/arm-none-eabi/10.2.1/thumb/v7-m/nofp/crtend.o
LOAD /home/akinya/gcc-arm-none-eabi/bin/../lib/gcc/arm-none-eabi/10.2.1/thumb/v7-m/nofp/crtn.o
                0x0000000020010000                _estack = 0x20010000
                0x0000000000000200                _Min_Heap_Size = 0x200
                0x0000000000000400                _Min_Stack_Size = 0x400

.isr_vector     0x0000000008000000      0x1e4
                0x0000000008000000                . = ALIGN (0x4)
 *(.isr_vector)
 .isr_vector    0x0000000008000000      0x1e4 build/startup_stm32f103xe.o
                0x0000000008000000                g_pfnVectors
                0x00000000080001e4                . = ALIGN (0x4)

.text           0x00000000080001e8     0x62d4
                0x00000000080001e8                . = ALIGN (0x4)
 *(.text)
 .text          0x00000000080001e8       0x40 /home/akinya/gcc-arm-none-eabi/bin/../lib/gcc/arm-none-eabi/10.2.1/thumb/v7-m/nofp/crtbegin.o
 .text          0x0000000008000228       0x14 /home/akinya/gcc-arm-none-eabi/bin/../lib/gcc/arm-none-eabi/10.2.1/../../../../arm-none-eabi/lib/thumb/v7-m/nofp/libc_nano.a(lib_a-strcmp.o)
                0x0000000008000228                strcmp
 .text          0x000000000800023c      0x254 /home/akinya/gcc-arm-none-eabi/bin/../lib/gcc/arm-none-eabi/10.2.1/thumb/v7-m/nofp/libgcc.a(_arm_muldf3.o)
                0x000000000800023c                __aeabi_dmul
                0x000000000800023c                __muldf3
 .text          0x0000000008000490      0x168 /home/akinya/gcc-arm-none-eabi/bin/../lib/gcc/arm-none-eabi/10.2.1/thumb/v7-m/nofp/libgcc.a(_arm_mulsf3.o)
                0x0000000008000490                __mulsf3
                0x0000000008000490                __aeabi_fmul
 .text          0x00000000080005f8      0x378 /home/akinya/gcc-arm-none-eabi/bin/../lib/gcc/arm-none-eabi/10.2.1/thumb/v7-m/nofp/libgcc.a(_arm_addsubdf3.o)
                0x00000000080005f8                __aeabi_drsub
                0x0000000008000600                __aeabi_dsub
                0x0000000008000600                __subdf3
                0x0000000008000604                __adddf3
                0x0000000008000604                __aeabi_dadd
                0x000000000800087c                __aeabi_ui2d
                0x000000000800087c                __floatunsidf
                0x000000000800089c                __floatsidf
                0x000000000800089c                __aeabi_i2d
                0x00000000080008c0                __extendsfdf2
                0x00000000080008c0                __aeabi_f2d
                0x0000000008000904                __aeabi_ul2d
                0x0000000008000904                __floatundidf
                0x0000000008000914                __floatdidf
                0x0000000008000914                __aeabi_l2d
 .text          0x0000000008000970       0x40 /home/akinya/gcc-arm-none-eabi/bin/../lib/gcc/arm-none-eabi/10.2.1/thumb/v7-m/nofp/libgcc.a(_arm_fixunsdfsi.o)
                0x0000000008000970                __fixunsdfsi
                0x0000000008000970                __aeabi_d2uiz
 .text          0x00000000080009b0      0x21c /home/akinya/gcc-arm-none-eabi/bin/../lib/gcc/arm-none-eabi/10.2.1/thumb/v7-m/nofp/libgcc.a(_arm_addsubsf3.o)
                0x00000000080009b0                __aeabi_frsub
                0x00000000080009b8                __subsf3
                0x00000000080009b8                __aeabi_fsub
                0x00000000080009bc                __aeabi_fadd
                0x00000000080009bc                __addsf3
                0x0000000008000b1c                __aeabi_ui2f
                0x0000000008000b1c                __floatunsisf
                0x0000000008000b24                __aeabi_i2f
                0x0000000008000b24                __floatsisf
                0x0000000008000b40                __floatundisf
                0x0000000008000b40                __aeabi_ul2f
                0x0000000008000b50                __floatdisf
                0x0000000008000b50                __aeabi_l2f
 .text          0x0000000008000bcc       0x40 /home/akinya/gcc-arm-none-eabi/bin/../lib/gcc/arm-none-eabi/10.2.1/thumb/v7-m/nofp/libgcc.a(_arm_fixunssfsi.o)
                0x0000000008000bcc                __aeabi_f2uiz
                0x0000000008000bcc                __fixunssfsi
 *(.text*)
 .text.touchdev_test
                0x0000000008000c0c       0x7c build/main.o
                0x0000000008000c0c                touchdev_test
 .text.Error_Handler
                0x0000000008000c88        0x4 build/main.o
                0x0000000008000c88                Error_Handler
 .text.SystemClock_Config
                0x0000000008000c8c       0x64 build/main.o
                0x0000000008000c8c                SystemClock_Config
 .text.main     0x0000000008000cf0       0x7c build/main.o
                0x0000000008000cf0                main
 .text.MX_GPIO_Init
                0x0000000008000d6c       0xd0 build/gpio.o
                0x0000000008000d6c                MX_GPIO_Init
 .text.HAL_FSMC_MspInit
                0x0000000008000e3c       0x84 build/fsmc.o
 .text.MX_FSMC_Init
                0x0000000008000ec0       0x9c build/fsmc.o
                0x0000000008000ec0                MX_FSMC_Init
 .text.HAL_SRAM_MspInit
                0x0000000008000f5c        0x8 build/fsmc.o
                0x0000000008000f5c                HAL_SRAM_MspInit
 .text.MX_I2C2_Init
                0x0000000008000f64       0x3c build/i2c.o
                0x0000000008000f64                MX_I2C2_Init
 .text.HAL_I2C_MspInit
                0x0000000008000fa0       0x64 build/i2c.o
                0x0000000008000fa0                HAL_I2C_MspInit
 .text.MX_USART1_UART_Init
                0x0000000008001004       0x34 build/usart.o
                0x0000000008001004                MX_USART1_UART_Init
 .text.HAL_UART_MspInit
                0x0000000008001038       0x78 build/usart.o
                0x0000000008001038                HAL_UART_MspInit
 .text._write   0x00000000080010b0       0x18 build/usart.o
                0x00000000080010b0                _write
 .text.LCD_WR_REG
                0x00000000080010c8       0x24 build/LCD.o
                0x00000000080010c8                LCD_WR_REG
 .text.LCD_WR_DATA
                0x00000000080010ec       0x24 build/LCD.o
                0x00000000080010ec                LCD_WR_DATA
 .text.LCD_RD_DATA
                0x0000000008001110       0x1c build/LCD.o
                0x0000000008001110                LCD_RD_DATA
 .text.LCD_WriteReg
                0x000000000800112c       0x10 build/LCD.o
                0x000000000800112c                LCD_WriteReg
 .text.LCD_WriteRAM_Prepare
                0x000000000800113c       0x14 build/LCD.o
                0x000000000800113c                LCD_WriteRAM_Prepare
 .text.LCD_SetCursor
                0x0000000008001150      0x11c build/LCD.o
                0x0000000008001150                LCD_SetCursor
 .text.LCD_Scan_Dir
                0x000000000800126c      0x200 build/LCD.o
                0x000000000800126c                LCD_Scan_Dir
 *fill*         0x000000000800146c        0x4 
 .text.LCD_SSD_BackLightSet
                0x0000000008001470       0x50 build/LCD.o
                0x0000000008001470                LCD_SSD_BackLightSet
 .text.LCD_Display_Dir
                0x00000000080014c0      0x138 build/LCD.o
                0x00000000080014c0                LCD_Display_Dir
 .text.LCD_Clear
                0x00000000080015f8       0x38 build/LCD.o
                0x00000000080015f8                LCD_Clear
 .text.LCD_Init
                0x0000000008001630     0x2308 build/LCD.o
                0x0000000008001630                LCD_Init
 .text.delay_us
                0x0000000008003938       0x14 build/GT9147.o
                0x0000000008003938                delay_us
 .text.TP_Write_Byte
                0x000000000800394c       0x5c build/GT9147.o
                0x000000000800394c                TP_Write_Byte
 .text.TP_Read_AD
                0x00000000080039a8       0xbc build/GT9147.o
                0x00000000080039a8                TP_Read_AD
 .text.TP_Read_XOY
                0x0000000008003a64       0x98 build/GT9147.o
                0x0000000008003a64                TP_Read_XOY
 .text.TP_Read_XY
                0x0000000008003afc       0x28 build/GT9147.o
                0x0000000008003afc                TP_Read_XY
 .text.TP_Read_XY2
                0x0000000008003b24       0x8c build/GT9147.o
                0x0000000008003b24                TP_Read_XY2
 .text.TP_Scan  0x0000000008003bb0       0xd8 build/GT9147.o
                0x0000000008003bb0                TP_Scan
 .text.CT_Delay
                0x0000000008003c88        0xa build/GT9147.o
                0x0000000008003c88                CT_Delay
 *fill*         0x0000000008003c92        0x2 
 .text.CT_IIC_Init
                0x0000000008003c94       0x80 build/GT9147.o
                0x0000000008003c94                CT_IIC_Init
 .text.CT_IIC_Start
                0x0000000008003d14       0x58 build/GT9147.o
                0x0000000008003d14                CT_IIC_Start
 .text.CT_IIC_Stop
                0x0000000008003d6c       0x4c build/GT9147.o
                0x0000000008003d6c                CT_IIC_Stop
 .text.CT_IIC_Wait_Ack
                0x0000000008003db8       0x68 build/GT9147.o
                0x0000000008003db8                CT_IIC_Wait_Ack
 .text.CT_IIC_Ack
                0x0000000008003e20       0x58 build/GT9147.o
                0x0000000008003e20                CT_IIC_Ack
 .text.CT_IIC_NAck
                0x0000000008003e78       0x58 build/GT9147.o
                0x0000000008003e78                CT_IIC_NAck
 .text.CT_IIC_Send_Byte
                0x0000000008003ed0       0x68 build/GT9147.o
                0x0000000008003ed0                CT_IIC_Send_Byte
 .text.GT9147_WR_Reg
                0x0000000008003f38       0x50 build/GT9147.o
                0x0000000008003f38                GT9147_WR_Reg
 .text.GT9147_Send_Cfg
                0x0000000008003f88       0x54 build/GT9147.o
                0x0000000008003f88                GT9147_Send_Cfg
 .text.CT_IIC_Read_Byte
                0x0000000008003fdc       0x74 build/GT9147.o
                0x0000000008003fdc                CT_IIC_Read_Byte
 .text.GT9147_RD_Reg
                0x0000000008004050       0x58 build/GT9147.o
                0x0000000008004050                GT9147_RD_Reg
 .text.GT9147_Init
                0x00000000080040a8      0x110 build/GT9147.o
                0x00000000080040a8                GT9147_Init
 .text.TP_Init  0x00000000080041b8       0x60 build/GT9147.o
                0x00000000080041b8                TP_Init
 .text.GT9147_Scan
                0x0000000008004218      0x1e8 build/GT9147.o
                0x0000000008004218                GT9147_Scan
 .text.NMI_Handler
                0x0000000008004400        0x2 build/stm32f1xx_it.o
                0x0000000008004400                NMI_Handler
 .text.HardFault_Handler
                0x0000000008004402        0x2 build/stm32f1xx_it.o
                0x0000000008004402                HardFault_Handler
 .text.MemManage_Handler
                0x0000000008004404        0x2 build/stm32f1xx_it.o
                0x0000000008004404                MemManage_Handler
 .text.BusFault_Handler
                0x0000000008004406        0x2 build/stm32f1xx_it.o
                0x0000000008004406                BusFault_Handler
 .text.UsageFault_Handler
                0x0000000008004408        0x2 build/stm32f1xx_it.o
                0x0000000008004408                UsageFault_Handler
 .text.SVC_Handler
                0x000000000800440a        0x2 build/stm32f1xx_it.o
                0x000000000800440a                SVC_Handler
 .text.DebugMon_Handler
                0x000000000800440c        0x2 build/stm32f1xx_it.o
                0x000000000800440c                DebugMon_Handler
 .text.PendSV_Handler
                0x000000000800440e        0x2 build/stm32f1xx_it.o
                0x000000000800440e                PendSV_Handler
 .text.SysTick_Handler
                0x0000000008004410        0x8 build/stm32f1xx_it.o
                0x0000000008004410                SysTick_Handler
 .text.HAL_MspInit
                0x0000000008004418       0x44 build/stm32f1xx_hal_msp.o
                0x0000000008004418                HAL_MspInit
 .text.FSMC_NORSRAM_Init
                0x000000000800445c       0x68 build/stm32f1xx_ll_fsmc.o
                0x000000000800445c                FSMC_NORSRAM_Init
 .text.FSMC_NORSRAM_Timing_Init
                0x00000000080044c4       0x50 build/stm32f1xx_ll_fsmc.o
                0x00000000080044c4                FSMC_NORSRAM_Timing_Init
 .text.FSMC_NORSRAM_Extended_Timing_Init
                0x0000000008004514       0x44 build/stm32f1xx_ll_fsmc.o
                0x0000000008004514                FSMC_NORSRAM_Extended_Timing_Init
 .text.HAL_InitTick
                0x0000000008004558       0x4c build/stm32f1xx_hal.o
                0x0000000008004558                HAL_InitTick
 .text.HAL_Init
                0x00000000080045a4       0x24 build/stm32f1xx_hal.o
                0x00000000080045a4                HAL_Init
 .text.HAL_IncTick
                0x00000000080045c8       0x18 build/stm32f1xx_hal.o
                0x00000000080045c8                HAL_IncTick
 .text.HAL_GetTick
                0x00000000080045e0        0xc build/stm32f1xx_hal.o
                0x00000000080045e0                HAL_GetTick
 .text.HAL_Delay
                0x00000000080045ec       0x28 build/stm32f1xx_hal.o
                0x00000000080045ec                HAL_Delay
 .text.RCC_Delay
                0x0000000008004614       0x2c build/stm32f1xx_hal_rcc.o
 .text.HAL_RCC_OscConfig
                0x0000000008004640      0x410 build/stm32f1xx_hal_rcc.o
                0x0000000008004640                HAL_RCC_OscConfig
 .text.HAL_RCC_GetSysClockFreq
                0x0000000008004a50       0x6c build/stm32f1xx_hal_rcc.o
                0x0000000008004a50                HAL_RCC_GetSysClockFreq
 .text.HAL_RCC_ClockConfig
                0x0000000008004abc      0x16c build/stm32f1xx_hal_rcc.o
                0x0000000008004abc                HAL_RCC_ClockConfig
 .text.HAL_RCC_GetHCLKFreq
                0x0000000008004c28        0xc build/stm32f1xx_hal_rcc.o
                0x0000000008004c28                HAL_RCC_GetHCLKFreq
 .text.HAL_RCC_GetPCLK1Freq
                0x0000000008004c34       0x20 build/stm32f1xx_hal_rcc.o
                0x0000000008004c34                HAL_RCC_GetPCLK1Freq
 .text.HAL_RCC_GetPCLK2Freq
                0x0000000008004c54       0x20 build/stm32f1xx_hal_rcc.o
                0x0000000008004c54                HAL_RCC_GetPCLK2Freq
 .text.HAL_GPIO_Init
                0x0000000008004c74      0x240 build/stm32f1xx_hal_gpio.o
                0x0000000008004c74                HAL_GPIO_Init
 .text.HAL_GPIO_ReadPin
                0x0000000008004eb4        0xe build/stm32f1xx_hal_gpio.o
                0x0000000008004eb4                HAL_GPIO_ReadPin
 .text.HAL_GPIO_WritePin
                0x0000000008004ec2        0xc build/stm32f1xx_hal_gpio.o
                0x0000000008004ec2                HAL_GPIO_WritePin
 .text.HAL_GPIO_TogglePin
                0x0000000008004ece       0x12 build/stm32f1xx_hal_gpio.o
                0x0000000008004ece                HAL_GPIO_TogglePin
 .text.HAL_NVIC_SetPriorityGrouping
                0x0000000008004ee0       0x24 build/stm32f1xx_hal_cortex.o
                0x0000000008004ee0                HAL_NVIC_SetPriorityGrouping
 .text.HAL_NVIC_SetPriority
                0x0000000008004f04       0x70 build/stm32f1xx_hal_cortex.o
                0x0000000008004f04                HAL_NVIC_SetPriority
 .text.HAL_SYSTICK_Config
                0x0000000008004f74       0x28 build/stm32f1xx_hal_cortex.o
                0x0000000008004f74                HAL_SYSTICK_Config
 .text.HAL_SRAM_Init
                0x0000000008004f9c       0x64 build/stm32f1xx_hal_sram.o
                0x0000000008004f9c                HAL_SRAM_Init
 .text.HAL_I2C_Init
                0x0000000008005000      0x1bc build/stm32f1xx_hal_i2c.o
                0x0000000008005000                HAL_I2C_Init
 .text.UART_SetConfig
                0x00000000080051bc       0x94 build/stm32f1xx_hal_uart.o
 .text.UART_WaitOnFlagUntilTimeout
                0x0000000008005250       0x6c build/stm32f1xx_hal_uart.o
 .text.HAL_UART_Init
                0x00000000080052bc       0x5e build/stm32f1xx_hal_uart.o
                0x00000000080052bc                HAL_UART_Init
 .text.HAL_UART_Transmit
                0x000000000800531a       0xd8 build/stm32f1xx_hal_uart.o
                0x000000000800531a                HAL_UART_Transmit
 .text.SystemInit
                0x00000000080053f2        0x2 build/system_stm32f1xx.o
                0x00000000080053f2                SystemInit
 .text.Reset_Handler
                0x00000000080053f4       0x48 build/startup_stm32f103xe.o
                0x00000000080053f4                Reset_Handler
 .text.Default_Handler
                0x000000000800543c        0x2 build/startup_stm32f103xe.o
                0x000000000800543c                RTC_Alarm_IRQHandler
                0x000000000800543c                EXTI2_IRQHandler
                0x000000000800543c                TIM8_TRG_COM_IRQHandler
                0x000000000800543c                TIM8_CC_IRQHandler
                0x000000000800543c                TIM1_CC_IRQHandler
                0x000000000800543c                TIM6_IRQHandler
                0x000000000800543c                PVD_IRQHandler
                0x000000000800543c                SDIO_IRQHandler
                0x000000000800543c                EXTI3_IRQHandler
                0x000000000800543c                EXTI0_IRQHandler
                0x000000000800543c                I2C2_EV_IRQHandler
                0x000000000800543c                ADC1_2_IRQHandler
                0x000000000800543c                SPI1_IRQHandler
                0x000000000800543c                TAMPER_IRQHandler
                0x000000000800543c                TIM8_UP_IRQHandler
                0x000000000800543c                DMA2_Channel2_IRQHandler
                0x000000000800543c                DMA1_Channel4_IRQHandler
                0x000000000800543c                USART3_IRQHandler
                0x000000000800543c                RTC_IRQHandler
                0x000000000800543c                DMA1_Channel7_IRQHandler
                0x000000000800543c                CAN1_RX1_IRQHandler
                0x000000000800543c                UART5_IRQHandler
                0x000000000800543c                ADC3_IRQHandler
                0x000000000800543c                TIM4_IRQHandler
                0x000000000800543c                DMA2_Channel1_IRQHandler
                0x000000000800543c                I2C1_EV_IRQHandler
                0x000000000800543c                DMA1_Channel6_IRQHandler
                0x000000000800543c                UART4_IRQHandler
                0x000000000800543c                TIM3_IRQHandler
                0x000000000800543c                RCC_IRQHandler
                0x000000000800543c                TIM1_TRG_COM_IRQHandler
                0x000000000800543c                DMA1_Channel1_IRQHandler
                0x000000000800543c                Default_Handler
                0x000000000800543c                EXTI15_10_IRQHandler
                0x000000000800543c                TIM7_IRQHandler
                0x000000000800543c                TIM5_IRQHandler
                0x000000000800543c                EXTI9_5_IRQHandler
                0x000000000800543c                SPI2_IRQHandler
                0x000000000800543c                DMA1_Channel5_IRQHandler
                0x000000000800543c                EXTI4_IRQHandler
                0x000000000800543c                USB_LP_CAN1_RX0_IRQHandler
                0x000000000800543c                USB_HP_CAN1_TX_IRQHandler
                0x000000000800543c                DMA1_Channel3_IRQHandler
                0x000000000800543c                FSMC_IRQHandler
                0x000000000800543c                TIM1_UP_IRQHandler
                0x000000000800543c                WWDG_IRQHandler
                0x000000000800543c                TIM2_IRQHandler
                0x000000000800543c                TIM1_BRK_IRQHandler
                0x000000000800543c                EXTI1_IRQHandler
                0x000000000800543c                DMA2_Channel4_5_IRQHandler
                0x000000000800543c                USART2_IRQHandler
                0x000000000800543c                I2C2_ER_IRQHandler
                0x000000000800543c                DMA1_Channel2_IRQHandler
                0x000000000800543c                TIM8_BRK_IRQHandler
                0x000000000800543c                CAN1_SCE_IRQHandler
                0x000000000800543c                FLASH_IRQHandler
                0x000000000800543c                USART1_IRQHandler
                0x000000000800543c                SPI3_IRQHandler
                0x000000000800543c                I2C1_ER_IRQHandler
                0x000000000800543c                USBWakeUp_IRQHandler
                0x000000000800543c                DMA2_Channel3_IRQHandler
 *fill*         0x000000000800543e        0x2 
 .text.__libc_init_array
                0x0000000008005440       0x48 /home/akinya/gcc-arm-none-eabi/bin/../lib/gcc/arm-none-eabi/10.2.1/../../../../arm-none-eabi/lib/thumb/v7-m/nofp/libc_nano.a(lib_a-init.o)
                0x0000000008005440                __libc_init_array
 .text.memset   0x0000000008005488       0x10 /home/akinya/gcc-arm-none-eabi/bin/../lib/gcc/arm-none-eabi/10.2.1/../../../../arm-none-eabi/lib/thumb/v7-m/nofp/libc_nano.a(lib_a-memset.o)
                0x0000000008005488                memset
 .text.printf   0x0000000008005498       0x30 /home/akinya/gcc-arm-none-eabi/bin/../lib/gcc/arm-none-eabi/10.2.1/../../../../arm-none-eabi/lib/thumb/v7-m/nofp/libc_nano.a(lib_a-printf.o)
                0x0000000008005498                printf
                0x0000000008005498                iprintf
 .text._puts_r  0x00000000080054c8       0xdc /home/akinya/gcc-arm-none-eabi/bin/../lib/gcc/arm-none-eabi/10.2.1/../../../../arm-none-eabi/lib/thumb/v7-m/nofp/libc_nano.a(lib_a-puts.o)
                0x00000000080054c8                _puts_r
 .text.puts     0x00000000080055a4       0x10 /home/akinya/gcc-arm-none-eabi/bin/../lib/gcc/arm-none-eabi/10.2.1/../../../../arm-none-eabi/lib/thumb/v7-m/nofp/libc_nano.a(lib_a-puts.o)
                0x00000000080055a4                puts
 .text.__swbuf_r
                0x00000000080055b4       0xa4 /home/akinya/gcc-arm-none-eabi/bin/../lib/gcc/arm-none-eabi/10.2.1/../../../../arm-none-eabi/lib/thumb/v7-m/nofp/libc_nano.a(lib_a-wbuf.o)
                0x00000000080055b4                __swbuf_r
 .text.__swsetup_r
                0x0000000008005658       0xdc /home/akinya/gcc-arm-none-eabi/bin/../lib/gcc/arm-none-eabi/10.2.1/../../../../arm-none-eabi/lib/thumb/v7-m/nofp/libc_nano.a(lib_a-wsetup.o)
                0x0000000008005658                __swsetup_r
 .text.__sflush_r
                0x0000000008005734      0x104 /home/akinya/gcc-arm-none-eabi/bin/../lib/gcc/arm-none-eabi/10.2.1/../../../../arm-none-eabi/lib/thumb/v7-m/nofp/libc_nano.a(lib_a-fflush.o)
                0x0000000008005734                __sflush_r
 .text._fflush_r
                0x0000000008005838       0x78 /home/akinya/gcc-arm-none-eabi/bin/../lib/gcc/arm-none-eabi/10.2.1/../../../../arm-none-eabi/lib/thumb/v7-m/nofp/libc_nano.a(lib_a-fflush.o)
                0x0000000008005838                _fflush_r
 .text.std      0x00000000080058b0       0x48 /home/akinya/gcc-arm-none-eabi/bin/../lib/gcc/arm-none-eabi/10.2.1/../../../../arm-none-eabi/lib/thumb/v7-m/nofp/libc_nano.a(lib_a-findfp.o)
 .text._cleanup_r
                0x00000000080058f8        0xc /home/akinya/gcc-arm-none-eabi/bin/../lib/gcc/arm-none-eabi/10.2.1/../../../../arm-none-eabi/lib/thumb/v7-m/nofp/libc_nano.a(lib_a-findfp.o)
                0x00000000080058f8                _cleanup_r
 .text.__sfmoreglue
                0x0000000008005904       0x2c /home/akinya/gcc-arm-none-eabi/bin/../lib/gcc/arm-none-eabi/10.2.1/../../../../arm-none-eabi/lib/thumb/v7-m/nofp/libc_nano.a(lib_a-findfp.o)
                0x0000000008005904                __sfmoreglue
 .text.__sfp_lock_acquire
                0x0000000008005930        0xc /home/akinya/gcc-arm-none-eabi/bin/../lib/gcc/arm-none-eabi/10.2.1/../../../../arm-none-eabi/lib/thumb/v7-m/nofp/libc_nano.a(lib_a-findfp.o)
                0x0000000008005930                __sfp_lock_acquire
 .text.__sfp_lock_release
                0x000000000800593c        0xc /home/akinya/gcc-arm-none-eabi/bin/../lib/gcc/arm-none-eabi/10.2.1/../../../../arm-none-eabi/lib/thumb/v7-m/nofp/libc_nano.a(lib_a-findfp.o)
                0x000000000800593c                __sfp_lock_release
 .text.__sinit_lock_acquire
                0x0000000008005948        0xc /home/akinya/gcc-arm-none-eabi/bin/../lib/gcc/arm-none-eabi/10.2.1/../../../../arm-none-eabi/lib/thumb/v7-m/nofp/libc_nano.a(lib_a-findfp.o)
                0x0000000008005948                __sinit_lock_acquire
 .text.__sinit_lock_release
                0x0000000008005954        0xc /home/akinya/gcc-arm-none-eabi/bin/../lib/gcc/arm-none-eabi/10.2.1/../../../../arm-none-eabi/lib/thumb/v7-m/nofp/libc_nano.a(lib_a-findfp.o)
                0x0000000008005954                __sinit_lock_release
 .text.__sinit  0x0000000008005960       0x70 /home/akinya/gcc-arm-none-eabi/bin/../lib/gcc/arm-none-eabi/10.2.1/../../../../arm-none-eabi/lib/thumb/v7-m/nofp/libc_nano.a(lib_a-findfp.o)
                0x0000000008005960                __sinit
 .text.__sfp    0x00000000080059d0       0x8c /home/akinya/gcc-arm-none-eabi/bin/../lib/gcc/arm-none-eabi/10.2.1/../../../../arm-none-eabi/lib/thumb/v7-m/nofp/libc_nano.a(lib_a-findfp.o)
                0x00000000080059d0                __sfp
 .text._fwalk_reent
                0x0000000008005a5c       0x3e /home/akinya/gcc-arm-none-eabi/bin/../lib/gcc/arm-none-eabi/10.2.1/../../../../arm-none-eabi/lib/thumb/v7-m/nofp/libc_nano.a(lib_a-fwalk.o)
                0x0000000008005a5c                _fwalk_reent
 .text.__retarget_lock_init_recursive
                0x0000000008005a9a        0x2 /home/akinya/gcc-arm-none-eabi/bin/../lib/gcc/arm-none-eabi/10.2.1/../../../../arm-none-eabi/lib/thumb/v7-m/nofp/libc_nano.a(lib_a-lock.o)
                0x0000000008005a9a                __retarget_lock_init_recursive
 .text.__retarget_lock_acquire_recursive
                0x0000000008005a9c        0x2 /home/akinya/gcc-arm-none-eabi/bin/../lib/gcc/arm-none-eabi/10.2.1/../../../../arm-none-eabi/lib/thumb/v7-m/nofp/libc_nano.a(lib_a-lock.o)
                0x0000000008005a9c                __retarget_lock_acquire_recursive
 .text.__retarget_lock_release_recursive
                0x0000000008005a9e        0x2 /home/akinya/gcc-arm-none-eabi/bin/../lib/gcc/arm-none-eabi/10.2.1/../../../../arm-none-eabi/lib/thumb/v7-m/nofp/libc_nano.a(lib_a-lock.o)
                0x0000000008005a9e                __retarget_lock_release_recursive
 .text.__swhatbuf_r
                0x0000000008005aa0       0x4a /home/akinya/gcc-arm-none-eabi/bin/../lib/gcc/arm-none-eabi/10.2.1/../../../../arm-none-eabi/lib/thumb/v7-m/nofp/libc_nano.a(lib_a-makebuf.o)
                0x0000000008005aa0                __swhatbuf_r
 *fill*         0x0000000008005aea        0x2 
 .text.__smakebuf_r
                0x0000000008005aec       0x80 /home/akinya/gcc-arm-none-eabi/bin/../lib/gcc/arm-none-eabi/10.2.1/../../../../arm-none-eabi/lib/thumb/v7-m/nofp/libc_nano.a(lib_a-makebuf.o)
                0x0000000008005aec                __smakebuf_r
 .text._free_r  0x0000000008005b6c       0x90 /home/akinya/gcc-arm-none-eabi/bin/../lib/gcc/arm-none-eabi/10.2.1/../../../../arm-none-eabi/lib/thumb/v7-m/nofp/libc_nano.a(lib_a-nano-freer.o)
                0x0000000008005b6c                _free_r
 .text._malloc_r
                0x0000000008005bfc       0xb4 /home/akinya/gcc-arm-none-eabi/bin/../lib/gcc/arm-none-eabi/10.2.1/../../../../arm-none-eabi/lib/thumb/v7-m/nofp/libc_nano.a(lib_a-nano-mallocr.o)
                0x0000000008005bfc                _malloc_r
 .text.__sfputc_r
                0x0000000008005cb0       0x2a /home/akinya/gcc-arm-none-eabi/bin/../lib/gcc/arm-none-eabi/10.2.1/../../../../arm-none-eabi/lib/thumb/v7-m/nofp/libc_nano.a(lib_a-nano-vfprintf.o)
 .text.__sfputs_r
                0x0000000008005cda       0x24 /home/akinya/gcc-arm-none-eabi/bin/../lib/gcc/arm-none-eabi/10.2.1/../../../../arm-none-eabi/lib/thumb/v7-m/nofp/libc_nano.a(lib_a-nano-vfprintf.o)
                0x0000000008005cda                __sfputs_r
 *fill*         0x0000000008005cfe        0x2 
 .text._vfprintf_r
                0x0000000008005d00      0x260 /home/akinya/gcc-arm-none-eabi/bin/../lib/gcc/arm-none-eabi/10.2.1/../../../../arm-none-eabi/lib/thumb/v7-m/nofp/libc_nano.a(lib_a-nano-vfprintf.o)
                0x0000000008005d00                _vfiprintf_r
                0x0000000008005d00                _vfprintf_r
 .text._printf_common
                0x0000000008005f60       0xde /home/akinya/gcc-arm-none-eabi/bin/../lib/gcc/arm-none-eabi/10.2.1/../../../../arm-none-eabi/lib/thumb/v7-m/nofp/libc_nano.a(lib_a-nano-vfprintf_i.o)
                0x0000000008005f60                _printf_common
 *fill*         0x000000000800603e        0x2 
 .text._printf_i
                0x0000000008006040      0x24c /home/akinya/gcc-arm-none-eabi/bin/../lib/gcc/arm-none-eabi/10.2.1/../../../../arm-none-eabi/lib/thumb/v7-m/nofp/libc_nano.a(lib_a-nano-vfprintf_i.o)
                0x0000000008006040                _printf_i
 .text._sbrk_r  0x000000000800628c       0x20 /home/akinya/gcc-arm-none-eabi/bin/../lib/gcc/arm-none-eabi/10.2.1/../../../../arm-none-eabi/lib/thumb/v7-m/nofp/libc_nano.a(lib_a-sbrkr.o)
                0x000000000800628c                _sbrk_r
 .text.__sread  0x00000000080062ac       0x22 /home/akinya/gcc-arm-none-eabi/bin/../lib/gcc/arm-none-eabi/10.2.1/../../../../arm-none-eabi/lib/thumb/v7-m/nofp/libc_nano.a(lib_a-stdio.o)
                0x00000000080062ac                __sread
 .text.__swrite
                0x00000000080062ce       0x38 /home/akinya/gcc-arm-none-eabi/bin/../lib/gcc/arm-none-eabi/10.2.1/../../../../arm-none-eabi/lib/thumb/v7-m/nofp/libc_nano.a(lib_a-stdio.o)
                0x00000000080062ce                __swrite
 .text.__sseek  0x0000000008006306       0x24 /home/akinya/gcc-arm-none-eabi/bin/../lib/gcc/arm-none-eabi/10.2.1/../../../../arm-none-eabi/lib/thumb/v7-m/nofp/libc_nano.a(lib_a-stdio.o)
                0x0000000008006306                __sseek
 .text.__sclose
                0x000000000800632a        0x8 /home/akinya/gcc-arm-none-eabi/bin/../lib/gcc/arm-none-eabi/10.2.1/../../../../arm-none-eabi/lib/thumb/v7-m/nofp/libc_nano.a(lib_a-stdio.o)
                0x000000000800632a                __sclose
 *fill*         0x0000000008006332        0x2 
 .text._write_r
                0x0000000008006334       0x24 /home/akinya/gcc-arm-none-eabi/bin/../lib/gcc/arm-none-eabi/10.2.1/../../../../arm-none-eabi/lib/thumb/v7-m/nofp/libc_nano.a(lib_a-writer.o)
                0x0000000008006334                _write_r
 .text._close_r
                0x0000000008006358       0x20 /home/akinya/gcc-arm-none-eabi/bin/../lib/gcc/arm-none-eabi/10.2.1/../../../../arm-none-eabi/lib/thumb/v7-m/nofp/libc_nano.a(lib_a-closer.o)
                0x0000000008006358                _close_r
 .text._fstat_r
                0x0000000008006378       0x24 /home/akinya/gcc-arm-none-eabi/bin/../lib/gcc/arm-none-eabi/10.2.1/../../../../arm-none-eabi/lib/thumb/v7-m/nofp/libc_nano.a(lib_a-fstatr.o)
                0x0000000008006378                _fstat_r
 .text._isatty_r
                0x000000000800639c       0x20 /home/akinya/gcc-arm-none-eabi/bin/../lib/gcc/arm-none-eabi/10.2.1/../../../../arm-none-eabi/lib/thumb/v7-m/nofp/libc_nano.a(lib_a-isattyr.o)
                0x000000000800639c                _isatty_r
 .text._lseek_r
                0x00000000080063bc       0x24 /home/akinya/gcc-arm-none-eabi/bin/../lib/gcc/arm-none-eabi/10.2.1/../../../../arm-none-eabi/lib/thumb/v7-m/nofp/libc_nano.a(lib_a-lseekr.o)
                0x00000000080063bc                _lseek_r
 .text.memchr   0x00000000080063e0       0x1c /home/akinya/gcc-arm-none-eabi/bin/../lib/gcc/arm-none-eabi/10.2.1/../../../../arm-none-eabi/lib/thumb/v7-m/nofp/libc_nano.a(lib_a-memchr-stub.o)
                0x00000000080063e0                memchr
 .text.__malloc_lock
                0x00000000080063fc        0xc /home/akinya/gcc-arm-none-eabi/bin/../lib/gcc/arm-none-eabi/10.2.1/../../../../arm-none-eabi/lib/thumb/v7-m/nofp/libc_nano.a(lib_a-mlock.o)
                0x00000000080063fc                __malloc_lock
 .text.__malloc_unlock
                0x0000000008006408        0xc /home/akinya/gcc-arm-none-eabi/bin/../lib/gcc/arm-none-eabi/10.2.1/../../../../arm-none-eabi/lib/thumb/v7-m/nofp/libc_nano.a(lib_a-mlock.o)
                0x0000000008006408                __malloc_unlock
 .text._read_r  0x0000000008006414       0x24 /home/akinya/gcc-arm-none-eabi/bin/../lib/gcc/arm-none-eabi/10.2.1/../../../../arm-none-eabi/lib/thumb/v7-m/nofp/libc_nano.a(lib_a-readr.o)
                0x0000000008006414                _read_r
 .text._close   0x0000000008006438       0x10 /home/akinya/gcc-arm-none-eabi/bin/../lib/gcc/arm-none-eabi/10.2.1/../../../../arm-none-eabi/lib/thumb/v7-m/nofp/libnosys.a(close.o)
                0x0000000008006438                _close
 .text._fstat   0x0000000008006448       0x10 /home/akinya/gcc-arm-none-eabi/bin/../lib/gcc/arm-none-eabi/10.2.1/../../../../arm-none-eabi/lib/thumb/v7-m/nofp/libnosys.a(fstat.o)
                0x0000000008006448                _fstat
 .text._isatty  0x0000000008006458       0x10 /home/akinya/gcc-arm-none-eabi/bin/../lib/gcc/arm-none-eabi/10.2.1/../../../../arm-none-eabi/lib/thumb/v7-m/nofp/libnosys.a(isatty.o)
                0x0000000008006458                _isatty
 .text._lseek   0x0000000008006468       0x10 /home/akinya/gcc-arm-none-eabi/bin/../lib/gcc/arm-none-eabi/10.2.1/../../../../arm-none-eabi/lib/thumb/v7-m/nofp/libnosys.a(lseek.o)
                0x0000000008006468                _lseek
 .text._read    0x0000000008006478       0x10 /home/akinya/gcc-arm-none-eabi/bin/../lib/gcc/arm-none-eabi/10.2.1/../../../../arm-none-eabi/lib/thumb/v7-m/nofp/libnosys.a(read.o)
                0x0000000008006478                _read
 .text._sbrk    0x0000000008006488       0x1c /home/akinya/gcc-arm-none-eabi/bin/../lib/gcc/arm-none-eabi/10.2.1/../../../../arm-none-eabi/lib/thumb/v7-m/nofp/libnosys.a(sbrk.o)
                0x0000000008006488                _sbrk
 *(.glue_7)
 .glue_7        0x00000000080064a4        0x0 linker stubs
 *(.glue_7t)
 .glue_7t       0x00000000080064a4        0x0 linker stubs
 *(.eh_frame)
 .eh_frame      0x00000000080064a4        0x0 /home/akinya/gcc-arm-none-eabi/bin/../lib/gcc/arm-none-eabi/10.2.1/thumb/v7-m/nofp/crtbegin.o
 *(.init)
 .init          0x00000000080064a4        0x4 /home/akinya/gcc-arm-none-eabi/bin/../lib/gcc/arm-none-eabi/10.2.1/thumb/v7-m/nofp/crti.o
                0x00000000080064a4                _init
 .init          0x00000000080064a8        0x8 /home/akinya/gcc-arm-none-eabi/bin/../lib/gcc/arm-none-eabi/10.2.1/thumb/v7-m/nofp/crtn.o
 *(.fini)
 .fini          0x00000000080064b0        0x4 /home/akinya/gcc-arm-none-eabi/bin/../lib/gcc/arm-none-eabi/10.2.1/thumb/v7-m/nofp/crti.o
                0x00000000080064b0                _fini
 .fini          0x00000000080064b4        0x8 /home/akinya/gcc-arm-none-eabi/bin/../lib/gcc/arm-none-eabi/10.2.1/thumb/v7-m/nofp/crtn.o
                0x00000000080064bc                . = ALIGN (0x4)
                0x00000000080064bc                _etext = .

.vfp11_veneer   0x00000000080064bc        0x0
 .vfp11_veneer  0x00000000080064bc        0x0 linker stubs

.v4_bx          0x00000000080064bc        0x0
 .v4_bx         0x00000000080064bc        0x0 linker stubs

.iplt           0x00000000080064bc        0x0
 .iplt          0x00000000080064bc        0x0 /home/akinya/gcc-arm-none-eabi/bin/../lib/gcc/arm-none-eabi/10.2.1/thumb/v7-m/nofp/crtbegin.o

.rodata         0x00000000080064bc      0x1dc
                0x00000000080064bc                . = ALIGN (0x4)
 *(.rodata)
 *(.rodata*)
 .rodata.touchdev_test.str1.4
                0x00000000080064bc        0xc build/main.o
 .rodata.LCD_Init.str1.4
                0x00000000080064c8        0xd build/LCD.o
 *fill*         0x00000000080064d5        0x3 
 .rodata.GT9147_Init.str1.4
                0x00000000080064d8       0x25 build/GT9147.o
 *fill*         0x00000000080064fd        0x3 
 .rodata.TP_Init.str1.4
                0x0000000008006500        0xd build/GT9147.o
 *fill*         0x000000000800650d        0x3 
 .rodata.GT9147_CFG_TBL
                0x0000000008006510       0xb8 build/GT9147.o
                0x0000000008006510                GT9147_CFG_TBL
 .rodata.GT9147_TPX_TBL
                0x00000000080065c8        0xa build/GT9147.o
                0x00000000080065c8                GT9147_TPX_TBL
 *fill*         0x00000000080065d2        0x2 
 .rodata.HAL_RCC_GetSysClockFreq.str1.4
                0x00000000080065d4       0x11 build/stm32f1xx_hal_rcc.o
 *fill*         0x00000000080065e5        0x3 
 .rodata.AHBPrescTable
                0x00000000080065e8       0x10 build/system_stm32f1xx.o
                0x00000000080065e8                AHBPrescTable
 .rodata.APBPrescTable
                0x00000000080065f8        0x8 build/system_stm32f1xx.o
                0x00000000080065f8                APBPrescTable
 .rodata._global_impure_ptr
                0x0000000008006600        0x4 /home/akinya/gcc-arm-none-eabi/bin/../lib/gcc/arm-none-eabi/10.2.1/../../../../arm-none-eabi/lib/thumb/v7-m/nofp/libc_nano.a(lib_a-impure.o)
                0x0000000008006600                _global_impure_ptr
 .rodata.__sf_fake_stderr
                0x0000000008006604       0x20 /home/akinya/gcc-arm-none-eabi/bin/../lib/gcc/arm-none-eabi/10.2.1/../../../../arm-none-eabi/lib/thumb/v7-m/nofp/libc_nano.a(lib_a-findfp.o)
                0x0000000008006604                __sf_fake_stderr
 .rodata.__sf_fake_stdin
                0x0000000008006624       0x20 /home/akinya/gcc-arm-none-eabi/bin/../lib/gcc/arm-none-eabi/10.2.1/../../../../arm-none-eabi/lib/thumb/v7-m/nofp/libc_nano.a(lib_a-findfp.o)
                0x0000000008006624                __sf_fake_stdin
 .rodata.__sf_fake_stdout
                0x0000000008006644       0x20 /home/akinya/gcc-arm-none-eabi/bin/../lib/gcc/arm-none-eabi/10.2.1/../../../../arm-none-eabi/lib/thumb/v7-m/nofp/libc_nano.a(lib_a-findfp.o)
                0x0000000008006644                __sf_fake_stdout
 .rodata._vfprintf_r.str1.1
                0x0000000008006664       0x11 /home/akinya/gcc-arm-none-eabi/bin/../lib/gcc/arm-none-eabi/10.2.1/../../../../arm-none-eabi/lib/thumb/v7-m/nofp/libc_nano.a(lib_a-nano-vfprintf.o)
 .rodata._printf_i.str1.1
                0x0000000008006675       0x22 /home/akinya/gcc-arm-none-eabi/bin/../lib/gcc/arm-none-eabi/10.2.1/../../../../arm-none-eabi/lib/thumb/v7-m/nofp/libc_nano.a(lib_a-nano-vfprintf_i.o)
                0x0000000008006698                . = ALIGN (0x4)
 *fill*         0x0000000008006697        0x1 

.rel.dyn        0x0000000008006698        0x0
 .rel.iplt      0x0000000008006698        0x0 /home/akinya/gcc-arm-none-eabi/bin/../lib/gcc/arm-none-eabi/10.2.1/thumb/v7-m/nofp/crtbegin.o

.ARM.extab
 *(.ARM.extab* .gnu.linkonce.armextab.*)

.ARM            0x0000000008006698        0x0
                0x0000000008006698                __exidx_start = .
 *(.ARM.exidx*)
                0x0000000008006698                __exidx_end = .

.preinit_array  0x0000000008006698        0x0
                0x0000000008006698                PROVIDE (__preinit_array_start = .)
 *(.preinit_array*)
                0x0000000008006698                PROVIDE (__preinit_array_end = .)

.init_array     0x0000000008006698        0x4
                0x0000000008006698                PROVIDE (__init_array_start = .)
 *(SORT_BY_NAME(.init_array.*))
 *(.init_array*)
 .init_array    0x0000000008006698        0x4 /home/akinya/gcc-arm-none-eabi/bin/../lib/gcc/arm-none-eabi/10.2.1/thumb/v7-m/nofp/crtbegin.o
                0x000000000800669c                PROVIDE (__init_array_end = .)

.fini_array     0x000000000800669c        0x4
                [!provide]                        PROVIDE (__fini_array_start = .)
 *(SORT_BY_NAME(.fini_array.*))
 *(.fini_array*)
 .fini_array    0x000000000800669c        0x4 /home/akinya/gcc-arm-none-eabi/bin/../lib/gcc/arm-none-eabi/10.2.1/thumb/v7-m/nofp/crtbegin.o
                [!provide]                        PROVIDE (__fini_array_end = .)
                0x00000000080066a0                _sidata = LOADADDR (.data)

.data           0x0000000020000000       0xb4 load address 0x00000000080066a0
                0x0000000020000000                . = ALIGN (0x4)
                0x0000000020000000                _sdata = .
 *(.data)
 *(.data*)
 .data.BACK_COLOR
                0x0000000020000000        0x4 build/LCD.o
                0x0000000020000000                BACK_COLOR
 .data.POINT_COLOR
                0x0000000020000004        0x4 build/LCD.o
                0x0000000020000004                POINT_COLOR
 .data.CMD_RDX  0x0000000020000008        0x1 build/GT9147.o
                0x0000000020000008                CMD_RDX
 .data.CMD_RDY  0x0000000020000009        0x1 build/GT9147.o
                0x0000000020000009                CMD_RDY
 *fill*         0x000000002000000a        0x2 
 .data.touchdev
                0x000000002000000c       0x38 build/GT9147.o
                0x000000002000000c                touchdev
 .data.uwTickFreq
                0x0000000020000044        0x1 build/stm32f1xx_hal.o
                0x0000000020000044                uwTickFreq
 *fill*         0x0000000020000045        0x3 
 .data.uwTickPrio
                0x0000000020000048        0x4 build/stm32f1xx_hal.o
                0x0000000020000048                uwTickPrio
 .data.SystemCoreClock
                0x000000002000004c        0x4 build/system_stm32f1xx.o
                0x000000002000004c                SystemCoreClock
 .data._impure_ptr
                0x0000000020000050        0x4 /home/akinya/gcc-arm-none-eabi/bin/../lib/gcc/arm-none-eabi/10.2.1/../../../../arm-none-eabi/lib/thumb/v7-m/nofp/libc_nano.a(lib_a-impure.o)
                0x0000000020000050                _impure_ptr
 .data.impure_data
                0x0000000020000054       0x60 /home/akinya/gcc-arm-none-eabi/bin/../lib/gcc/arm-none-eabi/10.2.1/../../../../arm-none-eabi/lib/thumb/v7-m/nofp/libc_nano.a(lib_a-impure.o)
                0x00000000200000b4                . = ALIGN (0x4)
                0x00000000200000b4                _edata = .

.igot.plt       0x00000000200000b4        0x0 load address 0x0000000008006754
 .igot.plt      0x00000000200000b4        0x0 /home/akinya/gcc-arm-none-eabi/bin/../lib/gcc/arm-none-eabi/10.2.1/thumb/v7-m/nofp/crtbegin.o
                0x00000000200000b4                . = ALIGN (0x4)

.bss            0x00000000200000b4      0x128 load address 0x0000000008006754
                0x00000000200000b4                _sbss = .
                0x00000000200000b4                __bss_start__ = _sbss
 *(.bss)
 .bss           0x00000000200000b4       0x1c /home/akinya/gcc-arm-none-eabi/bin/../lib/gcc/arm-none-eabi/10.2.1/thumb/v7-m/nofp/crtbegin.o
 *(.bss*)
 .bss.FSMC_Initialized
                0x00000000200000d0        0x4 build/fsmc.o
 .bss.hsram1    0x00000000200000d4       0x48 build/fsmc.o
                0x00000000200000d4                hsram1
 .bss.hi2c2     0x000000002000011c       0x54 build/i2c.o
                0x000000002000011c                hi2c2
 .bss.huart1    0x0000000020000170       0x44 build/usart.o
                0x0000000020000170                huart1
 .bss.lcddev    0x00000000200001b4        0xe build/LCD.o
                0x00000000200001b4                lcddev
 .bss.t.0       0x00000000200001c2        0x1 build/GT9147.o
 *fill*         0x00000000200001c3        0x1 
 .bss.uwTick    0x00000000200001c4        0x4 build/stm32f1xx_hal.o
                0x00000000200001c4                uwTick
 .bss.__lock___malloc_recursive_mutex
                0x00000000200001c8        0x1 /home/akinya/gcc-arm-none-eabi/bin/../lib/gcc/arm-none-eabi/10.2.1/../../../../arm-none-eabi/lib/thumb/v7-m/nofp/libc_nano.a(lib_a-lock.o)
                0x00000000200001c8                __lock___malloc_recursive_mutex
 .bss.__lock___sfp_recursive_mutex
                0x00000000200001c9        0x1 /home/akinya/gcc-arm-none-eabi/bin/../lib/gcc/arm-none-eabi/10.2.1/../../../../arm-none-eabi/lib/thumb/v7-m/nofp/libc_nano.a(lib_a-lock.o)
                0x00000000200001c9                __lock___sfp_recursive_mutex
 .bss.__lock___sinit_recursive_mutex
                0x00000000200001ca        0x1 /home/akinya/gcc-arm-none-eabi/bin/../lib/gcc/arm-none-eabi/10.2.1/../../../../arm-none-eabi/lib/thumb/v7-m/nofp/libc_nano.a(lib_a-lock.o)
                0x00000000200001ca                __lock___sinit_recursive_mutex
 *fill*         0x00000000200001cb        0x1 
 .bss.__malloc_free_list
                0x00000000200001cc        0x4 /home/akinya/gcc-arm-none-eabi/bin/../lib/gcc/arm-none-eabi/10.2.1/../../../../arm-none-eabi/lib/thumb/v7-m/nofp/libc_nano.a(lib_a-nano-mallocr.o)
                0x00000000200001cc                __malloc_free_list
 .bss.__malloc_sbrk_start
                0x00000000200001d0        0x4 /home/akinya/gcc-arm-none-eabi/bin/../lib/gcc/arm-none-eabi/10.2.1/../../../../arm-none-eabi/lib/thumb/v7-m/nofp/libc_nano.a(lib_a-nano-mallocr.o)
                0x00000000200001d0                __malloc_sbrk_start
 .bss.errno     0x00000000200001d4        0x4 /home/akinya/gcc-arm-none-eabi/bin/../lib/gcc/arm-none-eabi/10.2.1/../../../../arm-none-eabi/lib/thumb/v7-m/nofp/libc_nano.a(lib_a-reent.o)
                0x00000000200001d4                errno
 .bss.heap_end.0
                0x00000000200001d8        0x4 /home/akinya/gcc-arm-none-eabi/bin/../lib/gcc/arm-none-eabi/10.2.1/../../../../arm-none-eabi/lib/thumb/v7-m/nofp/libnosys.a(sbrk.o)
 *(COMMON)
                0x00000000200001dc                . = ALIGN (0x4)
                0x00000000200001dc                _ebss = .
                0x00000000200001dc                __bss_end__ = _ebss

._user_heap_stack
                0x00000000200001dc      0x604 load address 0x0000000008006754
                0x00000000200001e0                . = ALIGN (0x8)
 *fill*         0x00000000200001dc        0x4 
                0x00000000200001e0                PROVIDE (end = .)
                [!provide]                        PROVIDE (_end = .)
                0x00000000200003e0                . = (. + _Min_Heap_Size)
 *fill*         0x00000000200001e0      0x200 
                0x00000000200007e0                . = (. + _Min_Stack_Size)
 *fill*         0x00000000200003e0      0x400 
                0x00000000200007e0                . = ALIGN (0x8)

/DISCARD/
 libc.a(*)
 libm.a(*)
 libgcc.a(*)

.ARM.attributes
                0x0000000000000000       0x29
 *(.ARM.attributes)
 .ARM.attributes
                0x0000000000000000       0x1d /home/akinya/gcc-arm-none-eabi/bin/../lib/gcc/arm-none-eabi/10.2.1/thumb/v7-m/nofp/crti.o
 .ARM.attributes
                0x000000000000001d       0x2d /home/akinya/gcc-arm-none-eabi/bin/../lib/gcc/arm-none-eabi/10.2.1/thumb/v7-m/nofp/crtbegin.o
 .ARM.attributes
                0x000000000000004a       0x2d build/main.o
 .ARM.attributes
                0x0000000000000077       0x2d build/gpio.o
 .ARM.attributes
                0x00000000000000a4       0x2d build/fsmc.o
 .ARM.attributes
                0x00000000000000d1       0x2d build/i2c.o
 .ARM.attributes
                0x00000000000000fe       0x2d build/usart.o
 .ARM.attributes
                0x000000000000012b       0x2d build/LCD.o
 .ARM.attributes
                0x0000000000000158       0x2d build/GT9147.o
 .ARM.attributes
                0x0000000000000185       0x2d build/stm32f1xx_it.o
 .ARM.attributes
                0x00000000000001b2       0x2d build/stm32f1xx_hal_msp.o
 .ARM.attributes
                0x00000000000001df       0x2d build/stm32f1xx_ll_fsmc.o
 .ARM.attributes
                0x000000000000020c       0x2d build/stm32f1xx_hal.o
 .ARM.attributes
                0x0000000000000239       0x2d build/stm32f1xx_hal_rcc.o
 .ARM.attributes
                0x0000000000000266       0x2d build/stm32f1xx_hal_gpio.o
 .ARM.attributes
                0x0000000000000293       0x2d build/stm32f1xx_hal_cortex.o
 .ARM.attributes
                0x00000000000002c0       0x2d build/stm32f1xx_hal_sram.o
 .ARM.attributes
                0x00000000000002ed       0x2d build/stm32f1xx_hal_i2c.o
 .ARM.attributes
                0x000000000000031a       0x2d build/stm32f1xx_hal_uart.o
 .ARM.attributes
                0x0000000000000347       0x2d build/system_stm32f1xx.o
 .ARM.attributes
                0x0000000000000374       0x21 build/startup_stm32f103xe.o
 .ARM.attributes
                0x0000000000000395       0x2d /home/akinya/gcc-arm-none-eabi/bin/../lib/gcc/arm-none-eabi/10.2.1/../../../../arm-none-eabi/lib/thumb/v7-m/nofp/libc_nano.a(lib_a-impure.o)
 .ARM.attributes
                0x00000000000003c2       0x2d /home/akinya/gcc-arm-none-eabi/bin/../lib/gcc/arm-none-eabi/10.2.1/../../../../arm-none-eabi/lib/thumb/v7-m/nofp/libc_nano.a(lib_a-init.o)
 .ARM.attributes
                0x00000000000003ef       0x2d /home/akinya/gcc-arm-none-eabi/bin/../lib/gcc/arm-none-eabi/10.2.1/../../../../arm-none-eabi/lib/thumb/v7-m/nofp/libc_nano.a(lib_a-memset.o)
 .ARM.attributes
                0x000000000000041c       0x2d /home/akinya/gcc-arm-none-eabi/bin/../lib/gcc/arm-none-eabi/10.2.1/../../../../arm-none-eabi/lib/thumb/v7-m/nofp/libc_nano.a(lib_a-printf.o)
 .ARM.attributes
                0x0000000000000449       0x2d /home/akinya/gcc-arm-none-eabi/bin/../lib/gcc/arm-none-eabi/10.2.1/../../../../arm-none-eabi/lib/thumb/v7-m/nofp/libc_nano.a(lib_a-puts.o)
 .ARM.attributes
                0x0000000000000476       0x1b /home/akinya/gcc-arm-none-eabi/bin/../lib/gcc/arm-none-eabi/10.2.1/../../../../arm-none-eabi/lib/thumb/v7-m/nofp/libc_nano.a(lib_a-strcmp.o)
 .ARM.attributes
                0x0000000000000491       0x2d /home/akinya/gcc-arm-none-eabi/bin/../lib/gcc/arm-none-eabi/10.2.1/../../../../arm-none-eabi/lib/thumb/v7-m/nofp/libc_nano.a(lib_a-wbuf.o)
 .ARM.attributes
                0x00000000000004be       0x2d /home/akinya/gcc-arm-none-eabi/bin/../lib/gcc/arm-none-eabi/10.2.1/../../../../arm-none-eabi/lib/thumb/v7-m/nofp/libc_nano.a(lib_a-wsetup.o)
 .ARM.attributes
                0x00000000000004eb       0x2d /home/akinya/gcc-arm-none-eabi/bin/../lib/gcc/arm-none-eabi/10.2.1/../../../../arm-none-eabi/lib/thumb/v7-m/nofp/libc_nano.a(lib_a-fflush.o)
 .ARM.attributes
                0x0000000000000518       0x2d /home/akinya/gcc-arm-none-eabi/bin/../lib/gcc/arm-none-eabi/10.2.1/../../../../arm-none-eabi/lib/thumb/v7-m/nofp/libc_nano.a(lib_a-findfp.o)
 .ARM.attributes
                0x0000000000000545       0x2d /home/akinya/gcc-arm-none-eabi/bin/../lib/gcc/arm-none-eabi/10.2.1/../../../../arm-none-eabi/lib/thumb/v7-m/nofp/libc_nano.a(lib_a-fwalk.o)
 .ARM.attributes
                0x0000000000000572       0x2d /home/akinya/gcc-arm-none-eabi/bin/../lib/gcc/arm-none-eabi/10.2.1/../../../../arm-none-eabi/lib/thumb/v7-m/nofp/libc_nano.a(lib_a-lock.o)
 .ARM.attributes
                0x000000000000059f       0x2d /home/akinya/gcc-arm-none-eabi/bin/../lib/gcc/arm-none-eabi/10.2.1/../../../../arm-none-eabi/lib/thumb/v7-m/nofp/libc_nano.a(lib_a-makebuf.o)
 .ARM.attributes
                0x00000000000005cc       0x2d /home/akinya/gcc-arm-none-eabi/bin/../lib/gcc/arm-none-eabi/10.2.1/../../../../arm-none-eabi/lib/thumb/v7-m/nofp/libc_nano.a(lib_a-nano-freer.o)
 .ARM.attributes
                0x00000000000005f9       0x2d /home/akinya/gcc-arm-none-eabi/bin/../lib/gcc/arm-none-eabi/10.2.1/../../../../arm-none-eabi/lib/thumb/v7-m/nofp/libc_nano.a(lib_a-nano-mallocr.o)
 .ARM.attributes
                0x0000000000000626       0x2d /home/akinya/gcc-arm-none-eabi/bin/../lib/gcc/arm-none-eabi/10.2.1/../../../../arm-none-eabi/lib/thumb/v7-m/nofp/libc_nano.a(lib_a-nano-vfprintf.o)
 .ARM.attributes
                0x0000000000000653       0x2d /home/akinya/gcc-arm-none-eabi/bin/../lib/gcc/arm-none-eabi/10.2.1/../../../../arm-none-eabi/lib/thumb/v7-m/nofp/libc_nano.a(lib_a-nano-vfprintf_i.o)
 .ARM.attributes
                0x0000000000000680       0x2d /home/akinya/gcc-arm-none-eabi/bin/../lib/gcc/arm-none-eabi/10.2.1/../../../../arm-none-eabi/lib/thumb/v7-m/nofp/libc_nano.a(lib_a-sbrkr.o)
 .ARM.attributes
                0x00000000000006ad       0x2d /home/akinya/gcc-arm-none-eabi/bin/../lib/gcc/arm-none-eabi/10.2.1/../../../../arm-none-eabi/lib/thumb/v7-m/nofp/libc_nano.a(lib_a-stdio.o)
 .ARM.attributes
                0x00000000000006da       0x2d /home/akinya/gcc-arm-none-eabi/bin/../lib/gcc/arm-none-eabi/10.2.1/../../../../arm-none-eabi/lib/thumb/v7-m/nofp/libc_nano.a(lib_a-writer.o)
 .ARM.attributes
                0x0000000000000707       0x2d /home/akinya/gcc-arm-none-eabi/bin/../lib/gcc/arm-none-eabi/10.2.1/../../../../arm-none-eabi/lib/thumb/v7-m/nofp/libc_nano.a(lib_a-closer.o)
 .ARM.attributes
                0x0000000000000734       0x2d /home/akinya/gcc-arm-none-eabi/bin/../lib/gcc/arm-none-eabi/10.2.1/../../../../arm-none-eabi/lib/thumb/v7-m/nofp/libc_nano.a(lib_a-fstatr.o)
 .ARM.attributes
                0x0000000000000761       0x2d /home/akinya/gcc-arm-none-eabi/bin/../lib/gcc/arm-none-eabi/10.2.1/../../../../arm-none-eabi/lib/thumb/v7-m/nofp/libc_nano.a(lib_a-isattyr.o)
 .ARM.attributes
                0x000000000000078e       0x2d /home/akinya/gcc-arm-none-eabi/bin/../lib/gcc/arm-none-eabi/10.2.1/../../../../arm-none-eabi/lib/thumb/v7-m/nofp/libc_nano.a(lib_a-lseekr.o)
 .ARM.attributes
                0x00000000000007bb       0x2d /home/akinya/gcc-arm-none-eabi/bin/../lib/gcc/arm-none-eabi/10.2.1/../../../../arm-none-eabi/lib/thumb/v7-m/nofp/libc_nano.a(lib_a-memchr-stub.o)
 .ARM.attributes
                0x00000000000007e8       0x2d /home/akinya/gcc-arm-none-eabi/bin/../lib/gcc/arm-none-eabi/10.2.1/../../../../arm-none-eabi/lib/thumb/v7-m/nofp/libc_nano.a(lib_a-mlock.o)
 .ARM.attributes
                0x0000000000000815       0x2d /home/akinya/gcc-arm-none-eabi/bin/../lib/gcc/arm-none-eabi/10.2.1/../../../../arm-none-eabi/lib/thumb/v7-m/nofp/libc_nano.a(lib_a-readr.o)
 .ARM.attributes
                0x0000000000000842       0x2d /home/akinya/gcc-arm-none-eabi/bin/../lib/gcc/arm-none-eabi/10.2.1/../../../../arm-none-eabi/lib/thumb/v7-m/nofp/libc_nano.a(lib_a-reent.o)
 .ARM.attributes
                0x000000000000086f       0x2d /home/akinya/gcc-arm-none-eabi/bin/../lib/gcc/arm-none-eabi/10.2.1/../../../../arm-none-eabi/lib/thumb/v7-m/nofp/libnosys.a(close.o)
 .ARM.attributes
                0x000000000000089c       0x2d /home/akinya/gcc-arm-none-eabi/bin/../lib/gcc/arm-none-eabi/10.2.1/../../../../arm-none-eabi/lib/thumb/v7-m/nofp/libnosys.a(fstat.o)
 .ARM.attributes
                0x00000000000008c9       0x2d /home/akinya/gcc-arm-none-eabi/bin/../lib/gcc/arm-none-eabi/10.2.1/../../../../arm-none-eabi/lib/thumb/v7-m/nofp/libnosys.a(isatty.o)
 .ARM.attributes
                0x00000000000008f6       0x2d /home/akinya/gcc-arm-none-eabi/bin/../lib/gcc/arm-none-eabi/10.2.1/../../../../arm-none-eabi/lib/thumb/v7-m/nofp/libnosys.a(lseek.o)
 .ARM.attributes
                0x0000000000000923       0x2d /home/akinya/gcc-arm-none-eabi/bin/../lib/gcc/arm-none-eabi/10.2.1/../../../../arm-none-eabi/lib/thumb/v7-m/nofp/libnosys.a(read.o)
 .ARM.attributes
                0x0000000000000950       0x2d /home/akinya/gcc-arm-none-eabi/bin/../lib/gcc/arm-none-eabi/10.2.1/../../../../arm-none-eabi/lib/thumb/v7-m/nofp/libnosys.a(sbrk.o)
 .ARM.attributes
                0x000000000000097d       0x1d /home/akinya/gcc-arm-none-eabi/bin/../lib/gcc/arm-none-eabi/10.2.1/thumb/v7-m/nofp/libgcc.a(_arm_muldf3.o)
 .ARM.attributes
                0x000000000000099a       0x1d /home/akinya/gcc-arm-none-eabi/bin/../lib/gcc/arm-none-eabi/10.2.1/thumb/v7-m/nofp/libgcc.a(_arm_mulsf3.o)
 .ARM.attributes
                0x00000000000009b7       0x1d /home/akinya/gcc-arm-none-eabi/bin/../lib/gcc/arm-none-eabi/10.2.1/thumb/v7-m/nofp/libgcc.a(_arm_addsubdf3.o)
 .ARM.attributes
                0x00000000000009d4       0x1d /home/akinya/gcc-arm-none-eabi/bin/../lib/gcc/arm-none-eabi/10.2.1/thumb/v7-m/nofp/libgcc.a(_arm_fixunsdfsi.o)
 .ARM.attributes
                0x00000000000009f1       0x1d /home/akinya/gcc-arm-none-eabi/bin/../lib/gcc/arm-none-eabi/10.2.1/thumb/v7-m/nofp/libgcc.a(_arm_addsubsf3.o)
 .ARM.attributes
                0x0000000000000a0e       0x1d /home/akinya/gcc-arm-none-eabi/bin/../lib/gcc/arm-none-eabi/10.2.1/thumb/v7-m/nofp/libgcc.a(_arm_fixunssfsi.o)
 .ARM.attributes
                0x0000000000000a2b       0x1d /home/akinya/gcc-arm-none-eabi/bin/../lib/gcc/arm-none-eabi/10.2.1/thumb/v7-m/nofp/crtn.o
OUTPUT(build/template.elf elf32-littlearm)
LOAD linker stubs
LOAD /home/akinya/gcc-arm-none-eabi/bin/../lib/gcc/arm-none-eabi/10.2.1/../../../../arm-none-eabi/lib/thumb/v7-m/nofp/libc.a
LOAD /home/akinya/gcc-arm-none-eabi/bin/../lib/gcc/arm-none-eabi/10.2.1/../../../../arm-none-eabi/lib/thumb/v7-m/nofp/libm.a
LOAD /home/akinya/gcc-arm-none-eabi/bin/../lib/gcc/arm-none-eabi/10.2.1/thumb/v7-m/nofp/libgcc.a

.debug_info     0x0000000000000000    0x16c72
 .debug_info    0x0000000000000000      0x7b1 build/main.o
 .debug_info    0x00000000000007b1      0x3bc build/gpio.o
 .debug_info    0x0000000000000b6d      0xa42 build/fsmc.o
 .debug_info    0x00000000000015af      0x95f build/i2c.o
 .debug_info    0x0000000000001f0e      0x979 build/usart.o
 .debug_info    0x0000000000002887     0x86a4 build/LCD.o
 .debug_info    0x000000000000af2b     0x1863 build/GT9147.o
 .debug_info    0x000000000000c78e      0x15b build/stm32f1xx_it.o
 .debug_info    0x000000000000c8e9      0x238 build/stm32f1xx_hal_msp.o
 .debug_info    0x000000000000cb21      0xb76 build/stm32f1xx_ll_fsmc.o
 .debug_info    0x000000000000d697      0x8bb build/stm32f1xx_hal.o
 .debug_info    0x000000000000df52      0xaec build/stm32f1xx_hal_rcc.o
 .debug_info    0x000000000000ea3e      0x6d7 build/stm32f1xx_hal_gpio.o
 .debug_info    0x000000000000f115      0xe93 build/stm32f1xx_hal_cortex.o
 .debug_info    0x000000000000ffa8      0xfd6 build/stm32f1xx_hal_sram.o
 .debug_info    0x0000000000010f7e     0x3c52 build/stm32f1xx_hal_i2c.o
 .debug_info    0x0000000000014bd0     0x1e12 build/stm32f1xx_hal_uart.o
 .debug_info    0x00000000000169e2      0x26e build/system_stm32f1xx.o
 .debug_info    0x0000000000016c50       0x22 build/startup_stm32f103xe.o

.debug_abbrev   0x0000000000000000     0x261f
 .debug_abbrev  0x0000000000000000      0x237 build/main.o
 .debug_abbrev  0x0000000000000237      0x13f build/gpio.o
 .debug_abbrev  0x0000000000000376      0x1dd build/fsmc.o
 .debug_abbrev  0x0000000000000553      0x1c5 build/i2c.o
 .debug_abbrev  0x0000000000000718      0x1f7 build/usart.o
 .debug_abbrev  0x000000000000090f      0x361 build/LCD.o
 .debug_abbrev  0x0000000000000c70      0x35b build/GT9147.o
 .debug_abbrev  0x0000000000000fcb       0x81 build/stm32f1xx_it.o
 .debug_abbrev  0x000000000000104c       0xe7 build/stm32f1xx_hal_msp.o
 .debug_abbrev  0x0000000000001133      0x1bc build/stm32f1xx_ll_fsmc.o
 .debug_abbrev  0x00000000000012ef      0x1f7 build/stm32f1xx_hal.o
 .debug_abbrev  0x00000000000014e6      0x29a build/stm32f1xx_hal_rcc.o
 .debug_abbrev  0x0000000000001780      0x222 build/stm32f1xx_hal_gpio.o
 .debug_abbrev  0x00000000000019a2      0x359 build/stm32f1xx_hal_cortex.o
 .debug_abbrev  0x0000000000001cfb      0x221 build/stm32f1xx_hal_sram.o
 .debug_abbrev  0x0000000000001f1c      0x306 build/stm32f1xx_hal_i2c.o
 .debug_abbrev  0x0000000000002222      0x2ab build/stm32f1xx_hal_uart.o
 .debug_abbrev  0x00000000000024cd      0x140 build/system_stm32f1xx.o
 .debug_abbrev  0x000000000000260d       0x12 build/startup_stm32f103xe.o

.debug_loc      0x0000000000000000     0xd0df
 .debug_loc     0x0000000000000000       0xc2 build/main.o
 .debug_loc     0x00000000000000c2       0x39 build/gpio.o
 .debug_loc     0x00000000000000fb      0x134 build/fsmc.o
 .debug_loc     0x000000000000022f       0xeb build/i2c.o
 .debug_loc     0x000000000000031a      0x1a1 build/usart.o
 .debug_loc     0x00000000000004bb     0x1cfd build/LCD.o
 .debug_loc     0x00000000000021b8      0xadb build/GT9147.o
 .debug_loc     0x0000000000002c93       0x20 build/stm32f1xx_it.o
 .debug_loc     0x0000000000002cb3       0x41 build/stm32f1xx_hal_msp.o
 .debug_loc     0x0000000000002cf4      0x6b5 build/stm32f1xx_ll_fsmc.o
 .debug_loc     0x00000000000033a9      0x1e1 build/stm32f1xx_hal.o
 .debug_loc     0x000000000000358a      0x7ee build/stm32f1xx_hal_rcc.o
 .debug_loc     0x0000000000003d78      0x551 build/stm32f1xx_hal_gpio.o
 .debug_loc     0x00000000000042c9      0x77f build/stm32f1xx_hal_cortex.o
 .debug_loc     0x0000000000004a48     0x10e4 build/stm32f1xx_hal_sram.o
 .debug_loc     0x0000000000005b2c     0x4e39 build/stm32f1xx_hal_i2c.o
 .debug_loc     0x000000000000a965     0x267b build/stm32f1xx_hal_uart.o
 .debug_loc     0x000000000000cfe0       0xff build/system_stm32f1xx.o

.debug_aranges  0x0000000000000000      0xc10
 .debug_aranges
                0x0000000000000000       0x38 build/main.o
 .debug_aranges
                0x0000000000000038       0x20 build/gpio.o
 .debug_aranges
                0x0000000000000058       0x40 build/fsmc.o
 .debug_aranges
                0x0000000000000098       0x30 build/i2c.o
 .debug_aranges
                0x00000000000000c8       0x38 build/usart.o
 .debug_aranges
                0x0000000000000100      0x120 build/LCD.o
 .debug_aranges
                0x0000000000000220       0xc8 build/GT9147.o
 .debug_aranges
                0x00000000000002e8       0x60 build/stm32f1xx_it.o
 .debug_aranges
                0x0000000000000348       0x20 build/stm32f1xx_hal_msp.o
 .debug_aranges
                0x0000000000000368       0xa8 build/stm32f1xx_ll_fsmc.o
 .debug_aranges
                0x0000000000000410       0xe0 build/stm32f1xx_hal.o
 .debug_aranges
                0x00000000000004f0       0x90 build/stm32f1xx_hal_rcc.o
 .debug_aranges
                0x0000000000000580       0x58 build/stm32f1xx_hal_gpio.o
 .debug_aranges
                0x00000000000005d8       0x90 build/stm32f1xx_hal_cortex.o
 .debug_aranges
                0x0000000000000668       0xb8 build/stm32f1xx_hal_sram.o
 .debug_aranges
                0x0000000000000720      0x2a0 build/stm32f1xx_hal_i2c.o
 .debug_aranges
                0x00000000000009c0      0x200 build/stm32f1xx_hal_uart.o
 .debug_aranges
                0x0000000000000bc0       0x28 build/system_stm32f1xx.o
 .debug_aranges
                0x0000000000000be8       0x28 build/startup_stm32f103xe.o

.debug_ranges   0x0000000000000000      0xb80
 .debug_ranges  0x0000000000000000       0x28 build/main.o
 .debug_ranges  0x0000000000000028       0x10 build/gpio.o
 .debug_ranges  0x0000000000000038       0x30 build/fsmc.o
 .debug_ranges  0x0000000000000068       0x20 build/i2c.o
 .debug_ranges  0x0000000000000088       0x28 build/usart.o
 .debug_ranges  0x00000000000000b0      0x110 build/LCD.o
 .debug_ranges  0x00000000000001c0       0xb8 build/GT9147.o
 .debug_ranges  0x0000000000000278       0x50 build/stm32f1xx_it.o
 .debug_ranges  0x00000000000002c8       0x10 build/stm32f1xx_hal_msp.o
 .debug_ranges  0x00000000000002d8       0x98 build/stm32f1xx_ll_fsmc.o
 .debug_ranges  0x0000000000000370       0xd0 build/stm32f1xx_hal.o
 .debug_ranges  0x0000000000000440       0xa0 build/stm32f1xx_hal_rcc.o
 .debug_ranges  0x00000000000004e0       0x48 build/stm32f1xx_hal_gpio.o
 .debug_ranges  0x0000000000000528       0xe0 build/stm32f1xx_hal_cortex.o
 .debug_ranges  0x0000000000000608       0xa8 build/stm32f1xx_hal_sram.o
 .debug_ranges  0x00000000000006b0      0x2a8 build/stm32f1xx_hal_i2c.o
 .debug_ranges  0x0000000000000958      0x1f0 build/stm32f1xx_hal_uart.o
 .debug_ranges  0x0000000000000b48       0x18 build/system_stm32f1xx.o
 .debug_ranges  0x0000000000000b60       0x20 build/startup_stm32f103xe.o

.debug_line     0x0000000000000000     0xde65
 .debug_line    0x0000000000000000      0x40a build/main.o
 .debug_line    0x000000000000040a      0x1c2 build/gpio.o
 .debug_line    0x00000000000005cc      0x3b5 build/fsmc.o
 .debug_line    0x0000000000000981      0x295 build/i2c.o
 .debug_line    0x0000000000000c16      0x2d1 build/usart.o
 .debug_line    0x0000000000000ee7     0x1a88 build/LCD.o
 .debug_line    0x000000000000296f      0xd5d build/GT9147.o
 .debug_line    0x00000000000036cc      0x177 build/stm32f1xx_it.o
 .debug_line    0x0000000000003843      0x139 build/stm32f1xx_hal_msp.o
 .debug_line    0x000000000000397c      0x5f9 build/stm32f1xx_ll_fsmc.o
 .debug_line    0x0000000000003f75      0x4ea build/stm32f1xx_hal.o
 .debug_line    0x000000000000445f      0xbe8 build/stm32f1xx_hal_rcc.o
 .debug_line    0x0000000000005047      0x5b3 build/stm32f1xx_hal_gpio.o
 .debug_line    0x00000000000055fa      0x5f5 build/stm32f1xx_hal_cortex.o
 .debug_line    0x0000000000005bef      0xab2 build/stm32f1xx_hal_sram.o
 .debug_line    0x00000000000066a1     0x54d6 build/stm32f1xx_hal_i2c.o
 .debug_line    0x000000000000bb77     0x2077 build/stm32f1xx_hal_uart.o
 .debug_line    0x000000000000dbee      0x202 build/system_stm32f1xx.o
 .debug_line    0x000000000000ddf0       0x75 build/startup_stm32f103xe.o

.debug_str      0x0000000000000000     0x35f9
 .debug_str     0x0000000000000000      0x44f build/main.o
                                        0x4bf (size before relaxing)
 .debug_str     0x000000000000044f       0x8a build/gpio.o
                                        0x25b (size before relaxing)
 .debug_str     0x00000000000004d9      0x479 build/fsmc.o
                                        0x738 (size before relaxing)
 .debug_str     0x0000000000000952      0x2ae build/i2c.o
                                        0x712 (size before relaxing)
 .debug_str     0x0000000000000c00      0x222 build/usart.o
                                        0x694 (size before relaxing)
 .debug_str     0x0000000000000e22      0x2d8 build/LCD.o
                                        0x870 (size before relaxing)
 .debug_str     0x00000000000010fa      0x229 build/GT9147.o
                                        0x50d (size before relaxing)
 .debug_str     0x0000000000001323       0xb4 build/stm32f1xx_it.o
                                        0x200 (size before relaxing)
 .debug_str     0x00000000000013d7       0x29 build/stm32f1xx_hal_msp.o
                                        0x1fd (size before relaxing)
 .debug_str     0x0000000000001400      0x3a9 build/stm32f1xx_ll_fsmc.o
                                        0x6f0 (size before relaxing)
 .debug_str     0x00000000000017a9      0x69a build/stm32f1xx_hal.o
                                        0x8e6 (size before relaxing)
 .debug_str     0x0000000000001e43      0x20d build/stm32f1xx_hal_rcc.o
                                        0x609 (size before relaxing)
 .debug_str     0x0000000000002050       0xee build/stm32f1xx_hal_gpio.o
                                        0x3de (size before relaxing)
 .debug_str     0x000000000000213e      0x3a8 build/stm32f1xx_hal_cortex.o
                                        0x995 (size before relaxing)
 .debug_str     0x00000000000024e6      0x1ff build/stm32f1xx_hal_sram.o
                                        0x8b5 (size before relaxing)
 .debug_str     0x00000000000026e5      0x8bb build/stm32f1xx_hal_i2c.o
                                        0xf96 (size before relaxing)
 .debug_str     0x0000000000002fa0      0x5e6 build/stm32f1xx_hal_uart.o
                                        0xc6c (size before relaxing)
 .debug_str     0x0000000000003586       0x4f build/system_stm32f1xx.o
                                        0x232 (size before relaxing)
 .debug_str     0x00000000000035d5       0x24 build/startup_stm32f103xe.o
                                         0x51 (size before relaxing)

.comment        0x0000000000000000       0x4d
 .comment       0x0000000000000000       0x4d build/main.o
                                         0x4e (size before relaxing)
 .comment       0x000000000000004d       0x4e build/gpio.o
 .comment       0x000000000000004d       0x4e build/fsmc.o
 .comment       0x000000000000004d       0x4e build/i2c.o
 .comment       0x000000000000004d       0x4e build/usart.o
 .comment       0x000000000000004d       0x4e build/LCD.o
 .comment       0x000000000000004d       0x4e build/GT9147.o
 .comment       0x000000000000004d       0x4e build/stm32f1xx_it.o
 .comment       0x000000000000004d       0x4e build/stm32f1xx_hal_msp.o
 .comment       0x000000000000004d       0x4e build/stm32f1xx_ll_fsmc.o
 .comment       0x000000000000004d       0x4e build/stm32f1xx_hal.o
 .comment       0x000000000000004d       0x4e build/stm32f1xx_hal_rcc.o
 .comment       0x000000000000004d       0x4e build/stm32f1xx_hal_gpio.o
 .comment       0x000000000000004d       0x4e build/stm32f1xx_hal_cortex.o
 .comment       0x000000000000004d       0x4e build/stm32f1xx_hal_sram.o
 .comment       0x000000000000004d       0x4e build/stm32f1xx_hal_i2c.o
 .comment       0x000000000000004d       0x4e build/stm32f1xx_hal_uart.o
 .comment       0x000000000000004d       0x4e build/system_stm32f1xx.o

.debug_frame    0x0000000000000000     0x2c54
 .debug_frame   0x0000000000000000       0x74 build/main.o
 .debug_frame   0x0000000000000074       0x38 build/gpio.o
 .debug_frame   0x00000000000000ac       0xa0 build/fsmc.o
 .debug_frame   0x000000000000014c       0x60 build/i2c.o
 .debug_frame   0x00000000000001ac       0x78 build/usart.o
 .debug_frame   0x0000000000000224      0x3d0 build/LCD.o
 .debug_frame   0x00000000000005f4      0x29c build/GT9147.o
 .debug_frame   0x0000000000000890       0xa8 build/stm32f1xx_it.o
 .debug_frame   0x0000000000000938       0x28 build/stm32f1xx_hal_msp.o
 .debug_frame   0x0000000000000960      0x170 build/stm32f1xx_ll_fsmc.o
 .debug_frame   0x0000000000000ad0      0x1cc build/stm32f1xx_hal.o
 .debug_frame   0x0000000000000c9c      0x190 build/stm32f1xx_hal_rcc.o
 .debug_frame   0x0000000000000e2c       0xe4 build/stm32f1xx_hal_gpio.o
 .debug_frame   0x0000000000000f10      0x118 build/stm32f1xx_hal_cortex.o
 .debug_frame   0x0000000000001028      0x204 build/stm32f1xx_hal_sram.o
 .debug_frame   0x000000000000122c      0x970 build/stm32f1xx_hal_i2c.o
 .debug_frame   0x0000000000001b9c      0x5c4 build/stm32f1xx_hal_uart.o
 .debug_frame   0x0000000000002160       0x30 build/system_stm32f1xx.o
 .debug_frame   0x0000000000002190       0x2c /home/akinya/gcc-arm-none-eabi/bin/../lib/gcc/arm-none-eabi/10.2.1/../../../../arm-none-eabi/lib/thumb/v7-m/nofp/libc_nano.a(lib_a-init.o)
 .debug_frame   0x00000000000021bc       0x20 /home/akinya/gcc-arm-none-eabi/bin/../lib/gcc/arm-none-eabi/10.2.1/../../../../arm-none-eabi/lib/thumb/v7-m/nofp/libc_nano.a(lib_a-memset.o)
 .debug_frame   0x00000000000021dc       0x74 /home/akinya/gcc-arm-none-eabi/bin/../lib/gcc/arm-none-eabi/10.2.1/../../../../arm-none-eabi/lib/thumb/v7-m/nofp/libc_nano.a(lib_a-printf.o)
 .debug_frame   0x0000000000002250       0x3c /home/akinya/gcc-arm-none-eabi/bin/../lib/gcc/arm-none-eabi/10.2.1/../../../../arm-none-eabi/lib/thumb/v7-m/nofp/libc_nano.a(lib_a-puts.o)
 .debug_frame   0x000000000000228c       0x20 /home/akinya/gcc-arm-none-eabi/bin/../lib/gcc/arm-none-eabi/10.2.1/../../../../arm-none-eabi/lib/thumb/v7-m/nofp/libc_nano.a(lib_a-strcmp.o)
 .debug_frame   0x00000000000022ac       0x40 /home/akinya/gcc-arm-none-eabi/bin/../lib/gcc/arm-none-eabi/10.2.1/../../../../arm-none-eabi/lib/thumb/v7-m/nofp/libc_nano.a(lib_a-wbuf.o)
 .debug_frame   0x00000000000022ec       0x2c /home/akinya/gcc-arm-none-eabi/bin/../lib/gcc/arm-none-eabi/10.2.1/../../../../arm-none-eabi/lib/thumb/v7-m/nofp/libc_nano.a(lib_a-wsetup.o)
 .debug_frame   0x0000000000002318       0x5c /home/akinya/gcc-arm-none-eabi/bin/../lib/gcc/arm-none-eabi/10.2.1/../../../../arm-none-eabi/lib/thumb/v7-m/nofp/libc_nano.a(lib_a-fflush.o)
 .debug_frame   0x0000000000002374      0x14c /home/akinya/gcc-arm-none-eabi/bin/../lib/gcc/arm-none-eabi/10.2.1/../../../../arm-none-eabi/lib/thumb/v7-m/nofp/libc_nano.a(lib_a-findfp.o)
 .debug_frame   0x00000000000024c0       0x54 /home/akinya/gcc-arm-none-eabi/bin/../lib/gcc/arm-none-eabi/10.2.1/../../../../arm-none-eabi/lib/thumb/v7-m/nofp/libc_nano.a(lib_a-fwalk.o)
 .debug_frame   0x0000000000002514       0xb0 /home/akinya/gcc-arm-none-eabi/bin/../lib/gcc/arm-none-eabi/10.2.1/../../../../arm-none-eabi/lib/thumb/v7-m/nofp/libc_nano.a(lib_a-lock.o)
 .debug_frame   0x00000000000025c4       0x58 /home/akinya/gcc-arm-none-eabi/bin/../lib/gcc/arm-none-eabi/10.2.1/../../../../arm-none-eabi/lib/thumb/v7-m/nofp/libc_nano.a(lib_a-makebuf.o)
 .debug_frame   0x000000000000261c       0x38 /home/akinya/gcc-arm-none-eabi/bin/../lib/gcc/arm-none-eabi/10.2.1/../../../../arm-none-eabi/lib/thumb/v7-m/nofp/libc_nano.a(lib_a-nano-freer.o)
 .debug_frame   0x0000000000002654       0x30 /home/akinya/gcc-arm-none-eabi/bin/../lib/gcc/arm-none-eabi/10.2.1/../../../../arm-none-eabi/lib/thumb/v7-m/nofp/libc_nano.a(lib_a-nano-mallocr.o)
 .debug_frame   0x0000000000002684       0xac /home/akinya/gcc-arm-none-eabi/bin/../lib/gcc/arm-none-eabi/10.2.1/../../../../arm-none-eabi/lib/thumb/v7-m/nofp/libc_nano.a(lib_a-nano-vfprintf.o)
 .debug_frame   0x0000000000002730       0x60 /home/akinya/gcc-arm-none-eabi/bin/../lib/gcc/arm-none-eabi/10.2.1/../../../../arm-none-eabi/lib/thumb/v7-m/nofp/libc_nano.a(lib_a-nano-vfprintf_i.o)
 .debug_frame   0x0000000000002790       0x2c /home/akinya/gcc-arm-none-eabi/bin/../lib/gcc/arm-none-eabi/10.2.1/../../../../arm-none-eabi/lib/thumb/v7-m/nofp/libc_nano.a(lib_a-sbrkr.o)
 .debug_frame   0x00000000000027bc       0x88 /home/akinya/gcc-arm-none-eabi/bin/../lib/gcc/arm-none-eabi/10.2.1/../../../../arm-none-eabi/lib/thumb/v7-m/nofp/libc_nano.a(lib_a-stdio.o)
 .debug_frame   0x0000000000002844       0x2c /home/akinya/gcc-arm-none-eabi/bin/../lib/gcc/arm-none-eabi/10.2.1/../../../../arm-none-eabi/lib/thumb/v7-m/nofp/libc_nano.a(lib_a-writer.o)
 .debug_frame   0x0000000000002870       0x2c /home/akinya/gcc-arm-none-eabi/bin/../lib/gcc/arm-none-eabi/10.2.1/../../../../arm-none-eabi/lib/thumb/v7-m/nofp/libc_nano.a(lib_a-closer.o)
 .debug_frame   0x000000000000289c       0x2c /home/akinya/gcc-arm-none-eabi/bin/../lib/gcc/arm-none-eabi/10.2.1/../../../../arm-none-eabi/lib/thumb/v7-m/nofp/libc_nano.a(lib_a-fstatr.o)
 .debug_frame   0x00000000000028c8       0x2c /home/akinya/gcc-arm-none-eabi/bin/../lib/gcc/arm-none-eabi/10.2.1/../../../../arm-none-eabi/lib/thumb/v7-m/nofp/libc_nano.a(lib_a-isattyr.o)
 .debug_frame   0x00000000000028f4       0x2c /home/akinya/gcc-arm-none-eabi/bin/../lib/gcc/arm-none-eabi/10.2.1/../../../../arm-none-eabi/lib/thumb/v7-m/nofp/libc_nano.a(lib_a-lseekr.o)
 .debug_frame   0x0000000000002920       0x28 /home/akinya/gcc-arm-none-eabi/bin/../lib/gcc/arm-none-eabi/10.2.1/../../../../arm-none-eabi/lib/thumb/v7-m/nofp/libc_nano.a(lib_a-memchr-stub.o)
 .debug_frame   0x0000000000002948       0x30 /home/akinya/gcc-arm-none-eabi/bin/../lib/gcc/arm-none-eabi/10.2.1/../../../../arm-none-eabi/lib/thumb/v7-m/nofp/libc_nano.a(lib_a-mlock.o)
 .debug_frame   0x0000000000002978       0x2c /home/akinya/gcc-arm-none-eabi/bin/../lib/gcc/arm-none-eabi/10.2.1/../../../../arm-none-eabi/lib/thumb/v7-m/nofp/libc_nano.a(lib_a-readr.o)
 .debug_frame   0x00000000000029a4       0x5c /home/akinya/gcc-arm-none-eabi/bin/../lib/gcc/arm-none-eabi/10.2.1/../../../../arm-none-eabi/lib/thumb/v7-m/nofp/libc_nano.a(lib_a-reent.o)
 .debug_frame   0x0000000000002a00       0x20 /home/akinya/gcc-arm-none-eabi/bin/../lib/gcc/arm-none-eabi/10.2.1/../../../../arm-none-eabi/lib/thumb/v7-m/nofp/libnosys.a(close.o)
 .debug_frame   0x0000000000002a20       0x20 /home/akinya/gcc-arm-none-eabi/bin/../lib/gcc/arm-none-eabi/10.2.1/../../../../arm-none-eabi/lib/thumb/v7-m/nofp/libnosys.a(fstat.o)
 .debug_frame   0x0000000000002a40       0x20 /home/akinya/gcc-arm-none-eabi/bin/../lib/gcc/arm-none-eabi/10.2.1/../../../../arm-none-eabi/lib/thumb/v7-m/nofp/libnosys.a(isatty.o)
 .debug_frame   0x0000000000002a60       0x20 /home/akinya/gcc-arm-none-eabi/bin/../lib/gcc/arm-none-eabi/10.2.1/../../../../arm-none-eabi/lib/thumb/v7-m/nofp/libnosys.a(lseek.o)
 .debug_frame   0x0000000000002a80       0x20 /home/akinya/gcc-arm-none-eabi/bin/../lib/gcc/arm-none-eabi/10.2.1/../../../../arm-none-eabi/lib/thumb/v7-m/nofp/libnosys.a(read.o)
 .debug_frame   0x0000000000002aa0       0x20 /home/akinya/gcc-arm-none-eabi/bin/../lib/gcc/arm-none-eabi/10.2.1/../../../../arm-none-eabi/lib/thumb/v7-m/nofp/libnosys.a(sbrk.o)
 .debug_frame   0x0000000000002ac0       0x30 /home/akinya/gcc-arm-none-eabi/bin/../lib/gcc/arm-none-eabi/10.2.1/thumb/v7-m/nofp/libgcc.a(_arm_muldf3.o)
 .debug_frame   0x0000000000002af0       0x24 /home/akinya/gcc-arm-none-eabi/bin/../lib/gcc/arm-none-eabi/10.2.1/thumb/v7-m/nofp/libgcc.a(_arm_mulsf3.o)
 .debug_frame   0x0000000000002b14       0xac /home/akinya/gcc-arm-none-eabi/bin/../lib/gcc/arm-none-eabi/10.2.1/thumb/v7-m/nofp/libgcc.a(_arm_addsubdf3.o)
 .debug_frame   0x0000000000002bc0       0x24 /home/akinya/gcc-arm-none-eabi/bin/../lib/gcc/arm-none-eabi/10.2.1/thumb/v7-m/nofp/libgcc.a(_arm_fixunsdfsi.o)
 .debug_frame   0x0000000000002be4       0x4c /home/akinya/gcc-arm-none-eabi/bin/../lib/gcc/arm-none-eabi/10.2.1/thumb/v7-m/nofp/libgcc.a(_arm_addsubsf3.o)
 .debug_frame   0x0000000000002c30       0x24 /home/akinya/gcc-arm-none-eabi/bin/../lib/gcc/arm-none-eabi/10.2.1/thumb/v7-m/nofp/libgcc.a(_arm_fixunssfsi.o)

.stab           0x0000000000000000       0x84
 .stab          0x0000000000000000       0x24 /home/akinya/gcc-arm-none-eabi/bin/../lib/gcc/arm-none-eabi/10.2.1/../../../../arm-none-eabi/lib/thumb/v7-m/nofp/libnosys.a(close.o)
 .stab          0x0000000000000024       0x18 /home/akinya/gcc-arm-none-eabi/bin/../lib/gcc/arm-none-eabi/10.2.1/../../../../arm-none-eabi/lib/thumb/v7-m/nofp/libnosys.a(fstat.o)
                                         0x24 (size before relaxing)
 .stab          0x000000000000003c       0x18 /home/akinya/gcc-arm-none-eabi/bin/../lib/gcc/arm-none-eabi/10.2.1/../../../../arm-none-eabi/lib/thumb/v7-m/nofp/libnosys.a(isatty.o)
                                         0x24 (size before relaxing)
 .stab          0x0000000000000054       0x18 /home/akinya/gcc-arm-none-eabi/bin/../lib/gcc/arm-none-eabi/10.2.1/../../../../arm-none-eabi/lib/thumb/v7-m/nofp/libnosys.a(lseek.o)
                                         0x24 (size before relaxing)
 .stab          0x000000000000006c       0x18 /home/akinya/gcc-arm-none-eabi/bin/../lib/gcc/arm-none-eabi/10.2.1/../../../../arm-none-eabi/lib/thumb/v7-m/nofp/libnosys.a(read.o)
                                         0x24 (size before relaxing)

.stabstr        0x0000000000000000      0x117
 .stabstr       0x0000000000000000      0x117 /home/akinya/gcc-arm-none-eabi/bin/../lib/gcc/arm-none-eabi/10.2.1/../../../../arm-none-eabi/lib/thumb/v7-m/nofp/libnosys.a(close.o)

Cross Reference Table

Symbol                                            File
ADC1_2_IRQHandler                                 build/startup_stm32f103xe.o
ADC3_IRQHandler                                   build/startup_stm32f103xe.o
AHBPrescTable                                     build/system_stm32f1xx.o
                                                  build/stm32f1xx_hal_rcc.o
APBPrescTable                                     build/system_stm32f1xx.o
                                                  build/stm32f1xx_hal_rcc.o
BACK_COLOR                                        build/LCD.o
                                                  build/main.o
BusFault_Handler                                  build/stm32f1xx_it.o
CAN1_RX1_IRQHandler                               build/startup_stm32f103xe.o
CAN1_SCE_IRQHandler                               build/startup_stm32f103xe.o
CMD_RDX                                           build/GT9147.o
CMD_RDY                                           build/GT9147.o
CT_Delay                                          build/GT9147.o
CT_IIC_Ack                                        build/GT9147.o
CT_IIC_Init                                       build/GT9147.o
CT_IIC_NAck                                       build/GT9147.o
CT_IIC_Read_Byte                                  build/GT9147.o
CT_IIC_Send_Byte                                  build/GT9147.o
CT_IIC_Start                                      build/GT9147.o
CT_IIC_Stop                                       build/GT9147.o
CT_IIC_Wait_Ack                                   build/GT9147.o
DMA1_Channel1_IRQHandler                          build/startup_stm32f103xe.o
DMA1_Channel2_IRQHandler                          build/startup_stm32f103xe.o
DMA1_Channel3_IRQHandler                          build/startup_stm32f103xe.o
DMA1_Channel4_IRQHandler                          build/startup_stm32f103xe.o
DMA1_Channel5_IRQHandler                          build/startup_stm32f103xe.o
DMA1_Channel6_IRQHandler                          build/startup_stm32f103xe.o
DMA1_Channel7_IRQHandler                          build/startup_stm32f103xe.o
DMA2_Channel1_IRQHandler                          build/startup_stm32f103xe.o
DMA2_Channel2_IRQHandler                          build/startup_stm32f103xe.o
DMA2_Channel3_IRQHandler                          build/startup_stm32f103xe.o
DMA2_Channel4_5_IRQHandler                        build/startup_stm32f103xe.o
DebugMon_Handler                                  build/stm32f1xx_it.o
Default_Handler                                   build/startup_stm32f103xe.o
EXTI0_IRQHandler                                  build/startup_stm32f103xe.o
EXTI15_10_IRQHandler                              build/startup_stm32f103xe.o
EXTI1_IRQHandler                                  build/startup_stm32f103xe.o
EXTI2_IRQHandler                                  build/startup_stm32f103xe.o
EXTI3_IRQHandler                                  build/startup_stm32f103xe.o
EXTI4_IRQHandler                                  build/startup_stm32f103xe.o
EXTI9_5_IRQHandler                                build/startup_stm32f103xe.o
Error_Handler                                     build/main.o
                                                  build/usart.o
                                                  build/i2c.o
                                                  build/fsmc.o
FLASH_IRQHandler                                  build/startup_stm32f103xe.o
FLASH_PageErase                                   build/stm32f1xx_hal_flash_ex.o
                                                  build/stm32f1xx_hal_flash.o
FLASH_WaitForLastOperation                        build/stm32f1xx_hal_flash.o
                                                  build/stm32f1xx_hal_flash_ex.o
FSMC_IRQHandler                                   build/startup_stm32f103xe.o
FSMC_NAND_AttributeSpace_Timing_Init              build/stm32f1xx_ll_fsmc.o
FSMC_NAND_CommonSpace_Timing_Init                 build/stm32f1xx_ll_fsmc.o
FSMC_NAND_DeInit                                  build/stm32f1xx_ll_fsmc.o
FSMC_NAND_ECC_Disable                             build/stm32f1xx_ll_fsmc.o
FSMC_NAND_ECC_Enable                              build/stm32f1xx_ll_fsmc.o
FSMC_NAND_GetECC                                  build/stm32f1xx_ll_fsmc.o
FSMC_NAND_Init                                    build/stm32f1xx_ll_fsmc.o
FSMC_NORSRAM_DeInit                               build/stm32f1xx_ll_fsmc.o
                                                  build/stm32f1xx_hal_sram.o
FSMC_NORSRAM_Extended_Timing_Init                 build/stm32f1xx_ll_fsmc.o
                                                  build/stm32f1xx_hal_sram.o
FSMC_NORSRAM_Init                                 build/stm32f1xx_ll_fsmc.o
                                                  build/stm32f1xx_hal_sram.o
FSMC_NORSRAM_Timing_Init                          build/stm32f1xx_ll_fsmc.o
                                                  build/stm32f1xx_hal_sram.o
FSMC_NORSRAM_WriteOperation_Disable               build/stm32f1xx_ll_fsmc.o
                                                  build/stm32f1xx_hal_sram.o
FSMC_NORSRAM_WriteOperation_Enable                build/stm32f1xx_ll_fsmc.o
                                                  build/stm32f1xx_hal_sram.o
FSMC_PCCARD_AttributeSpace_Timing_Init            build/stm32f1xx_ll_fsmc.o
FSMC_PCCARD_CommonSpace_Timing_Init               build/stm32f1xx_ll_fsmc.o
FSMC_PCCARD_DeInit                                build/stm32f1xx_ll_fsmc.o
FSMC_PCCARD_IOSpace_Timing_Init                   build/stm32f1xx_ll_fsmc.o
FSMC_PCCARD_Init                                  build/stm32f1xx_ll_fsmc.o
GT9147_CFG_TBL                                    build/GT9147.o
GT9147_Init                                       build/GT9147.o
GT9147_RD_Reg                                     build/GT9147.o
GT9147_Scan                                       build/GT9147.o
GT9147_Send_Cfg                                   build/GT9147.o
GT9147_TPX_TBL                                    build/GT9147.o
GT9147_WR_Reg                                     build/GT9147.o
HAL_DBGMCU_DisableDBGSleepMode                    build/stm32f1xx_hal.o
HAL_DBGMCU_DisableDBGStandbyMode                  build/stm32f1xx_hal.o
HAL_DBGMCU_DisableDBGStopMode                     build/stm32f1xx_hal.o
HAL_DBGMCU_EnableDBGSleepMode                     build/stm32f1xx_hal.o
HAL_DBGMCU_EnableDBGStandbyMode                   build/stm32f1xx_hal.o
HAL_DBGMCU_EnableDBGStopMode                      build/stm32f1xx_hal.o
HAL_DMA_Abort                                     build/stm32f1xx_hal_dma.o
                                                  build/stm32f1xx_hal_uart.o
HAL_DMA_Abort_IT                                  build/stm32f1xx_hal_dma.o
                                                  build/stm32f1xx_hal_uart.o
                                                  build/stm32f1xx_hal_i2c.o
HAL_DMA_DeInit                                    build/stm32f1xx_hal_dma.o
HAL_DMA_GetError                                  build/stm32f1xx_hal_dma.o
                                                  build/stm32f1xx_hal_uart.o
HAL_DMA_GetState                                  build/stm32f1xx_hal_dma.o
                                                  build/stm32f1xx_hal_i2c.o
HAL_DMA_IRQHandler                                build/stm32f1xx_hal_dma.o
HAL_DMA_Init                                      build/stm32f1xx_hal_dma.o
HAL_DMA_PollForTransfer                           build/stm32f1xx_hal_dma.o
HAL_DMA_RegisterCallback                          build/stm32f1xx_hal_dma.o
HAL_DMA_Start                                     build/stm32f1xx_hal_dma.o
HAL_DMA_Start_IT                                  build/stm32f1xx_hal_dma.o
                                                  build/stm32f1xx_hal_uart.o
                                                  build/stm32f1xx_hal_i2c.o
                                                  build/stm32f1xx_hal_sram.o
HAL_DMA_UnRegisterCallback                        build/stm32f1xx_hal_dma.o
HAL_DeInit                                        build/stm32f1xx_hal.o
HAL_Delay                                         build/stm32f1xx_hal.o
                                                  build/GT9147.o
                                                  build/LCD.o
                                                  build/main.o
HAL_EXTI_ClearConfigLine                          build/stm32f1xx_hal_exti.o
HAL_EXTI_ClearPending                             build/stm32f1xx_hal_exti.o
HAL_EXTI_GenerateSWI                              build/stm32f1xx_hal_exti.o
HAL_EXTI_GetConfigLine                            build/stm32f1xx_hal_exti.o
HAL_EXTI_GetHandle                                build/stm32f1xx_hal_exti.o
HAL_EXTI_GetPending                               build/stm32f1xx_hal_exti.o
HAL_EXTI_IRQHandler                               build/stm32f1xx_hal_exti.o
HAL_EXTI_RegisterCallback                         build/stm32f1xx_hal_exti.o
HAL_EXTI_SetConfigLine                            build/stm32f1xx_hal_exti.o
HAL_FLASHEx_Erase                                 build/stm32f1xx_hal_flash_ex.o
HAL_FLASHEx_Erase_IT                              build/stm32f1xx_hal_flash_ex.o
HAL_FLASHEx_OBErase                               build/stm32f1xx_hal_flash_ex.o
HAL_FLASHEx_OBGetConfig                           build/stm32f1xx_hal_flash_ex.o
HAL_FLASHEx_OBGetUserData                         build/stm32f1xx_hal_flash_ex.o
HAL_FLASHEx_OBProgram                             build/stm32f1xx_hal_flash_ex.o
HAL_FLASH_EndOfOperationCallback                  build/stm32f1xx_hal_flash.o
HAL_FLASH_GetError                                build/stm32f1xx_hal_flash.o
HAL_FLASH_IRQHandler                              build/stm32f1xx_hal_flash.o
HAL_FLASH_Lock                                    build/stm32f1xx_hal_flash.o
HAL_FLASH_OB_Launch                               build/stm32f1xx_hal_flash.o
HAL_FLASH_OB_Lock                                 build/stm32f1xx_hal_flash.o
HAL_FLASH_OB_Unlock                               build/stm32f1xx_hal_flash.o
HAL_FLASH_OperationErrorCallback                  build/stm32f1xx_hal_flash.o
HAL_FLASH_Program                                 build/stm32f1xx_hal_flash.o
HAL_FLASH_Program_IT                              build/stm32f1xx_hal_flash.o
HAL_FLASH_Unlock                                  build/stm32f1xx_hal_flash.o
HAL_GPIOEx_ConfigEventout                         build/stm32f1xx_hal_gpio_ex.o
HAL_GPIOEx_DisableEventout                        build/stm32f1xx_hal_gpio_ex.o
HAL_GPIOEx_EnableEventout                         build/stm32f1xx_hal_gpio_ex.o
HAL_GPIO_DeInit                                   build/stm32f1xx_hal_gpio.o
                                                  build/usart.o
                                                  build/i2c.o
                                                  build/fsmc.o
HAL_GPIO_EXTI_Callback                            build/stm32f1xx_hal_gpio.o
HAL_GPIO_EXTI_IRQHandler                          build/stm32f1xx_hal_gpio.o
HAL_GPIO_Init                                     build/stm32f1xx_hal_gpio.o
                                                  build/stm32f1xx_hal_rcc.o
                                                  build/GT9147.o
                                                  build/usart.o
                                                  build/i2c.o
                                                  build/fsmc.o
                                                  build/gpio.o
HAL_GPIO_LockPin                                  build/stm32f1xx_hal_gpio.o
HAL_GPIO_ReadPin                                  build/stm32f1xx_hal_gpio.o
                                                  build/GT9147.o
HAL_GPIO_TogglePin                                build/stm32f1xx_hal_gpio.o
                                                  build/main.o
HAL_GPIO_WritePin                                 build/stm32f1xx_hal_gpio.o
                                                  build/GT9147.o
                                                  build/gpio.o
                                                  build/main.o
HAL_GetDEVID                                      build/stm32f1xx_hal.o
HAL_GetHalVersion                                 build/stm32f1xx_hal.o
HAL_GetREVID                                      build/stm32f1xx_hal.o
HAL_GetTick                                       build/stm32f1xx_hal.o