Archive member included to satisfy reference by file (symbol)

/home/akinya/gcc-arm-none-eabi/bin/../lib/gcc/arm-none-eabi/10.3.1/../../../../arm-none-eabi/lib/thumb/v7-m/nofp/libc_nano.a(lib_a-exit.o)
                              /home/akinya/gcc-arm-none-eabi/bin/../lib/gcc/arm-none-eabi/10.3.1/../../../../arm-none-eabi/lib/thumb/v7-m/nofp/crt0.o (exit)
/home/akinya/gcc-arm-none-eabi/bin/../lib/gcc/arm-none-eabi/10.3.1/../../../../arm-none-eabi/lib/thumb/v7-m/nofp/libc_nano.a(lib_a-impure.o)
                              /home/akinya/gcc-arm-none-eabi/bin/../lib/gcc/arm-none-eabi/10.3.1/../../../../arm-none-eabi/lib/thumb/v7-m/nofp/libc_nano.a(lib_a-exit.o) (_global_impure_ptr)
/home/akinya/gcc-arm-none-eabi/bin/../lib/gcc/arm-none-eabi/10.3.1/../../../../arm-none-eabi/lib/thumb/v7-m/nofp/libc_nano.a(lib_a-init.o)
                              /home/akinya/gcc-arm-none-eabi/bin/../lib/gcc/arm-none-eabi/10.3.1/../../../../arm-none-eabi/lib/thumb/v7-m/nofp/crt0.o (__libc_init_array)
/home/akinya/gcc-arm-none-eabi/bin/../lib/gcc/arm-none-eabi/10.3.1/../../../../arm-none-eabi/lib/thumb/v7-m/nofp/libc_nano.a(lib_a-memset.o)
                              /home/akinya/gcc-arm-none-eabi/bin/../lib/gcc/arm-none-eabi/10.3.1/../../../../arm-none-eabi/lib/thumb/v7-m/nofp/crt0.o (memset)
/home/akinya/gcc-arm-none-eabi/bin/../lib/gcc/arm-none-eabi/10.3.1/../../../../arm-none-eabi/lib/thumb/v7-m/nofp/libc_nano.a(lib_a-printf.o)
                              build/RC522.o (printf)
/home/akinya/gcc-arm-none-eabi/bin/../lib/gcc/arm-none-eabi/10.3.1/../../../../arm-none-eabi/lib/thumb/v7-m/nofp/libc_nano.a(lib_a-puts.o)
                              build/RC522.o (puts)
/home/akinya/gcc-arm-none-eabi/bin/../lib/gcc/arm-none-eabi/10.3.1/../../../../arm-none-eabi/lib/thumb/v7-m/nofp/libc_nano.a(lib_a-wbuf.o)
                              /home/akinya/gcc-arm-none-eabi/bin/../lib/gcc/arm-none-eabi/10.3.1/../../../../arm-none-eabi/lib/thumb/v7-m/nofp/libc_nano.a(lib_a-puts.o) (__swbuf_r)
/home/akinya/gcc-arm-none-eabi/bin/../lib/gcc/arm-none-eabi/10.3.1/../../../../arm-none-eabi/lib/thumb/v7-m/nofp/libc_nano.a(lib_a-wsetup.o)
                              /home/akinya/gcc-arm-none-eabi/bin/../lib/gcc/arm-none-eabi/10.3.1/../../../../arm-none-eabi/lib/thumb/v7-m/nofp/libc_nano.a(lib_a-puts.o) (__swsetup_r)
/home/akinya/gcc-arm-none-eabi/bin/../lib/gcc/arm-none-eabi/10.3.1/../../../../arm-none-eabi/lib/thumb/v7-m/nofp/libc_nano.a(lib_a-fflush.o)
                              /home/akinya/gcc-arm-none-eabi/bin/../lib/gcc/arm-none-eabi/10.3.1/../../../../arm-none-eabi/lib/thumb/v7-m/nofp/libc_nano.a(lib_a-wbuf.o) (_fflush_r)
/home/akinya/gcc-arm-none-eabi/bin/../lib/gcc/arm-none-eabi/10.3.1/../../../../arm-none-eabi/lib/thumb/v7-m/nofp/libc_nano.a(lib_a-findfp.o)
                              /home/akinya/gcc-arm-none-eabi/bin/../lib/gcc/arm-none-eabi/10.3.1/../../../../arm-none-eabi/lib/thumb/v7-m/nofp/libc_nano.a(lib_a-printf.o) (__sinit)
/home/akinya/gcc-arm-none-eabi/bin/../lib/gcc/arm-none-eabi/10.3.1/../../../../arm-none-eabi/lib/thumb/v7-m/nofp/libc_nano.a(lib_a-fwalk.o)
                              /home/akinya/gcc-arm-none-eabi/bin/../lib/gcc/arm-none-eabi/10.3.1/../../../../arm-none-eabi/lib/thumb/v7-m/nofp/libc_nano.a(lib_a-findfp.o) (_fwalk)
/home/akinya/gcc-arm-none-eabi/bin/../lib/gcc/arm-none-eabi/10.3.1/../../../../arm-none-eabi/lib/thumb/v7-m/nofp/libc_nano.a(lib_a-lock.o)
                              /home/akinya/gcc-arm-none-eabi/bin/../lib/gcc/arm-none-eabi/10.3.1/../../../../arm-none-eabi/lib/thumb/v7-m/nofp/libc_nano.a(lib_a-findfp.o) (__retarget_lock_init_recursive)
/home/akinya/gcc-arm-none-eabi/bin/../lib/gcc/arm-none-eabi/10.3.1/../../../../arm-none-eabi/lib/thumb/v7-m/nofp/libc_nano.a(lib_a-makebuf.o)
                              /home/akinya/gcc-arm-none-eabi/bin/../lib/gcc/arm-none-eabi/10.3.1/../../../../arm-none-eabi/lib/thumb/v7-m/nofp/libc_nano.a(lib_a-wsetup.o) (__smakebuf_r)
/home/akinya/gcc-arm-none-eabi/bin/../lib/gcc/arm-none-eabi/10.3.1/../../../../arm-none-eabi/lib/thumb/v7-m/nofp/libc_nano.a(lib_a-nano-freer.o)
                              /home/akinya/gcc-arm-none-eabi/bin/../lib/gcc/arm-none-eabi/10.3.1/../../../../arm-none-eabi/lib/thumb/v7-m/nofp/libc_nano.a(lib_a-wsetup.o) (_free_r)
/home/akinya/gcc-arm-none-eabi/bin/../lib/gcc/arm-none-eabi/10.3.1/../../../../arm-none-eabi/lib/thumb/v7-m/nofp/libc_nano.a(lib_a-nano-mallocr.o)
                              /home/akinya/gcc-arm-none-eabi/bin/../lib/gcc/arm-none-eabi/10.3.1/../../../../arm-none-eabi/lib/thumb/v7-m/nofp/libc_nano.a(lib_a-findfp.o) (_malloc_r)
/home/akinya/gcc-arm-none-eabi/bin/../lib/gcc/arm-none-eabi/10.3.1/../../../../arm-none-eabi/lib/thumb/v7-m/nofp/libc_nano.a(lib_a-nano-vfprintf.o)
                              /home/akinya/gcc-arm-none-eabi/bin/../lib/gcc/arm-none-eabi/10.3.1/../../../../arm-none-eabi/lib/thumb/v7-m/nofp/libc_nano.a(lib_a-printf.o) (_vfprintf_r)
[...]
Memory Configuration

Name             Origin             Length             Attributes
RAM              0x0000000020000000 0x0000000000005000 xrw
FLASH            0x0000000008000000 0x0000000000010000 xr
*default*        0x0000000000000000 0xffffffffffffffff

Linker script and memory map

LOAD /home/akinya/gcc-arm-none-eabi/bin/../lib/gcc/arm-none-eabi/10.3.1/thumb/v7-m/nofp/crti.o
LOAD /home/akinya/gcc-arm-none-eabi/bin/../lib/gcc/arm-none-eabi/10.3.1/thumb/v7-m/nofp/crtbegin.o
LOAD /home/akinya/gcc-arm-none-eabi/bin/../lib/gcc/arm-none-eabi/10.3.1/../../../../arm-none-eabi/lib/thumb/v7-m/nofp/crt0.o
LOAD build/main.o
LOAD build/gpio.o
LOAD build/stm32f1xx_it.o
LOAD build/stm32f1xx_hal_msp.o
LOAD build/stm32f1xx_hal_gpio_ex.o
LOAD build/stm32f1xx_hal_tim.o
LOAD build/stm32f1xx_hal_tim_ex.o
LOAD build/stm32f1xx_hal.o
LOAD build/stm32f1xx_hal_rcc.o
LOAD build/stm32f1xx_hal_rcc_ex.o
LOAD build/stm32f1xx_hal_gpio.o
LOAD build/stm32f1xx_hal_dma.o
LOAD build/stm32f1xx_hal_cortex.o
LOAD build/stm32f1xx_hal_pwr.o
LOAD build/stm32f1xx_hal_flash.o
LOAD build/stm32f1xx_hal_flash_ex.o
LOAD build/stm32f1xx_hal_exti.o
LOAD build/system_stm32f1xx.o
LOAD build/usart.o
LOAD build/RC522.o
LOAD build/stm32f1xx_hal_uart.o
LOAD build/spi.o
LOAD build/stm32f1xx_hal_spi.o
LOAD build/startup_stm32f103xb.o
LOAD /home/akinya/gcc-arm-none-eabi/bin/../lib/gcc/arm-none-eabi/10.3.1/../../../../arm-none-eabi/lib/thumb/v7-m/nofp/libc_nano.a
LOAD /home/akinya/gcc-arm-none-eabi/bin/../lib/gcc/arm-none-eabi/10.3.1/../../../../arm-none-eabi/lib/thumb/v7-m/nofp/libm.a
LOAD /home/akinya/gcc-arm-none-eabi/bin/../lib/gcc/arm-none-eabi/10.3.1/../../../../arm-none-eabi/lib/thumb/v7-m/nofp/libnosys.a
START GROUP
LOAD /home/akinya/gcc-arm-none-eabi/bin/../lib/gcc/arm-none-eabi/10.3.1/thumb/v7-m/nofp/libgcc.a
LOAD /home/akinya/gcc-arm-none-eabi/bin/../lib/gcc/arm-none-eabi/10.3.1/../../../../arm-none-eabi/lib/thumb/v7-m/nofp/libc_nano.a
END GROUP
START GROUP
LOAD /home/akinya/gcc-arm-none-eabi/bin/../lib/gcc/arm-none-eabi/10.3.1/thumb/v7-m/nofp/libgcc.a
LOAD /home/akinya/gcc-arm-none-eabi/bin/../lib/gcc/arm-none-eabi/10.3.1/../../../../arm-none-eabi/lib/thumb/v7-m/nofp/libc_nano.a
END GROUP
LOAD /home/akinya/gcc-arm-none-eabi/bin/../lib/gcc/arm-none-eabi/10.3.1/thumb/v7-m/nofp/crtend.o
LOAD /home/akinya/gcc-arm-none-eabi/bin/../lib/gcc/arm-none-eabi/10.3.1/thumb/v7-m/nofp/crtn.o
                0x0000000020005000                _estack = 0x20005000
                0x0000000000000200                _Min_Heap_Size = 0x200
                0x0000000000000400                _Min_Stack_Size = 0x400

.isr_vector     0x0000000008000000      0x10c
                0x0000000008000000                . = ALIGN (0x4)
 *(.isr_vector)
 .isr_vector    0x0000000008000000      0x10c build/startup_stm32f103xb.o
                0x0000000008000000                g_pfnVectors
                0x000000000800010c                . = ALIGN (0x4)

.text           0x000000000800010c     0x2f7c
                0x000000000800010c                . = ALIGN (0x4)
 *(.text)
 .text          0x000000000800010c       0x40 /home/akinya/gcc-arm-none-eabi/bin/../lib/gcc/arm-none-eabi/10.3.1/thumb/v7-m/nofp/crtbegin.o
 *(.text*)
 .text.Error_Handler
                0x000000000800014c        0x4 build/main.o
                0x000000000800014c                Error_Handler
 .text.SystemClock_Config
                0x0000000008000150       0x64 build/main.o
                0x0000000008000150                SystemClock_Config
 .text.main     0x00000000080001b4       0x20 build/main.o
                0x00000000080001b4                main
 .text.MX_GPIO_Init
                0x00000000080001d4       0xd8 build/gpio.o
                0x00000000080001d4                MX_GPIO_Init
 .text.NMI_Handler
                0x00000000080002ac        0x2 build/stm32f1xx_it.o
                0x00000000080002ac                NMI_Handler
 .text.HardFault_Handler
                0x00000000080002ae        0x2 build/stm32f1xx_it.o
                0x00000000080002ae                HardFault_Handler
 .text.MemManage_Handler
                0x00000000080002b0        0x2 build/stm32f1xx_it.o
                0x00000000080002b0                MemManage_Handler
 .text.BusFault_Handler
                0x00000000080002b2        0x2 build/stm32f1xx_it.o
                0x00000000080002b2                BusFault_Handler
 .text.UsageFault_Handler
                0x00000000080002b4        0x2 build/stm32f1xx_it.o
                0x00000000080002b4                UsageFault_Handler
 .text.SVC_Handler
                0x00000000080002b6        0x2 build/stm32f1xx_it.o
                0x00000000080002b6                SVC_Handler
 .text.DebugMon_Handler
                0x00000000080002b8        0x2 build/stm32f1xx_it.o
                0x00000000080002b8                DebugMon_Handler
 .text.PendSV_Handler
                0x00000000080002ba        0x2 build/stm32f1xx_it.o
                0x00000000080002ba                PendSV_Handler
 .text.SysTick_Handler
                0x00000000080002bc        0x8 build/stm32f1xx_it.o
                0x00000000080002bc                SysTick_Handler
 .text.HAL_MspInit
                0x00000000080002c4       0x44 build/stm32f1xx_hal_msp.o
                0x00000000080002c4                HAL_MspInit
 .text.HAL_InitTick
                0x0000000008000308       0x4c build/stm32f1xx_hal.o
                0x0000000008000308                HAL_InitTick
 .text.HAL_Init
                0x0000000008000354       0x24 build/stm32f1xx_hal.o
                0x0000000008000354                HAL_Init
 .text.HAL_IncTick
                0x0000000008000378       0x18 build/stm32f1xx_hal.o
                0x0000000008000378                HAL_IncTick
 .text.HAL_GetTick
                0x0000000008000390        0xc build/stm32f1xx_hal.o
                0x0000000008000390                HAL_GetTick
 .text.HAL_Delay
                0x000000000800039c       0x28 build/stm32f1xx_hal.o
                0x000000000800039c                HAL_Delay
 .text.RCC_Delay
                0x00000000080003c4       0x2c build/stm32f1xx_hal_rcc.o
 .text.HAL_RCC_OscConfig
                0x00000000080003f0      0x410 build/stm32f1xx_hal_rcc.o
                0x00000000080003f0                HAL_RCC_OscConfig
 .text.HAL_RCC_GetSysClockFreq
                0x0000000008000800       0x6c build/stm32f1xx_hal_rcc.o
                0x0000000008000800                HAL_RCC_GetSysClockFreq
 .text.HAL_RCC_ClockConfig
                0x000000000800086c      0x16c build/stm32f1xx_hal_rcc.o
                0x000000000800086c                HAL_RCC_ClockConfig
 .text.HAL_RCC_GetHCLKFreq
                0x00000000080009d8        0xc build/stm32f1xx_hal_rcc.o
                0x00000000080009d8                HAL_RCC_GetHCLKFreq
 .text.HAL_RCC_GetPCLK1Freq
                0x00000000080009e4       0x20 build/stm32f1xx_hal_rcc.o
                0x00000000080009e4                HAL_RCC_GetPCLK1Freq
 .text.HAL_RCC_GetPCLK2Freq
                0x0000000008000a04       0x20 build/stm32f1xx_hal_rcc.o
                0x0000000008000a04                HAL_RCC_GetPCLK2Freq
 .text.HAL_GPIO_Init
                0x0000000008000a24      0x224 build/stm32f1xx_hal_gpio.o
                0x0000000008000a24                HAL_GPIO_Init
 .text.HAL_GPIO_WritePin
                0x0000000008000c48        0xc build/stm32f1xx_hal_gpio.o
                0x0000000008000c48                HAL_GPIO_WritePin
 .text.HAL_NVIC_SetPriorityGrouping
                0x0000000008000c54       0x24 build/stm32f1xx_hal_cortex.o
                0x0000000008000c54                HAL_NVIC_SetPriorityGrouping
 .text.HAL_NVIC_SetPriority
                0x0000000008000c78       0x70 build/stm32f1xx_hal_cortex.o
                0x0000000008000c78                HAL_NVIC_SetPriority
 .text.HAL_SYSTICK_Config
                0x0000000008000ce8       0x28 build/stm32f1xx_hal_cortex.o
                0x0000000008000ce8                HAL_SYSTICK_Config
 .text.SystemInit
                0x0000000008000d10        0x2 build/system_stm32f1xx.o
                0x0000000008000d10                SystemInit
 *fill*         0x0000000008000d12        0x2 
 .text.MX_USART1_UART_Init
                0x0000000008000d14       0x34 build/usart.o
                0x0000000008000d14                MX_USART1_UART_Init
 .text.HAL_UART_MspInit
                0x0000000008000d48       0x78 build/usart.o
                0x0000000008000d48                HAL_UART_MspInit
 .text._write   0x0000000008000dc0       0x18 build/usart.o
                0x0000000008000dc0                _write
 .text.Delay_us
                0x0000000008000dd8       0x34 build/RC522.o
                0x0000000008000dd8                Delay_us
 .text.ShowID   0x0000000008000e0c       0x90 build/RC522.o
                0x0000000008000e0c                ShowID
 .text.WriteRawRC
                0x0000000008000e9c       0x44 build/RC522.o
                0x0000000008000e9c                WriteRawRC
 .text.ReadRawRC
                0x0000000008000ee0       0x58 build/RC522.o
                0x0000000008000ee0                ReadRawRC
 .text.PCD_Reset
                0x0000000008000f38       0x84 build/RC522.o
                0x0000000008000f38                PCD_Reset
 .text.SetBitMask
                0x0000000008000fbc       0x18 build/RC522.o
                0x0000000008000fbc                SetBitMask
 .text.PcdAntennaOn
                0x0000000008000fd4       0x1a build/RC522.o
                0x0000000008000fd4                PcdAntennaOn
 .text.ClearBitMask
                0x0000000008000fee       0x18 build/RC522.o
                0x0000000008000fee                ClearBitMask
 .text.PcdComMF522
                0x0000000008001006      0x116 build/RC522.o
                0x0000000008001006                PcdComMF522
 .text.PcdAuthState
                0x000000000800111c       0x6c build/RC522.o
                0x000000000800111c                PcdAuthState
 .text.PcdRequest
                0x0000000008001188       0x54 build/RC522.o
                0x0000000008001188                PcdRequest
 .text.PcdAnticoll
                0x00000000080011dc       0x78 build/RC522.o
                0x00000000080011dc                PcdAnticoll
 .text.CalulateCRC
                0x0000000008001254       0x64 build/RC522.o
                0x0000000008001254                CalulateCRC
 .text.PcdSelect
                0x00000000080012b8       0x70 build/RC522.o
                0x00000000080012b8                PcdSelect
 .text.RC522_Handle1
                0x0000000008001328      0x110 build/RC522.o
                0x0000000008001328                RC522_Handle1
 .text.M500PcdConfigISOType
                0x0000000008001438       0x50 build/RC522.o
                0x0000000008001438                M500PcdConfigISOType
 .text.PcdAntennaOff
                0x0000000008001488        0xc build/RC522.o
                0x0000000008001488                PcdAntennaOff
 .text.RC522_Init
                0x0000000008001494       0x34 build/RC522.o
                0x0000000008001494                RC522_Init
 .text.UART_SetConfig
                0x00000000080014c8       0x94 build/stm32f1xx_hal_uart.o
 .text.UART_WaitOnFlagUntilTimeout
                0x000000000800155c       0x6c build/stm32f1xx_hal_uart.o
 .text.HAL_UART_Init
                0x00000000080015c8       0x5e build/stm32f1xx_hal_uart.o
                0x00000000080015c8                HAL_UART_Init
 .text.HAL_UART_Transmit
                0x0000000008001626       0xd8 build/stm32f1xx_hal_uart.o
                0x0000000008001626                HAL_UART_Transmit
 *fill*         0x00000000080016fe        0x2 
 .text.MX_SPI1_Init
                0x0000000008001700       0x44 build/spi.o
                0x0000000008001700                MX_SPI1_Init
 .text.HAL_SPI_MspInit
                0x0000000008001744       0x74 build/spi.o
                0x0000000008001744                HAL_SPI_MspInit
 .text.SPI_WaitFlagStateUntilTimeout
                0x00000000080017b8       0xd4 build/stm32f1xx_hal_spi.o
 .text.SPI_EndRxTxTransaction
                0x000000000800188c       0x24 build/stm32f1xx_hal_spi.o
 .text.SPI_EndRxTransaction
                0x00000000080018b0       0x74 build/stm32f1xx_hal_spi.o
 .text.HAL_SPI_Init
                0x0000000008001924       0xb6 build/stm32f1xx_hal_spi.o
                0x0000000008001924                HAL_SPI_Init
 .text.HAL_SPI_Transmit
                0x00000000080019da      0x1b8 build/stm32f1xx_hal_spi.o
                0x00000000080019da                HAL_SPI_Transmit
 .text.HAL_SPI_TransmitReceive
                0x0000000008001b92      0x238 build/stm32f1xx_hal_spi.o
                0x0000000008001b92                HAL_SPI_TransmitReceive
 .text.HAL_SPI_Receive
                0x0000000008001dca      0x180 build/stm32f1xx_hal_spi.o
                0x0000000008001dca                HAL_SPI_Receive
 *fill*         0x0000000008001f4a        0x2 
 .text.Reset_Handler
                0x0000000008001f4c       0x48 build/startup_stm32f103xb.o
                0x0000000008001f4c                Reset_Handler
 .text.Default_Handler
                0x0000000008001f94        0x2 build/startup_stm32f103xb.o
                0x0000000008001f94                RTC_Alarm_IRQHandler
                0x0000000008001f94                EXTI2_IRQHandler
                0x0000000008001f94                TIM1_CC_IRQHandler
                0x0000000008001f94                PVD_IRQHandler
                0x0000000008001f94                EXTI3_IRQHandler
                0x0000000008001f94                EXTI0_IRQHandler
                0x0000000008001f94                I2C2_EV_IRQHandler
                0x0000000008001f94                ADC1_2_IRQHandler
                0x0000000008001f94                SPI1_IRQHandler
                0x0000000008001f94                TAMPER_IRQHandler
                0x0000000008001f94                DMA1_Channel4_IRQHandler
                0x0000000008001f94                USART3_IRQHandler
                0x0000000008001f94                RTC_IRQHandler
                0x0000000008001f94                DMA1_Channel7_IRQHandler
                0x0000000008001f94                CAN1_RX1_IRQHandler
                0x0000000008001f94                TIM4_IRQHandler
                0x0000000008001f94                I2C1_EV_IRQHandler
                0x0000000008001f94                DMA1_Channel6_IRQHandler
                0x0000000008001f94                TIM3_IRQHandler
                0x0000000008001f94                RCC_IRQHandler
                0x0000000008001f94                TIM1_TRG_COM_IRQHandler
                0x0000000008001f94                DMA1_Channel1_IRQHandler
                0x0000000008001f94                Default_Handler
                0x0000000008001f94                EXTI15_10_IRQHandler
                0x0000000008001f94                EXTI9_5_IRQHandler
                0x0000000008001f94                SPI2_IRQHandler
                0x0000000008001f94                DMA1_Channel5_IRQHandler
                0x0000000008001f94                EXTI4_IRQHandler
                0x0000000008001f94                USB_LP_CAN1_RX0_IRQHandler
                0x0000000008001f94                USB_HP_CAN1_TX_IRQHandler
                0x0000000008001f94                DMA1_Channel3_IRQHandler
                0x0000000008001f94                TIM1_UP_IRQHandler
                0x0000000008001f94                WWDG_IRQHandler
                0x0000000008001f94                TIM2_IRQHandler
                0x0000000008001f94                TIM1_BRK_IRQHandler
                0x0000000008001f94                EXTI1_IRQHandler
                0x0000000008001f94                USART2_IRQHandler
                0x0000000008001f94                I2C2_ER_IRQHandler
                0x0000000008001f94                DMA1_Channel2_IRQHandler
                0x0000000008001f94                CAN1_SCE_IRQHandler
                0x0000000008001f94                FLASH_IRQHandler
                0x0000000008001f94                USART1_IRQHandler
                0x0000000008001f94                I2C1_ER_IRQHandler
                0x0000000008001f94                USBWakeUp_IRQHandler
 *fill*         0x0000000008001f96        0x2 
 .text.__libc_init_array
                0x0000000008001f98       0x48 /home/akinya/gcc-arm-none-eabi/bin/../lib/gcc/arm-none-eabi/10.3.1/../../../../arm-none-eabi/lib/thumb/v7-m/nofp/libc_nano.a(lib_a-init.o)
                0x0000000008001f98                __libc_init_array
 .text.memset   0x0000000008001fe0       0x10 /home/akinya/gcc-arm-none-eabi/bin/../lib/gcc/arm-none-eabi/10.3.1/../../../../arm-none-eabi/lib/thumb/v7-m/nofp/libc_nano.a(lib_a-memset.o)
                0x0000000008001fe0                memset
 .text.printf   0x0000000008001ff0       0x30 /home/akinya/gcc-arm-none-eabi/bin/../lib/gcc/arm-none-eabi/10.3.1/../../../../arm-none-eabi/lib/thumb/v7-m/nofp/libc_nano.a(lib_a-printf.o)
                0x0000000008001ff0                printf
                0x0000000008001ff0                iprintf
 .text._puts_r  0x0000000008002020       0xdc /home/akinya/gcc-arm-none-eabi/bin/../lib/gcc/arm-none-eabi/10.3.1/../../../../arm-none-eabi/lib/thumb/v7-m/nofp/libc_nano.a(lib_a-puts.o)
                0x0000000008002020                _puts_r
 .text.puts     0x00000000080020fc       0x10 /home/akinya/gcc-arm-none-eabi/bin/../lib/gcc/arm-none-eabi/10.3.1/../../../../arm-none-eabi/lib/thumb/v7-m/nofp/libc_nano.a(lib_a-puts.o)
                0x00000000080020fc                puts
 .text.__swbuf_r
                0x000000000800210c       0xa4 /home/akinya/gcc-arm-none-eabi/bin/../lib/gcc/arm-none-eabi/10.3.1/../../../../arm-none-eabi/lib/thumb/v7-m/nofp/libc_nano.a(lib_a-wbuf.o)
                0x000000000800210c                __swbuf_r
 .text.__swsetup_r
                0x00000000080021b0       0xdc /home/akinya/gcc-arm-none-eabi/bin/../lib/gcc/arm-none-eabi/10.3.1/../../../../arm-none-eabi/lib/thumb/v7-m/nofp/libc_nano.a(lib_a-wsetup.o)
                0x00000000080021b0                __swsetup_r
 .text.__sflush_r
                0x000000000800228c      0x104 /home/akinya/gcc-arm-none-eabi/bin/../lib/gcc/arm-none-eabi/10.3.1/../../../../arm-none-eabi/lib/thumb/v7-m/nofp/libc_nano.a(lib_a-fflush.o)
                0x000000000800228c                __sflush_r
 .text._fflush_r
                0x0000000008002390       0x78 /home/akinya/gcc-arm-none-eabi/bin/../lib/gcc/arm-none-eabi/10.3.1/../../../../arm-none-eabi/lib/thumb/v7-m/nofp/libc_nano.a(lib_a-fflush.o)
                0x0000000008002390                _fflush_r
 .text.std      0x0000000008002408       0x48 /home/akinya/gcc-arm-none-eabi/bin/../lib/gcc/arm-none-eabi/10.3.1/../../../../arm-none-eabi/lib/thumb/v7-m/nofp/libc_nano.a(lib_a-findfp.o)
 .text._cleanup_r
                0x0000000008002450        0xc /home/akinya/gcc-arm-none-eabi/bin/../lib/gcc/arm-none-eabi/10.3.1/../../../../arm-none-eabi/lib/thumb/v7-m/nofp/libc_nano.a(lib_a-findfp.o)
                0x0000000008002450                _cleanup_r
 .text.__sfmoreglue
                0x000000000800245c       0x2c /home/akinya/gcc-arm-none-eabi/bin/../lib/gcc/arm-none-eabi/10.3.1/../../../../arm-none-eabi/lib/thumb/v7-m/nofp/libc_nano.a(lib_a-findfp.o)
                0x000000000800245c                __sfmoreglue
 .text.__sfp_lock_acquire
                0x0000000008002488        0xc /home/akinya/gcc-arm-none-eabi/bin/../lib/gcc/arm-none-eabi/10.3.1/../../../../arm-none-eabi/lib/thumb/v7-m/nofp/libc_nano.a(lib_a-findfp.o)
                0x0000000008002488                __sfp_lock_acquire
 .text.__sfp_lock_release
                0x0000000008002494        0xc /home/akinya/gcc-arm-none-eabi/bin/../lib/gcc/arm-none-eabi/10.3.1/../../../../arm-none-eabi/lib/thumb/v7-m/nofp/libc_nano.a(lib_a-findfp.o)
                0x0000000008002494                __sfp_lock_release
 .text.__sinit_lock_acquire
                0x00000000080024a0        0xc /home/akinya/gcc-arm-none-eabi/bin/../lib/gcc/arm-none-eabi/10.3.1/../../../../arm-none-eabi/lib/thumb/v7-m/nofp/libc_nano.a(lib_a-findfp.o)
                0x00000000080024a0                __sinit_lock_acquire
 .text.__sinit_lock_release
                0x00000000080024ac        0xc /home/akinya/gcc-arm-none-eabi/bin/../lib/gcc/arm-none-eabi/10.3.1/../../../../arm-none-eabi/lib/thumb/v7-m/nofp/libc_nano.a(lib_a-findfp.o)
                0x00000000080024ac                __sinit_lock_release
 .text.__sinit  0x00000000080024b8       0x70 /home/akinya/gcc-arm-none-eabi/bin/../lib/gcc/arm-none-eabi/10.3.1/../../../../arm-none-eabi/lib/thumb/v7-m/nofp/libc_nano.a(lib_a-findfp.o)
                0x00000000080024b8                __sinit
 .text.__sfp    0x0000000008002528       0x8c /home/akinya/gcc-arm-none-eabi/bin/../lib/gcc/arm-none-eabi/10.3.1/../../../../arm-none-eabi/lib/thumb/v7-m/nofp/libc_nano.a(lib_a-findfp.o)
                0x0000000008002528                __sfp
 .text._fwalk_reent
                0x00000000080025b4       0x3e /home/akinya/gcc-arm-none-eabi/bin/../lib/gcc/arm-none-eabi/10.3.1/../../../../arm-none-eabi/lib/thumb/v7-m/nofp/libc_nano.a(lib_a-fwalk.o)
                0x00000000080025b4                _fwalk_reent
 .text.__retarget_lock_init_recursive
                0x00000000080025f2        0x2 /home/akinya/gcc-arm-none-eabi/bin/../lib/gcc/arm-none-eabi/10.3.1/../../../../arm-none-eabi/lib/thumb/v7-m/nofp/libc_nano.a(lib_a-lock.o)
                0x00000000080025f2                __retarget_lock_init_recursive
 .text.__retarget_lock_acquire_recursive
                0x00000000080025f4        0x2 /home/akinya/gcc-arm-none-eabi/bin/../lib/gcc/arm-none-eabi/10.3.1/../../../../arm-none-eabi/lib/thumb/v7-m/nofp/libc_nano.a(lib_a-lock.o)
                0x00000000080025f4                __retarget_lock_acquire_recursive
 .text.__retarget_lock_release_recursive
                0x00000000080025f6        0x2 /home/akinya/gcc-arm-none-eabi/bin/../lib/gcc/arm-none-eabi/10.3.1/../../../../arm-none-eabi/lib/thumb/v7-m/nofp/libc_nano.a(lib_a-lock.o)
                0x00000000080025f6                __retarget_lock_release_recursive
 .text.__swhatbuf_r
                0x00000000080025f8       0x4a /home/akinya/gcc-arm-none-eabi/bin/../lib/gcc/arm-none-eabi/10.3.1/../../../../arm-none-eabi/lib/thumb/v7-m/nofp/libc_nano.a(lib_a-makebuf.o)
                0x00000000080025f8                __swhatbuf_r
 *fill*         0x0000000008002642        0x2 
 .text.__smakebuf_r
                0x0000000008002644       0x80 /home/akinya/gcc-arm-none-eabi/bin/../lib/gcc/arm-none-eabi/10.3.1/../../../../arm-none-eabi/lib/thumb/v7-m/nofp/libc_nano.a(lib_a-makebuf.o)
                0x0000000008002644                __smakebuf_r
 .text._free_r  0x00000000080026c4       0x90 /home/akinya/gcc-arm-none-eabi/bin/../lib/gcc/arm-none-eabi/10.3.1/../../../../arm-none-eabi/lib/thumb/v7-m/nofp/libc_nano.a(lib_a-nano-freer.o)
                0x00000000080026c4                _free_r
 .text.sbrk_aligned
                0x0000000008002754       0x40 /home/akinya/gcc-arm-none-eabi/bin/../lib/gcc/arm-none-eabi/10.3.1/../../../../arm-none-eabi/lib/thumb/v7-m/nofp/libc_nano.a(lib_a-nano-mallocr.o)
 .text._malloc_r
                0x0000000008002794       0xe8 /home/akinya/gcc-arm-none-eabi/bin/../lib/gcc/arm-none-eabi/10.3.1/../../../../arm-none-eabi/lib/thumb/v7-m/nofp/libc_nano.a(lib_a-nano-mallocr.o)
                0x0000000008002794                _malloc_r
 .text.__sfputc_r
                0x000000000800287c       0x2a /home/akinya/gcc-arm-none-eabi/bin/../lib/gcc/arm-none-eabi/10.3.1/../../../../arm-none-eabi/lib/thumb/v7-m/nofp/libc_nano.a(lib_a-nano-vfprintf.o)
 .text.__sfputs_r
                0x00000000080028a6       0x24 /home/akinya/gcc-arm-none-eabi/bin/../lib/gcc/arm-none-eabi/10.3.1/../../../../arm-none-eabi/lib/thumb/v7-m/nofp/libc_nano.a(lib_a-nano-vfprintf.o)
                0x00000000080028a6                __sfputs_r
 *fill*         0x00000000080028ca        0x2 
 .text._vfprintf_r
                0x00000000080028cc      0x260 /home/akinya/gcc-arm-none-eabi/bin/../lib/gcc/arm-none-eabi/10.3.1/../../../../arm-none-eabi/lib/thumb/v7-m/nofp/libc_nano.a(lib_a-nano-vfprintf.o)
                0x00000000080028cc                _vfiprintf_r
                0x00000000080028cc                _vfprintf_r
 .text._printf_common
                0x0000000008002b2c       0xde /home/akinya/gcc-arm-none-eabi/bin/../lib/gcc/arm-none-eabi/10.3.1/../../../../arm-none-eabi/lib/thumb/v7-m/nofp/libc_nano.a(lib_a-nano-vfprintf_i.o)
                0x0000000008002b2c                _printf_common
 *fill*         0x0000000008002c0a        0x2 
 .text._printf_i
                0x0000000008002c0c      0x24c /home/akinya/gcc-arm-none-eabi/bin/../lib/gcc/arm-none-eabi/10.3.1/../../../../arm-none-eabi/lib/thumb/v7-m/nofp/libc_nano.a(lib_a-nano-vfprintf_i.o)
                0x0000000008002c0c                _printf_i
 .text._sbrk_r  0x0000000008002e58       0x20 /home/akinya/gcc-arm-none-eabi/bin/../lib/gcc/arm-none-eabi/10.3.1/../../../../arm-none-eabi/lib/thumb/v7-m/nofp/libc_nano.a(lib_a-sbrkr.o)
                0x0000000008002e58                _sbrk_r
 .text.__sread  0x0000000008002e78       0x22 /home/akinya/gcc-arm-none-eabi/bin/../lib/gcc/arm-none-eabi/10.3.1/../../../../arm-none-eabi/lib/thumb/v7-m/nofp/libc_nano.a(lib_a-stdio.o)
                0x0000000008002e78                __sread
 .text.__swrite
                0x0000000008002e9a       0x38 /home/akinya/gcc-arm-none-eabi/bin/../lib/gcc/arm-none-eabi/10.3.1/../../../../arm-none-eabi/lib/thumb/v7-m/nofp/libc_nano.a(lib_a-stdio.o)
                0x0000000008002e9a                __swrite
 .text.__sseek  0x0000000008002ed2       0x24 /home/akinya/gcc-arm-none-eabi/bin/../lib/gcc/arm-none-eabi/10.3.1/../../../../arm-none-eabi/lib/thumb/v7-m/nofp/libc_nano.a(lib_a-stdio.o)
                0x0000000008002ed2                __sseek
 .text.__sclose
                0x0000000008002ef6        0x8 /home/akinya/gcc-arm-none-eabi/bin/../lib/gcc/arm-none-eabi/10.3.1/../../../../arm-none-eabi/lib/thumb/v7-m/nofp/libc_nano.a(lib_a-stdio.o)
                0x0000000008002ef6                __sclose
 *fill*         0x0000000008002efe        0x2 
 .text._write_r
                0x0000000008002f00       0x24 /home/akinya/gcc-arm-none-eabi/bin/../lib/gcc/arm-none-eabi/10.3.1/../../../../arm-none-eabi/lib/thumb/v7-m/nofp/libc_nano.a(lib_a-writer.o)
                0x0000000008002f00                _write_r
 .text._close_r
                0x0000000008002f24       0x20 /home/akinya/gcc-arm-none-eabi/bin/../lib/gcc/arm-none-eabi/10.3.1/../../../../arm-none-eabi/lib/thumb/v7-m/nofp/libc_nano.a(lib_a-closer.o)
                0x0000000008002f24                _close_r
 .text._fstat_r
                0x0000000008002f44       0x24 /home/akinya/gcc-arm-none-eabi/bin/../lib/gcc/arm-none-eabi/10.3.1/../../../../arm-none-eabi/lib/thumb/v7-m/nofp/libc_nano.a(lib_a-fstatr.o)
                0x0000000008002f44                _fstat_r
 .text._isatty_r
                0x0000000008002f68       0x20 /home/akinya/gcc-arm-none-eabi/bin/../lib/gcc/arm-none-eabi/10.3.1/../../../../arm-none-eabi/lib/thumb/v7-m/nofp/libc_nano.a(lib_a-isattyr.o)
                0x0000000008002f68                _isatty_r
 .text._lseek_r
                0x0000000008002f88       0x24 /home/akinya/gcc-arm-none-eabi/bin/../lib/gcc/arm-none-eabi/10.3.1/../../../../arm-none-eabi/lib/thumb/v7-m/nofp/libc_nano.a(lib_a-lseekr.o)
                0x0000000008002f88                _lseek_r
 .text.memchr   0x0000000008002fac       0x1c /home/akinya/gcc-arm-none-eabi/bin/../lib/gcc/arm-none-eabi/10.3.1/../../../../arm-none-eabi/lib/thumb/v7-m/nofp/libc_nano.a(lib_a-memchr-stub.o)
                0x0000000008002fac                memchr
 .text.__malloc_lock
                0x0000000008002fc8        0xc /home/akinya/gcc-arm-none-eabi/bin/../lib/gcc/arm-none-eabi/10.3.1/../../../../arm-none-eabi/lib/thumb/v7-m/nofp/libc_nano.a(lib_a-mlock.o)
                0x0000000008002fc8                __malloc_lock
 .text.__malloc_unlock
                0x0000000008002fd4        0xc /home/akinya/gcc-arm-none-eabi/bin/../lib/gcc/arm-none-eabi/10.3.1/../../../../arm-none-eabi/lib/thumb/v7-m/nofp/libc_nano.a(lib_a-mlock.o)
                0x0000000008002fd4                __malloc_unlock
 .text._read_r  0x0000000008002fe0       0x24 /home/akinya/gcc-arm-none-eabi/bin/../lib/gcc/arm-none-eabi/10.3.1/../../../../arm-none-eabi/lib/thumb/v7-m/nofp/libc_nano.a(lib_a-readr.o)
                0x0000000008002fe0                _read_r
 .text._close   0x0000000008003004       0x10 /home/akinya/gcc-arm-none-eabi/bin/../lib/gcc/arm-none-eabi/10.3.1/../../../../arm-none-eabi/lib/thumb/v7-m/nofp/libnosys.a(close.o)
                0x0000000008003004                _close
 .text._fstat   0x0000000008003014       0x10 /home/akinya/gcc-arm-none-eabi/bin/../lib/gcc/arm-none-eabi/10.3.1/../../../../arm-none-eabi/lib/thumb/v7-m/nofp/libnosys.a(fstat.o)
                0x0000000008003014                _fstat
 .text._isatty  0x0000000008003024       0x10 /home/akinya/gcc-arm-none-eabi/bin/../lib/gcc/arm-none-eabi/10.3.1/../../../../arm-none-eabi/lib/thumb/v7-m/nofp/libnosys.a(isatty.o)
                0x0000000008003024                _isatty
 .text._lseek   0x0000000008003034       0x10 /home/akinya/gcc-arm-none-eabi/bin/../lib/gcc/arm-none-eabi/10.3.1/../../../../arm-none-eabi/lib/thumb/v7-m/nofp/libnosys.a(lseek.o)
                0x0000000008003034                _lseek
 .text._read    0x0000000008003044       0x10 /home/akinya/gcc-arm-none-eabi/bin/../lib/gcc/arm-none-eabi/10.3.1/../../../../arm-none-eabi/lib/thumb/v7-m/nofp/libnosys.a(read.o)
                0x0000000008003044                _read
 .text._sbrk    0x0000000008003054       0x1c /home/akinya/gcc-arm-none-eabi/bin/../lib/gcc/arm-none-eabi/10.3.1/../../../../arm-none-eabi/lib/thumb/v7-m/nofp/libnosys.a(sbrk.o)
                0x0000000008003054                _sbrk
 *(.glue_7)
 .glue_7        0x0000000008003070        0x0 linker stubs
 *(.glue_7t)
 .glue_7t       0x0000000008003070        0x0 linker stubs
 *(.eh_frame)
 .eh_frame      0x0000000008003070        0x0 /home/akinya/gcc-arm-none-eabi/bin/../lib/gcc/arm-none-eabi/10.3.1/thumb/v7-m/nofp/crtbegin.o
 *(.init)
 .init          0x0000000008003070        0x4 /home/akinya/gcc-arm-none-eabi/bin/../lib/gcc/arm-none-eabi/10.3.1/thumb/v7-m/nofp/crti.o
                0x0000000008003070                _init
 .init          0x0000000008003074        0x8 /home/akinya/gcc-arm-none-eabi/bin/../lib/gcc/arm-none-eabi/10.3.1/thumb/v7-m/nofp/crtn.o
 *(.fini)
 .fini          0x000000000800307c        0x4 /home/akinya/gcc-arm-none-eabi/bin/../lib/gcc/arm-none-eabi/10.3.1/thumb/v7-m/nofp/crti.o
                0x000000000800307c                _fini
 .fini          0x0000000008003080        0x8 /home/akinya/gcc-arm-none-eabi/bin/../lib/gcc/arm-none-eabi/10.3.1/thumb/v7-m/nofp/crtn.o
                0x0000000008003088                . = ALIGN (0x4)
                0x0000000008003088                _etext = .

.vfp11_veneer   0x0000000008003088        0x0
 .vfp11_veneer  0x0000000008003088        0x0 linker stubs

.v4_bx          0x0000000008003088        0x0
 .v4_bx         0x0000000008003088        0x0 linker stubs

.iplt           0x0000000008003088        0x0
 .iplt          0x0000000008003088        0x0 /home/akinya/gcc-arm-none-eabi/bin/../lib/gcc/arm-none-eabi/10.3.1/thumb/v7-m/nofp/crtbegin.o

.rodata         0x0000000008003088      0x13c
                0x0000000008003088                . = ALIGN (0x4)
 *(.rodata)
 *(.rodata*)
 .rodata.HAL_RCC_GetSysClockFreq.str1.4
                0x0000000008003088       0x11 build/stm32f1xx_hal_rcc.o
 *fill*         0x0000000008003099        0x3 
 .rodata.AHBPrescTable
                0x000000000800309c       0x10 build/system_stm32f1xx.o
                0x000000000800309c                AHBPrescTable
 .rodata.APBPrescTable
                0x00000000080030ac        0x8 build/system_stm32f1xx.o
                0x00000000080030ac                APBPrescTable
 .rodata.ShowID.str1.4
                0x00000000080030b4        0xb build/RC522.o
 *fill*         0x00000000080030bf        0x1 
 .rodata.RC522_Handle1.str1.4
                0x00000000080030c0       0x6c build/RC522.o
 .rodata._global_impure_ptr
                0x000000000800312c        0x4 /home/akinya/gcc-arm-none-eabi/bin/../lib/gcc/arm-none-eabi/10.3.1/../../../../arm-none-eabi/lib/thumb/v7-m/nofp/libc_nano.a(lib_a-impure.o)
                0x000000000800312c                _global_impure_ptr
 .rodata.__sf_fake_stderr
                0x0000000008003130       0x20 /home/akinya/gcc-arm-none-eabi/bin/../lib/gcc/arm-none-eabi/10.3.1/../../../../arm-none-eabi/lib/thumb/v7-m/nofp/libc_nano.a(lib_a-findfp.o)
                0x0000000008003130                __sf_fake_stderr
 .rodata.__sf_fake_stdin
                0x0000000008003150       0x20 /home/akinya/gcc-arm-none-eabi/bin/../lib/gcc/arm-none-eabi/10.3.1/../../../../arm-none-eabi/lib/thumb/v7-m/nofp/libc_nano.a(lib_a-findfp.o)
                0x0000000008003150                __sf_fake_stdin
 .rodata.__sf_fake_stdout
                0x0000000008003170       0x20 /home/akinya/gcc-arm-none-eabi/bin/../lib/gcc/arm-none-eabi/10.3.1/../../../../arm-none-eabi/lib/thumb/v7-m/nofp/libc_nano.a(lib_a-findfp.o)
                0x0000000008003170                __sf_fake_stdout
 .rodata._vfprintf_r.str1.1
                0x0000000008003190       0x11 /home/akinya/gcc-arm-none-eabi/bin/../lib/gcc/arm-none-eabi/10.3.1/../../../../arm-none-eabi/lib/thumb/v7-m/nofp/libc_nano.a(lib_a-nano-vfprintf.o)
 .rodata._printf_i.str1.1
                0x00000000080031a1       0x22 /home/akinya/gcc-arm-none-eabi/bin/../lib/gcc/arm-none-eabi/10.3.1/../../../../arm-none-eabi/lib/thumb/v7-m/nofp/libc_nano.a(lib_a-nano-vfprintf_i.o)
                0x00000000080031c4                . = ALIGN (0x4)
 *fill*         0x00000000080031c3        0x1 

.rel.dyn        0x00000000080031c4        0x0
 .rel.iplt      0x00000000080031c4        0x0 /home/akinya/gcc-arm-none-eabi/bin/../lib/gcc/arm-none-eabi/10.3.1/thumb/v7-m/nofp/crtbegin.o

.ARM.extab
 *(.ARM.extab* .gnu.linkonce.armextab.*)

.ARM            0x00000000080031c4        0x0
                0x00000000080031c4                __exidx_start = .
 *(.ARM.exidx*)
                0x00000000080031c4                __exidx_end = .

.preinit_array  0x00000000080031c4        0x0
                0x00000000080031c4                PROVIDE (__preinit_array_start = .)
 *(.preinit_array*)
                0x00000000080031c4                PROVIDE (__preinit_array_end = .)

.init_array     0x00000000080031c4        0x4
                0x00000000080031c4                PROVIDE (__init_array_start = .)
 *(SORT_BY_NAME(.init_array.*))
 *(.init_array*)
 .init_array    0x00000000080031c4        0x4 /home/akinya/gcc-arm-none-eabi/bin/../lib/gcc/arm-none-eabi/10.3.1/thumb/v7-m/nofp/crtbegin.o
                0x00000000080031c8                PROVIDE (__init_array_end = .)

.fini_array     0x00000000080031c8        0x4
                [!provide]                        PROVIDE (__fini_array_start = .)
 *(SORT_BY_NAME(.fini_array.*))
 *(.fini_array*)
 .fini_array    0x00000000080031c8        0x4 /home/akinya/gcc-arm-none-eabi/bin/../lib/gcc/arm-none-eabi/10.3.1/thumb/v7-m/nofp/crtbegin.o
                [!provide]                        PROVIDE (__fini_array_end = .)
                0x00000000080031cc                _sidata = LOADADDR (.data)

.data           0x0000000020000000       0x80 load address 0x00000000080031cc
                0x0000000020000000                . = ALIGN (0x4)
                0x0000000020000000                _sdata = .
 *(.data)
 *(.data*)
 .data.uwTickFreq
                0x0000000020000000        0x1 build/stm32f1xx_hal.o
                0x0000000020000000                uwTickFreq
 *fill*         0x0000000020000001        0x3 
 .data.uwTickPrio
                0x0000000020000004        0x4 build/stm32f1xx_hal.o
                0x0000000020000004                uwTickPrio
 .data.SystemCoreClock
                0x0000000020000008        0x4 build/system_stm32f1xx.o
                0x0000000020000008                SystemCoreClock
 .data.KEY1_A   0x000000002000000c        0x6 build/RC522.o
                0x000000002000000c                KEY1_A
 *fill*         0x0000000020000012        0x2 
 .data.mycards  0x0000000020000014        0x8 build/RC522.o
                0x0000000020000014                mycards
 .data._impure_ptr
                0x000000002000001c        0x4 /home/akinya/gcc-arm-none-eabi/bin/../lib/gcc/arm-none-eabi/10.3.1/../../../../arm-none-eabi/lib/thumb/v7-m/nofp/libc_nano.a(lib_a-impure.o)
                0x000000002000001c                _impure_ptr
 .data.impure_data
                0x0000000020000020       0x60 /home/akinya/gcc-arm-none-eabi/bin/../lib/gcc/arm-none-eabi/10.3.1/../../../../arm-none-eabi/lib/thumb/v7-m/nofp/libc_nano.a(lib_a-impure.o)
                0x0000000020000080                . = ALIGN (0x4)
                0x0000000020000080                _edata = .

.igot.plt       0x0000000020000080        0x0 load address 0x000000000800324c
 .igot.plt      0x0000000020000080        0x0 /home/akinya/gcc-arm-none-eabi/bin/../lib/gcc/arm-none-eabi/10.3.1/thumb/v7-m/nofp/crtbegin.o
                0x0000000020000080                . = ALIGN (0x4)

.bss            0x0000000020000080       0xdc load address 0x000000000800324c
                0x0000000020000080                _sbss = .
                0x0000000020000080                __bss_start__ = _sbss
 *(.bss)
 .bss           0x0000000020000080       0x1c /home/akinya/gcc-arm-none-eabi/bin/../lib/gcc/arm-none-eabi/10.3.1/thumb/v7-m/nofp/crtbegin.o
 *(.bss*)
 .bss.uwTick    0x000000002000009c        0x4 build/stm32f1xx_hal.o
                0x000000002000009c                uwTick
 .bss.huart1    0x00000000200000a0       0x44 build/usart.o
                0x00000000200000a0                huart1
 .bss.CT        0x00000000200000e4        0x2 build/RC522.o
                0x00000000200000e4                CT
 *fill*         0x00000000200000e6        0x2 
 .bss.SN        0x00000000200000e8        0x4 build/RC522.o
                0x00000000200000e8                SN
 .bss.cardNum   0x00000000200000ec        0x1 build/RC522.o
                0x00000000200000ec                cardNum
 .bss.status    0x00000000200000ed        0x1 build/RC522.o
                0x00000000200000ed                status
 *fill*         0x00000000200000ee        0x2 
 .bss.hspi1     0x00000000200000f0       0x58 build/spi.o
                0x00000000200000f0                hspi1
 .bss.__lock___malloc_recursive_mutex
                0x0000000020000148        0x1 /home/akinya/gcc-arm-none-eabi/bin/../lib/gcc/arm-none-eabi/10.3.1/../../../../arm-none-eabi/lib/thumb/v7-m/nofp/libc_nano.a(lib_a-lock.o)
                0x0000000020000148                __lock___malloc_recursive_mutex
 .bss.__lock___sfp_recursive_mutex
                0x0000000020000149        0x1 /home/akinya/gcc-arm-none-eabi/bin/../lib/gcc/arm-none-eabi/10.3.1/../../../../arm-none-eabi/lib/thumb/v7-m/nofp/libc_nano.a(lib_a-lock.o)
                0x0000000020000149                __lock___sfp_recursive_mutex
 .bss.__lock___sinit_recursive_mutex
                0x000000002000014a        0x1 /home/akinya/gcc-arm-none-eabi/bin/../lib/gcc/arm-none-eabi/10.3.1/../../../../arm-none-eabi/lib/thumb/v7-m/nofp/libc_nano.a(lib_a-lock.o)
                0x000000002000014a                __lock___sinit_recursive_mutex
 *fill*         0x000000002000014b        0x1 
 .bss.__malloc_free_list
                0x000000002000014c        0x4 /home/akinya/gcc-arm-none-eabi/bin/../lib/gcc/arm-none-eabi/10.3.1/../../../../arm-none-eabi/lib/thumb/v7-m/nofp/libc_nano.a(lib_a-nano-mallocr.o)
                0x000000002000014c                __malloc_free_list
 .bss.__malloc_sbrk_start
                0x0000000020000150        0x4 /home/akinya/gcc-arm-none-eabi/bin/../lib/gcc/arm-none-eabi/10.3.1/../../../../arm-none-eabi/lib/thumb/v7-m/nofp/libc_nano.a(lib_a-nano-mallocr.o)
                0x0000000020000150                __malloc_sbrk_start
 .bss.errno     0x0000000020000154        0x4 /home/akinya/gcc-arm-none-eabi/bin/../lib/gcc/arm-none-eabi/10.3.1/../../../../arm-none-eabi/lib/thumb/v7-m/nofp/libc_nano.a(lib_a-reent.o)
                0x0000000020000154                errno
 .bss.heap_end.0
                0x0000000020000158        0x4 /home/akinya/gcc-arm-none-eabi/bin/../lib/gcc/arm-none-eabi/10.3.1/../../../../arm-none-eabi/lib/thumb/v7-m/nofp/libnosys.a(sbrk.o)
 *(COMMON)
                0x000000002000015c                . = ALIGN (0x4)
                0x000000002000015c                _ebss = .
                0x000000002000015c                __bss_end__ = _ebss

._user_heap_stack
                0x000000002000015c      0x604 load address 0x000000000800324c
                0x0000000020000160                . = ALIGN (0x8)
 *fill*         0x000000002000015c        0x4 
                0x0000000020000160                PROVIDE (end = .)
                [!provide]                        PROVIDE (_end = .)
                0x0000000020000360                . = (. + _Min_Heap_Size)
 *fill*         0x0000000020000160      0x200 
                0x0000000020000760                . = (. + _Min_Stack_Size)
 *fill*         0x0000000020000360      0x400 
                0x0000000020000760                . = ALIGN (0x8)

/DISCARD/
 libc.a(*)
 libm.a(*)
 libgcc.a(*)

.ARM.attributes
                0x0000000000000000       0x29
 *(.ARM.attributes)
 .ARM.attributes
                0x0000000000000000       0x1d /home/akinya/gcc-arm-none-eabi/bin/../lib/gcc/arm-none-eabi/10.3.1/thumb/v7-m/nofp/crti.o
 .ARM.attributes
                0x000000000000001d       0x2d /home/akinya/gcc-arm-none-eabi/bin/../lib/gcc/arm-none-eabi/10.3.1/thumb/v7-m/nofp/crtbegin.o
 .ARM.attributes
                0x000000000000004a       0x2d build/main.o
 .ARM.attributes
                0x0000000000000077       0x2d build/gpio.o
 .ARM.attributes
                0x00000000000000a4       0x2d build/stm32f1xx_it.o
 .ARM.attributes
                0x00000000000000d1       0x2d build/stm32f1xx_hal_msp.o
 .ARM.attributes
                0x00000000000000fe       0x2d build/stm32f1xx_hal.o
 .ARM.attributes
                0x000000000000012b       0x2d build/stm32f1xx_hal_rcc.o
 .ARM.attributes
                0x0000000000000158       0x2d build/stm32f1xx_hal_gpio.o
 .ARM.attributes
                0x0000000000000185       0x2d build/stm32f1xx_hal_cortex.o
 .ARM.attributes
                0x00000000000001b2       0x2d build/system_stm32f1xx.o
 .ARM.attributes
                0x00000000000001df       0x2d build/usart.o
 .ARM.attributes
                0x000000000000020c       0x2d build/RC522.o
 .ARM.attributes
                0x0000000000000239       0x2d build/stm32f1xx_hal_uart.o
 .ARM.attributes
                0x0000000000000266       0x2d build/spi.o
 .ARM.attributes
                0x0000000000000293       0x2d build/stm32f1xx_hal_spi.o
 .ARM.attributes
                0x00000000000002c0       0x21 build/startup_stm32f103xb.o
 .ARM.attributes
                0x00000000000002e1       0x2d /home/akinya/gcc-arm-none-eabi/bin/../lib/gcc/arm-none-eabi/10.3.1/../../../../arm-none-eabi/lib/thumb/v7-m/nofp/libc_nano.a(lib_a-impure.o)
 .ARM.attributes
                0x000000000000030e       0x2d /home/akinya/gcc-arm-none-eabi/bin/../lib/gcc/arm-none-eabi/10.3.1/../../../../arm-none-eabi/lib/thumb/v7-m/nofp/libc_nano.a(lib_a-init.o)
 .ARM.attributes
                0x000000000000033b       0x2d /home/akinya/gcc-arm-none-eabi/bin/../lib/gcc/arm-none-eabi/10.3.1/../../../../arm-none-eabi/lib/thumb/v7-m/nofp/libc_nano.a(lib_a-memset.o)
 .ARM.attributes
                0x0000000000000368       0x2d /home/akinya/gcc-arm-none-eabi/bin/../lib/gcc/arm-none-eabi/10.3.1/../../../../arm-none-eabi/lib/thumb/v7-m/nofp/libc_nano.a(lib_a-printf.o)
 .ARM.attributes
                0x0000000000000395       0x2d /home/akinya/gcc-arm-none-eabi/bin/../lib/gcc/arm-none-eabi/10.3.1/../../../../arm-none-eabi/lib/thumb/v7-m/nofp/libc_nano.a(lib_a-puts.o)
 .ARM.attributes
                0x00000000000003c2       0x2d /home/akinya/gcc-arm-none-eabi/bin/../lib/gcc/arm-none-eabi/10.3.1/../../../../arm-none-eabi/lib/thumb/v7-m/nofp/libc_nano.a(lib_a-wbuf.o)
 .ARM.attributes
                0x00000000000003ef       0x2d /home/akinya/gcc-arm-none-eabi/bin/../lib/gcc/arm-none-eabi/10.3.1/../../../../arm-none-eabi/lib/thumb/v7-m/nofp/libc_nano.a(lib_a-wsetup.o)
 .ARM.attributes
                0x000000000000041c       0x2d /home/akinya/gcc-arm-none-eabi/bin/../lib/gcc/arm-none-eabi/10.3.1/../../../../arm-none-eabi/lib/thumb/v7-m/nofp/libc_nano.a(lib_a-fflush.o)
 .ARM.attributes
                0x0000000000000449       0x2d /home/akinya/gcc-arm-none-eabi/bin/../lib/gcc/arm-none-eabi/10.3.1/../../../../arm-none-eabi/lib/thumb/v7-m/nofp/libc_nano.a(lib_a-findfp.o)
 .ARM.attributes
                0x0000000000000476       0x2d /home/akinya/gcc-arm-none-eabi/bin/../lib/gcc/arm-none-eabi/10.3.1/../../../../arm-none-eabi/lib/thumb/v7-m/nofp/libc_nano.a(lib_a-fwalk.o)
 .ARM.attributes
                0x00000000000004a3       0x2d /home/akinya/gcc-arm-none-eabi/bin/../lib/gcc/arm-none-eabi/10.3.1/../../../../arm-none-eabi/lib/thumb/v7-m/nofp/libc_nano.a(lib_a-lock.o)
 .ARM.attributes
                0x00000000000004d0       0x2d /home/akinya/gcc-arm-none-eabi/bin/../lib/gcc/arm-none-eabi/10.3.1/../../../../arm-none-eabi/lib/thumb/v7-m/nofp/libc_nano.a(lib_a-makebuf.o)
 .ARM.attributes
                0x00000000000004fd       0x2d /home/akinya/gcc-arm-none-eabi/bin/../lib/gcc/arm-none-eabi/10.3.1/../../../../arm-none-eabi/lib/thumb/v7-m/nofp/libc_nano.a(lib_a-nano-freer.o)
 .ARM.attributes
                0x000000000000052a       0x2d /home/akinya/gcc-arm-none-eabi/bin/../lib/gcc/arm-none-eabi/10.3.1/../../../../arm-none-eabi/lib/thumb/v7-m/nofp/libc_nano.a(lib_a-nano-mallocr.o)
 .ARM.attributes
                0x0000000000000557       0x2d /home/akinya/gcc-arm-none-eabi/bin/../lib/gcc/arm-none-eabi/10.3.1/../../../../arm-none-eabi/lib/thumb/v7-m/nofp/libc_nano.a(lib_a-nano-vfprintf.o)
 .ARM.attributes
                0x0000000000000584       0x2d /home/akinya/gcc-arm-none-eabi/bin/../lib/gcc/arm-none-eabi/10.3.1/../../../../arm-none-eabi/lib/thumb/v7-m/nofp/libc_nano.a(lib_a-nano-vfprintf_i.o)
 .ARM.attributes
                0x00000000000005b1       0x2d /home/akinya/gcc-arm-none-eabi/bin/../lib/gcc/arm-none-eabi/10.3.1/../../../../arm-none-eabi/lib/thumb/v7-m/nofp/libc_nano.a(lib_a-sbrkr.o)
 .ARM.attributes
                0x00000000000005de       0x2d /home/akinya/gcc-arm-none-eabi/bin/../lib/gcc/arm-none-eabi/10.3.1/../../../../arm-none-eabi/lib/thumb/v7-m/nofp/libc_nano.a(lib_a-stdio.o)
 .ARM.attributes
                0x000000000000060b       0x2d /home/akinya/gcc-arm-none-eabi/bin/../lib/gcc/arm-none-eabi/10.3.1/../../../../arm-none-eabi/lib/thumb/v7-m/nofp/libc_nano.a(lib_a-writer.o)
 .ARM.attributes
                0x0000000000000638       0x2d /home/akinya/gcc-arm-none-eabi/bin/../lib/gcc/arm-none-eabi/10.3.1/../../../../arm-none-eabi/lib/thumb/v7-m/nofp/libc_nano.a(lib_a-closer.o)
 .ARM.attributes
                0x0000000000000665       0x2d /home/akinya/gcc-arm-none-eabi/bin/../lib/gcc/arm-none-eabi/10.3.1/../../../../arm-none-eabi/lib/thumb/v7-m/nofp/libc_nano.a(lib_a-fstatr.o)
 .ARM.attributes
                0x0000000000000692       0x2d /home/akinya/gcc-arm-none-eabi/bin/../lib/gcc/arm-none-eabi/10.3.1/../../../../arm-none-eabi/lib/thumb/v7-m/nofp/libc_nano.a(lib_a-isattyr.o)
 .ARM.attributes
                0x00000000000006bf       0x2d /home/akinya/gcc-arm-none-eabi/bin/../lib/gcc/arm-none-eabi/10.3.1/../../../../arm-none-eabi/lib/thumb/v7-m/nofp/libc_nano.a(lib_a-lseekr.o)
 .ARM.attributes
                0x00000000000006ec       0x2d /home/akinya/gcc-arm-none-eabi/bin/../lib/gcc/arm-none-eabi/10.3.1/../../../../arm-none-eabi/lib/thumb/v7-m/nofp/libc_nano.a(lib_a-memchr-stub.o)
 .ARM.attributes
                0x0000000000000719       0x2d /home/akinya/gcc-arm-none-eabi/bin/../lib/gcc/arm-none-eabi/10.3.1/../../../../arm-none-eabi/lib/thumb/v7-m/nofp/libc_nano.a(lib_a-mlock.o)
 .ARM.attributes
                0x0000000000000746       0x2d /home/akinya/gcc-arm-none-eabi/bin/../lib/gcc/arm-none-eabi/10.3.1/../../../../arm-none-eabi/lib/thumb/v7-m/nofp/libc_nano.a(lib_a-readr.o)
 .ARM.attributes
                0x0000000000000773       0x2d /home/akinya/gcc-arm-none-eabi/bin/../lib/gcc/arm-none-eabi/10.3.1/../../../../arm-none-eabi/lib/thumb/v7-m/nofp/libc_nano.a(lib_a-reent.o)
 .ARM.attributes
                0x00000000000007a0       0x2d /home/akinya/gcc-arm-none-eabi/bin/../lib/gcc/arm-none-eabi/10.3.1/../../../../arm-none-eabi/lib/thumb/v7-m/nofp/libnosys.a(close.o)
 .ARM.attributes
                0x00000000000007cd       0x2d /home/akinya/gcc-arm-none-eabi/bin/../lib/gcc/arm-none-eabi/10.3.1/../../../../arm-none-eabi/lib/thumb/v7-m/nofp/libnosys.a(fstat.o)
 .ARM.attributes
                0x00000000000007fa       0x2d /home/akinya/gcc-arm-none-eabi/bin/../lib/gcc/arm-none-eabi/10.3.1/../../../../arm-none-eabi/lib/thumb/v7-m/nofp/libnosys.a(isatty.o)
 .ARM.attributes
                0x0000000000000827       0x2d /home/akinya/gcc-arm-none-eabi/bin/../lib/gcc/arm-none-eabi/10.3.1/../../../../arm-none-eabi/lib/thumb/v7-m/nofp/libnosys.a(lseek.o)
 .ARM.attributes
                0x0000000000000854       0x2d /home/akinya/gcc-arm-none-eabi/bin/../lib/gcc/arm-none-eabi/10.3.1/../../../../arm-none-eabi/lib/thumb/v7-m/nofp/libnosys.a(read.o)
 .ARM.attributes
                0x0000000000000881       0x2d /home/akinya/gcc-arm-none-eabi/bin/../lib/gcc/arm-none-eabi/10.3.1/../../../../arm-none-eabi/lib/thumb/v7-m/nofp/libnosys.a(sbrk.o)
 .ARM.attributes
                0x00000000000008ae       0x1d /home/akinya/gcc-arm-none-eabi/bin/../lib/gcc/arm-none-eabi/10.3.1/thumb/v7-m/nofp/crtn.o
OUTPUT(build/template.elf elf32-littlearm)
LOAD linker stubs
LOAD /home/akinya/gcc-arm-none-eabi/bin/../lib/gcc/arm-none-eabi/10.3.1/../../../../arm-none-eabi/lib/thumb/v7-m/nofp/libc.a
LOAD /home/akinya/gcc-arm-none-eabi/bin/../lib/gcc/arm-none-eabi/10.3.1/../../../../arm-none-eabi/lib/thumb/v7-m/nofp/libm.a
LOAD /home/akinya/gcc-arm-none-eabi/bin/../lib/gcc/arm-none-eabi/10.3.1/thumb/v7-m/nofp/libgcc.a

.debug_info     0x0000000000000000     0xa1c0
 .debug_info    0x0000000000000000      0x3a4 build/main.o
 .debug_info    0x00000000000003a4      0x3bb build/gpio.o
 .debug_info    0x000000000000075f      0x15b build/stm32f1xx_it.o
 .debug_info    0x00000000000008ba      0x238 build/stm32f1xx_hal_msp.o
 .debug_info    0x0000000000000af2      0x855 build/stm32f1xx_hal.o
 .debug_info    0x0000000000001347      0xaec build/stm32f1xx_hal_rcc.o
 .debug_info    0x0000000000001e33      0x6d7 build/stm32f1xx_hal_gpio.o
 .debug_info    0x000000000000250a      0xe2d build/stm32f1xx_hal_cortex.o
 .debug_info    0x0000000000003337      0x26e build/system_stm32f1xx.o
 .debug_info    0x00000000000035a5      0x979 build/usart.o
 .debug_info    0x0000000000003f1e     0x1c62 build/RC522.o
 .debug_info    0x0000000000005b80     0x1e12 build/stm32f1xx_hal_uart.o
 .debug_info    0x0000000000007992      0x92d build/spi.o
 .debug_info    0x00000000000082bf     0x1edf build/stm32f1xx_hal_spi.o
 .debug_info    0x000000000000a19e       0x22 build/startup_stm32f103xb.o

.debug_abbrev   0x0000000000000000     0x1b98
 .debug_abbrev  0x0000000000000000      0x183 build/main.o
 .debug_abbrev  0x0000000000000183      0x13f build/gpio.o
 .debug_abbrev  0x00000000000002c2       0x81 build/stm32f1xx_it.o
 .debug_abbrev  0x0000000000000343       0xe7 build/stm32f1xx_hal_msp.o
 .debug_abbrev  0x000000000000042a      0x1f7 build/stm32f1xx_hal.o
 .debug_abbrev  0x0000000000000621      0x29a build/stm32f1xx_hal_rcc.o
 .debug_abbrev  0x00000000000008bb      0x222 build/stm32f1xx_hal_gpio.o
 .debug_abbrev  0x0000000000000add      0x359 build/stm32f1xx_hal_cortex.o
 .debug_abbrev  0x0000000000000e36      0x140 build/system_stm32f1xx.o
 .debug_abbrev  0x0000000000000f76      0x1f7 build/usart.o
 .debug_abbrev  0x000000000000116d      0x317 build/RC522.o
 .debug_abbrev  0x0000000000001484      0x2ab build/stm32f1xx_hal_uart.o
 .debug_abbrev  0x000000000000172f      0x1c5 build/spi.o
 .debug_abbrev  0x00000000000018f4      0x292 build/stm32f1xx_hal_spi.o
 .debug_abbrev  0x0000000000001b86       0x12 build/startup_stm32f103xb.o

.debug_loc      0x0000000000000000     0x744c
 .debug_loc     0x0000000000000000       0x66 build/main.o
 .debug_loc     0x0000000000000066       0x39 build/gpio.o
 .debug_loc     0x000000000000009f       0x20 build/stm32f1xx_it.o
 .debug_loc     0x00000000000000bf       0x41 build/stm32f1xx_hal_msp.o
 .debug_loc     0x0000000000000100      0x1e1 build/stm32f1xx_hal.o
 .debug_loc     0x00000000000002e1      0x7ee build/stm32f1xx_hal_rcc.o
 .debug_loc     0x0000000000000acf      0x551 build/stm32f1xx_hal_gpio.o
 .debug_loc     0x0000000000001020      0x77f build/stm32f1xx_hal_cortex.o
 .debug_loc     0x000000000000179f       0xff build/system_stm32f1xx.o
 .debug_loc     0x000000000000189e      0x1a1 build/usart.o
 .debug_loc     0x0000000000001a3f      0xe1c build/RC522.o
 .debug_loc     0x000000000000285b     0x267b build/stm32f1xx_hal_uart.o
 .debug_loc     0x0000000000004ed6      0x108 build/spi.o
 .debug_loc     0x0000000000004fde     0x246e build/stm32f1xx_hal_spi.o

.debug_aranges  0x0000000000000000      0x870
 .debug_aranges
                0x0000000000000000       0x30 build/main.o
 .debug_aranges
                0x0000000000000030       0x20 build/gpio.o
 .debug_aranges
                0x0000000000000050       0x60 build/stm32f1xx_it.o
 .debug_aranges
                0x00000000000000b0       0x20 build/stm32f1xx_hal_msp.o
 .debug_aranges
                0x00000000000000d0       0xe0 build/stm32f1xx_hal.o
 .debug_aranges
                0x00000000000001b0       0x90 build/stm32f1xx_hal_rcc.o
 .debug_aranges
                0x0000000000000240       0x58 build/stm32f1xx_hal_gpio.o
 .debug_aranges
                0x0000000000000298       0x90 build/stm32f1xx_hal_cortex.o
 .debug_aranges
                0x0000000000000328       0x28 build/system_stm32f1xx.o
 .debug_aranges
                0x0000000000000350       0x38 build/usart.o
 .debug_aranges
                0x0000000000000388       0xc0 build/RC522.o
 .debug_aranges
                0x0000000000000448      0x200 build/stm32f1xx_hal_uart.o
 .debug_aranges
                0x0000000000000648       0x30 build/spi.o
 .debug_aranges
                0x0000000000000678      0x1d0 build/stm32f1xx_hal_spi.o
 .debug_aranges
                0x0000000000000848       0x28 build/startup_stm32f103xb.o

.debug_ranges   0x0000000000000000      0x808
 .debug_ranges  0x0000000000000000       0x20 build/main.o
 .debug_ranges  0x0000000000000020       0x10 build/gpio.o
 .debug_ranges  0x0000000000000030       0x50 build/stm32f1xx_it.o
 .debug_ranges  0x0000000000000080       0x10 build/stm32f1xx_hal_msp.o
 .debug_ranges  0x0000000000000090       0xd0 build/stm32f1xx_hal.o
 .debug_ranges  0x0000000000000160       0xa0 build/stm32f1xx_hal_rcc.o
 .debug_ranges  0x0000000000000200       0x48 build/stm32f1xx_hal_gpio.o
 .debug_ranges  0x0000000000000248       0xe0 build/stm32f1xx_hal_cortex.o
 .debug_ranges  0x0000000000000328       0x18 build/system_stm32f1xx.o
 .debug_ranges  0x0000000000000340       0x28 build/usart.o
 .debug_ranges  0x0000000000000368       0xb0 build/RC522.o
 .debug_ranges  0x0000000000000418      0x1f0 build/stm32f1xx_hal_uart.o
 .debug_ranges  0x0000000000000608       0x20 build/spi.o
 .debug_ranges  0x0000000000000628      0x1c0 build/stm32f1xx_hal_spi.o
 .debug_ranges  0x00000000000007e8       0x20 build/startup_stm32f103xb.o

.debug_line     0x0000000000000000     0x7ded
 .debug_line    0x0000000000000000      0x2a5 build/main.o
 .debug_line    0x00000000000002a5      0x1d8 build/gpio.o
 .debug_line    0x000000000000047d      0x177 build/stm32f1xx_it.o
 .debug_line    0x00000000000005f4      0x139 build/stm32f1xx_hal_msp.o
 .debug_line    0x000000000000072d      0x4ea build/stm32f1xx_hal.o
 .debug_line    0x0000000000000c17      0xbe8 build/stm32f1xx_hal_rcc.o
 .debug_line    0x00000000000017ff      0x59f build/stm32f1xx_hal_gpio.o
 .debug_line    0x0000000000001d9e      0x5f5 build/stm32f1xx_hal_cortex.o
 .debug_line    0x0000000000002393      0x202 build/system_stm32f1xx.o
 .debug_line    0x0000000000002595      0x2d1 build/usart.o
 .debug_line    0x0000000000002866      0xdab build/RC522.o
 .debug_line    0x0000000000003611     0x2077 build/stm32f1xx_hal_uart.o
 .debug_line    0x0000000000005688      0x2ca build/spi.o
 .debug_line    0x0000000000005952     0x2426 build/stm32f1xx_hal_spi.o
 .debug_line    0x0000000000007d78       0x75 build/startup_stm32f103xb.o

.debug_str      0x0000000000000000     0x25bc
 .debug_str     0x0000000000000000      0x32a build/main.o
                                        0x373 (size before relaxing)
 .debug_str     0x000000000000032a       0xdb build/gpio.o
                                        0x261 (size before relaxing)
 .debug_str     0x0000000000000405       0xb4 build/stm32f1xx_it.o
                                        0x206 (size before relaxing)
 .debug_str     0x00000000000004b9       0x57 build/stm32f1xx_hal_msp.o
                                        0x203 (size before relaxing)
 .debug_str     0x0000000000000510      0x5fb build/stm32f1xx_hal.o
                                        0x808 (size before relaxing)
 .debug_str     0x0000000000000b0b      0x217 build/stm32f1xx_hal_rcc.o
                                        0x60f (size before relaxing)
 .debug_str     0x0000000000000d22      0x127 build/stm32f1xx_hal_gpio.o
                                        0x3e4 (size before relaxing)
 .debug_str     0x0000000000000e49      0x3c2 build/stm32f1xx_hal_cortex.o
                                        0x8b7 (size before relaxing)
 .debug_str     0x000000000000120b       0x4f build/system_stm32f1xx.o
                                        0x238 (size before relaxing)
 .debug_str     0x000000000000125a      0x3d0 build/usart.o
                                        0x69a (size before relaxing)
 .debug_str     0x000000000000162a      0x3e8 build/RC522.o
                                        0x856 (size before relaxing)
 .debug_str     0x0000000000001a12      0x61c build/stm32f1xx_hal_uart.o
                                        0xc72 (size before relaxing)
 .debug_str     0x000000000000202e       0x48 build/spi.o
                                        0x66f (size before relaxing)
 .debug_str     0x0000000000002076      0x4ef build/stm32f1xx_hal_spi.o
                                        0xb4b (size before relaxing)
 .debug_str     0x0000000000002565       0x57 build/startup_stm32f103xb.o

.comment        0x0000000000000000       0x4d
 .comment       0x0000000000000000       0x4d build/main.o
                                         0x4e (size before relaxing)
 .comment       0x000000000000004d       0x4e build/gpio.o
 .comment       0x000000000000004d       0x4e build/stm32f1xx_it.o
 .comment       0x000000000000004d       0x4e build/stm32f1xx_hal_msp.o
 .comment       0x000000000000004d       0x4e build/stm32f1xx_hal.o
 .comment       0x000000000000004d       0x4e build/stm32f1xx_hal_rcc.o
 .comment       0x000000000000004d       0x4e build/stm32f1xx_hal_gpio.o
 .comment       0x000000000000004d       0x4e build/stm32f1xx_hal_cortex.o
 .comment       0x000000000000004d       0x4e build/system_stm32f1xx.o
 .comment       0x000000000000004d       0x4e build/usart.o
 .comment       0x000000000000004d       0x4e build/RC522.o
 .comment       0x000000000000004d       0x4e build/stm32f1xx_hal_uart.o
 .comment       0x000000000000004d       0x4e build/spi.o
 .comment       0x000000000000004d       0x4e build/stm32f1xx_hal_spi.o

.debug_frame    0x0000000000000000     0x1ec8
 .debug_frame   0x0000000000000000       0x58 build/main.o
 .debug_frame   0x0000000000000058       0x38 build/gpio.o
 .debug_frame   0x0000000000000090       0xa8 build/stm32f1xx_it.o
 .debug_frame   0x0000000000000138       0x28 build/stm32f1xx_hal_msp.o
 .debug_frame   0x0000000000000160      0x1cc build/stm32f1xx_hal.o
 .debug_frame   0x000000000000032c      0x190 build/stm32f1xx_hal_rcc.o
 .debug_frame   0x00000000000004bc       0xe4 build/stm32f1xx_hal_gpio.o
 .debug_frame   0x00000000000005a0      0x118 build/stm32f1xx_hal_cortex.o
 .debug_frame   0x00000000000006b8       0x30 build/system_stm32f1xx.o
 .debug_frame   0x00000000000006e8       0x78 build/usart.o
 .debug_frame   0x0000000000000760      0x274 build/RC522.o
 .debug_frame   0x00000000000009d4      0x5c4 build/stm32f1xx_hal_uart.o
 .debug_frame   0x0000000000000f98       0x60 build/spi.o
 .debug_frame   0x0000000000000ff8      0x5a4 build/stm32f1xx_hal_spi.o
 .debug_frame   0x000000000000159c       0x2c /home/akinya/gcc-arm-none-eabi/bin/../lib/gcc/arm-none-eabi/10.3.1/../../../../arm-none-eabi/lib/thumb/v7-m/nofp/libc_nano.a(lib_a-init.o)
 .debug_frame   0x00000000000015c8       0x20 /home/akinya/gcc-arm-none-eabi/bin/../lib/gcc/arm-none-eabi/10.3.1/../../../../arm-none-eabi/lib/thumb/v7-m/nofp/libc_nano.a(lib_a-memset.o)
 .debug_frame   0x00000000000015e8       0x74 /home/akinya/gcc-arm-none-eabi/bin/../lib/gcc/arm-none-eabi/10.3.1/../../../../arm-none-eabi/lib/thumb/v7-m/nofp/libc_nano.a(lib_a-printf.o)
 .debug_frame   0x000000000000165c       0x3c /home/akinya/gcc-arm-none-eabi/bin/../lib/gcc/arm-none-eabi/10.3.1/../../../../arm-none-eabi/lib/thumb/v7-m/nofp/libc_nano.a(lib_a-puts.o)
 .debug_frame   0x0000000000001698       0x40 /home/akinya/gcc-arm-none-eabi/bin/../lib/gcc/arm-none-eabi/10.3.1/../../../../arm-none-eabi/lib/thumb/v7-m/nofp/libc_nano.a(lib_a-wbuf.o)
 .debug_frame   0x00000000000016d8       0x2c /home/akinya/gcc-arm-none-eabi/bin/../lib/gcc/arm-none-eabi/10.3.1/../../../../arm-none-eabi/lib/thumb/v7-m/nofp/libc_nano.a(lib_a-wsetup.o)
 .debug_frame   0x0000000000001704       0x5c /home/akinya/gcc-arm-none-eabi/bin/../lib/gcc/arm-none-eabi/10.3.1/../../../../arm-none-eabi/lib/thumb/v7-m/nofp/libc_nano.a(lib_a-fflush.o)
 .debug_frame   0x0000000000001760      0x14c /home/akinya/gcc-arm-none-eabi/bin/../lib/gcc/arm-none-eabi/10.3.1/../../../../arm-none-eabi/lib/thumb/v7-m/nofp/libc_nano.a(lib_a-findfp.o)
 .debug_frame   0x00000000000018ac       0x54 /home/akinya/gcc-arm-none-eabi/bin/../lib/gcc/arm-none-eabi/10.3.1/../../../../arm-none-eabi/lib/thumb/v7-m/nofp/libc_nano.a(lib_a-fwalk.o)
 .debug_frame   0x0000000000001900       0xb0 /home/akinya/gcc-arm-none-eabi/bin/../lib/gcc/arm-none-eabi/10.3.1/../../../../arm-none-eabi/lib/thumb/v7-m/nofp/libc_nano.a(lib_a-lock.o)
 .debug_frame   0x00000000000019b0       0x58 /home/akinya/gcc-arm-none-eabi/bin/../lib/gcc/arm-none-eabi/10.3.1/../../../../arm-none-eabi/lib/thumb/v7-m/nofp/libc_nano.a(lib_a-makebuf.o)
 .debug_frame   0x0000000000001a08       0x38 /home/akinya/gcc-arm-none-eabi/bin/../lib/gcc/arm-none-eabi/10.3.1/../../../../arm-none-eabi/lib/thumb/v7-m/nofp/libc_nano.a(lib_a-nano-freer.o)
 .debug_frame   0x0000000000001a40       0x4c /home/akinya/gcc-arm-none-eabi/bin/../lib/gcc/arm-none-eabi/10.3.1/../../../../arm-none-eabi/lib/thumb/v7-m/nofp/libc_nano.a(lib_a-nano-mallocr.o)
 .debug_frame   0x0000000000001a8c       0xac /home/akinya/gcc-arm-none-eabi/bin/../lib/gcc/arm-none-eabi/10.3.1/../../../../arm-none-eabi/lib/thumb/v7-m/nofp/libc_nano.a(lib_a-nano-vfprintf.o)
 .debug_frame   0x0000000000001b38       0x60 /home/akinya/gcc-arm-none-eabi/bin/../lib/gcc/arm-none-eabi/10.3.1/../../../../arm-none-eabi/lib/thumb/v7-m/nofp/libc_nano.a(lib_a-nano-vfprintf_i.o)
 .debug_frame   0x0000000000001b98       0x2c /home/akinya/gcc-arm-none-eabi/bin/../lib/gcc/arm-none-eabi/10.3.1/../../../../arm-none-eabi/lib/thumb/v7-m/nofp/libc_nano.a(lib_a-sbrkr.o)
 .debug_frame   0x0000000000001bc4       0x88 /home/akinya/gcc-arm-none-eabi/bin/../lib/gcc/arm-none-eabi/10.3.1/../../../../arm-none-eabi/lib/thumb/v7-m/nofp/libc_nano.a(lib_a-stdio.o)
 .debug_frame   0x0000000000001c4c       0x2c /home/akinya/gcc-arm-none-eabi/bin/../lib/gcc/arm-none-eabi/10.3.1/../../../../arm-none-eabi/lib/thumb/v7-m/nofp/libc_nano.a(lib_a-writer.o)
 .debug_frame   0x0000000000001c78       0x2c /home/akinya/gcc-arm-none-eabi/bin/../lib/gcc/arm-none-eabi/10.3.1/../../../../arm-none-eabi/lib/thumb/v7-m/nofp/libc_nano.a(lib_a-closer.o)
 .debug_frame   0x0000000000001ca4       0x2c /home/akinya/gcc-arm-none-eabi/bin/../lib/gcc/arm-none-eabi/10.3.1/../../../../arm-none-eabi/lib/thumb/v7-m/nofp/libc_nano.a(lib_a-fstatr.o)
 .debug_frame   0x0000000000001cd0       0x2c /home/akinya/gcc-arm-none-eabi/bin/../lib/gcc/arm-none-eabi/10.3.1/../../../../arm-none-eabi/lib/thumb/v7-m/nofp/libc_nano.a(lib_a-isattyr.o)
 .debug_frame   0x0000000000001cfc       0x2c /home/akinya/gcc-arm-none-eabi/bin/../lib/gcc/arm-none-eabi/10.3.1/../../../../arm-none-eabi/lib/thumb/v7-m/nofp/libc_nano.a(lib_a-lseekr.o)
 .debug_frame   0x0000000000001d28       0x28 /home/akinya/gcc-arm-none-eabi/bin/../lib/gcc/arm-none-eabi/10.3.1/../../../../arm-none-eabi/lib/thumb/v7-m/nofp/libc_nano.a(lib_a-memchr-stub.o)
 .debug_frame   0x0000000000001d50       0x30 /home/akinya/gcc-arm-none-eabi/bin/../lib/gcc/arm-none-eabi/10.3.1/../../../../arm-none-eabi/lib/thumb/v7-m/nofp/libc_nano.a(lib_a-mlock.o)
 .debug_frame   0x0000000000001d80       0x2c /home/akinya/gcc-arm-none-eabi/bin/../lib/gcc/arm-none-eabi/10.3.1/../../../../arm-none-eabi/lib/thumb/v7-m/nofp/libc_nano.a(lib_a-readr.o)
 .debug_frame   0x0000000000001dac       0x5c /home/akinya/gcc-arm-none-eabi/bin/../lib/gcc/arm-none-eabi/10.3.1/../../../../arm-none-eabi/lib/thumb/v7-m/nofp/libc_nano.a(lib_a-reent.o)
 .debug_frame   0x0000000000001e08       0x20 /home/akinya/gcc-arm-none-eabi/bin/../lib/gcc/arm-none-eabi/10.3.1/../../../../arm-none-eabi/lib/thumb/v7-m/nofp/libnosys.a(close.o)
 .debug_frame   0x0000000000001e28       0x20 /home/akinya/gcc-arm-none-eabi/bin/../lib/gcc/arm-none-eabi/10.3.1/../../../../arm-none-eabi/lib/thumb/v7-m/nofp/libnosys.a(fstat.o)
 .debug_frame   0x0000000000001e48       0x20 /home/akinya/gcc-arm-none-eabi/bin/../lib/gcc/arm-none-eabi/10.3.1/../../../../arm-none-eabi/lib/thumb/v7-m/nofp/libnosys.a(isatty.o)
 .debug_frame   0x0000000000001e68       0x20 /home/akinya/gcc-arm-none-eabi/bin/../lib/gcc/arm-none-eabi/10.3.1/../../../../arm-none-eabi/lib/thumb/v7-m/nofp/libnosys.a(lseek.o)
 .debug_frame   0x0000000000001e88       0x20 /home/akinya/gcc-arm-none-eabi/bin/../lib/gcc/arm-none-eabi/10.3.1/../../../../arm-none-eabi/lib/thumb/v7-m/nofp/libnosys.a(read.o)
 .debug_frame   0x0000000000001ea8       0x20 /home/akinya/gcc-arm-none-eabi/bin/../lib/gcc/arm-none-eabi/10.3.1/../../../../arm-none-eabi/lib/thumb/v7-m/nofp/libnosys.a(sbrk.o)

.stab           0x0000000000000000       0x84
 .stab          0x0000000000000000       0x24 /home/akinya/gcc-arm-none-eabi/bin/../lib/gcc/arm-none-eabi/10.3.1/../../../../arm-none-eabi/lib/thumb/v7-m/nofp/libnosys.a(close.o)
 .stab          0x0000000000000024       0x18 /home/akinya/gcc-arm-none-eabi/bin/../lib/gcc/arm-none-eabi/10.3.1/../../../../arm-none-eabi/lib/thumb/v7-m/nofp/libnosys.a(fstat.o)
                                         0x24 (size before relaxing)
 .stab          0x000000000000003c       0x18 /home/akinya/gcc-arm-none-eabi/bin/../lib/gcc/arm-none-eabi/10.3.1/../../../../arm-none-eabi/lib/thumb/v7-m/nofp/libnosys.a(isatty.o)
                                         0x24 (size before relaxing)
 .stab          0x0000000000000054       0x18 /home/akinya/gcc-arm-none-eabi/bin/../lib/gcc/arm-none-eabi/10.3.1/../../../../arm-none-eabi/lib/thumb/v7-m/nofp/libnosys.a(lseek.o)
                                         0x24 (size before relaxing)
 .stab          0x000000000000006c       0x18 /home/akinya/gcc-arm-none-eabi/bin/../lib/gcc/arm-none-eabi/10.3.1/../../../../arm-none-eabi/lib/thumb/v7-m/nofp/libnosys.a(read.o)
                                         0x24 (size before relaxing)

.stabstr        0x0000000000000000      0x117
 .stabstr       0x0000000000000000      0x117 /home/akinya/gcc-arm-none-eabi/bin/../lib/gcc/arm-none-eabi/10.3.1/../../../../arm-none-eabi/lib/thumb/v7-m/nofp/libnosys.a(close.o)

Cross Reference Table

Symbol                                            File
ADC1_2_IRQHandler                                 build/startup_stm32f103xb.o
AHBPrescTable                                     build/system_stm32f1xx.o
                                                  build/stm32f1xx_hal_rcc.o
APBPrescTable                                     build/system_stm32f1xx.o
                                                  build/stm32f1xx_hal_rcc.o
BusFault_Handler                                  build/stm32f1xx_it.o
CAN1_RX1_IRQHandler                               build/startup_stm32f103xb.o
CAN1_SCE_IRQHandler                               build/startup_stm32f103xb.o
CT                                                build/RC522.o
CalulateCRC                                       build/RC522.o
ClearBitMask                                      build/RC522.o
DATA                                              build/RC522.o
DATA1                                             build/RC522.o
DMA1_Channel1_IRQHandler                          build/startup_stm32f103xb.o
DMA1_Channel2_IRQHandler                          build/startup_stm32f103xb.o
DMA1_Channel3_IRQHandler                          build/startup_stm32f103xb.o
DMA1_Channel4_IRQHandler                          build/startup_stm32f103xb.o
DMA1_Channel5_IRQHandler                          build/startup_stm32f103xb.o
DMA1_Channel6_IRQHandler                          build/startup_stm32f103xb.o
DMA1_Channel7_IRQHandler                          build/startup_stm32f103xb.o
DebugMon_Handler                                  build/stm32f1xx_it.o
Default_Handler                                   build/startup_stm32f103xb.o
Delay_us                                          build/RC522.o
EXTI0_IRQHandler                                  build/startup_stm32f103xb.o
EXTI15_10_IRQHandler                              build/startup_stm32f103xb.o
EXTI1_IRQHandler                                  build/startup_stm32f103xb.o
EXTI2_IRQHandler                                  build/startup_stm32f103xb.o
EXTI3_IRQHandler                                  build/startup_stm32f103xb.o
EXTI4_IRQHandler                                  build/startup_stm32f103xb.o
EXTI9_5_IRQHandler                                build/startup_stm32f103xb.o
Error_Handler                                     build/main.o
                                                  build/spi.o
                                                  build/usart.o
FLASH_IRQHandler                                  build/startup_stm32f103xb.o
FLASH_PageErase                                   build/stm32f1xx_hal_flash_ex.o
                                                  build/stm32f1xx_hal_flash.o
FLASH_WaitForLastOperation                        build/stm32f1xx_hal_flash.o
                                                  build/stm32f1xx_hal_flash_ex.o
HAL_DBGMCU_DisableDBGSleepMode                    build/stm32f1xx_hal.o
HAL_DBGMCU_DisableDBGStandbyMode                  build/stm32f1xx_hal.o
HAL_DBGMCU_DisableDBGStopMode                     build/stm32f1xx_hal.o
HAL_DBGMCU_EnableDBGSleepMode                     build/stm32f1xx_hal.o
HAL_DBGMCU_EnableDBGStandbyMode                   build/stm32f1xx_hal.o
HAL_DBGMCU_EnableDBGStopMode                      build/stm32f1xx_hal.o
HAL_DMA_Abort                                     build/stm32f1xx_hal_dma.o
                                                  build/stm32f1xx_hal_spi.o
                                                  build/stm32f1xx_hal_uart.o
HAL_DMA_Abort_IT                                  build/stm32f1xx_hal_dma.o
                                                  build/stm32f1xx_hal_spi.o
                                                  build/stm32f1xx_hal_uart.o
HAL_DMA_DeInit                                    build/stm32f1xx_hal_dma.o
HAL_DMA_GetError                                  build/stm32f1xx_hal_dma.o
                                                  build/stm32f1xx_hal_uart.o
HAL_DMA_GetState                                  build/stm32f1xx_hal_dma.o
HAL_DMA_IRQHandler                                build/stm32f1xx_hal_dma.o
HAL_DMA_Init                                      build/stm32f1xx_hal_dma.o
HAL_DMA_PollForTransfer                           build/stm32f1xx_hal_dma.o
HAL_DMA_RegisterCallback                          build/stm32f1xx_hal_dma.o
HAL_DMA_Start                                     build/stm32f1xx_hal_dma.o
HAL_DMA_Start_IT                                  build/stm32f1xx_hal_dma.o
                                                  build/stm32f1xx_hal_spi.o
                                                  build/stm32f1xx_hal_uart.o
HAL_DMA_UnRegisterCallback                        build/stm32f1xx_hal_dma.o
HAL_DeInit                                        build/stm32f1xx_hal.o
HAL_Delay                                         build/stm32f1xx_hal.o
                                                  build/RC522.o
HAL_EXTI_ClearConfigLine                          build/stm32f1xx_hal_exti.o
HAL_EXTI_ClearPending                             build/stm32f1xx_hal_exti.o
HAL_EXTI_GenerateSWI                              build/stm32f1xx_hal_exti.o
HAL_EXTI_GetConfigLine                            build/stm32f1xx_hal_exti.o
HAL_EXTI_GetHandle                                build/stm32f1xx_hal_exti.o
HAL_EXTI_GetPending                               build/stm32f1xx_hal_exti.o
HAL_EXTI_IRQHandler                               build/stm32f1xx_hal_exti.o
HAL_EXTI_RegisterCallback                         build/stm32f1xx_hal_exti.o
HAL_EXTI_SetConfigLine                            build/stm32f1xx_hal_exti.o
HAL_FLASHEx_Erase                                 build/stm32f1xx_hal_flash_ex.o
HAL_FLASHEx_Erase_IT                              build/stm32f1xx_hal_flash_ex.o
HAL_FLASHEx_OBErase                               build/stm32f1xx_hal_flash_ex.o
HAL_FLASHEx_OBGetConfig                           build/stm32f1xx_hal_flash_ex.o
HAL_FLASHEx_OBGetUserData                         build/stm32f1xx_hal_flash_ex.o
HAL_FLASHEx_OBProgram                             build/stm32f1xx_hal_flash_ex.o
HAL_FLASH_EndOfOperationCallback                  build/stm32f1xx_hal_flash.o
HAL_FLASH_GetError                                build/stm32f1xx_hal_flash.o
HAL_FLASH_IRQHandler                              build/stm32f1xx_hal_flash.o
HAL_FLASH_Lock                                    build/stm32f1xx_hal_flash.o
HAL_FLASH_OB_Launch                               build/stm32f1xx_hal_flash.o
HAL_FLASH_OB_Lock                                 build/stm32f1xx_hal_flash.o
HAL_FLASH_OB_Unlock                               build/stm32f1xx_hal_flash.o
HAL_FLASH_OperationErrorCallback                  build/stm32f1xx_hal_flash.o
HAL_FLASH_Program                                 build/stm32f1xx_hal_flash.o
HAL_FLASH_Program_IT                              build/stm32f1xx_hal_flash.o
HAL_FLASH_Unlock                                  build/stm32f1xx_hal_flash.o
HAL_GPIOEx_ConfigEventout                         build/stm32f1xx_hal_gpio_ex.o
HAL_GPIOEx_DisableEventout                        build/stm32f1xx_hal_gpio_ex.o
HAL_GPIOEx_EnableEventout                         build/stm32f1xx_hal_gpio_ex.o
HAL_GPIO_DeInit                                   build/stm32f1xx_hal_gpio.o
                                                  build/spi.o
                                                  build/usart.o
HAL_GPIO_EXTI_Callback                            build/stm32f1xx_hal_gpio.o
HAL_GPIO_EXTI_IRQHandler                          build/stm32f1xx_hal_gpio.o
HAL_GPIO_Init                                     build/stm32f1xx_hal_gpio.o
                                                  build/spi.o
                                                  build/usart.o
                                                  build/stm32f1xx_hal_rcc.o
                                                  build/gpio.o
HAL_GPIO_LockPin                                  build/stm32f1xx_hal_gpio.o
HAL_GPIO_ReadPin                                  build/stm32f1xx_hal_gpio.o
HAL_GPIO_TogglePin                                build/stm32f1xx_hal_gpio.o
HAL_GPIO_WritePin                                 build/stm32f1xx_hal_gpio.o
                                                  build/RC522.o
                                                  build/gpio.o
HAL_GetDEVID                                      build/stm32f1xx_hal.o
HAL_GetHalVersion                                 build/stm32f1xx_hal.o
HAL_GetREVID                                      build/stm32f1xx_hal.o
HAL_GetTick                                       build/stm32f1xx_hal.o
                                                  build/stm32f1xx_hal_spi.o
                                                  build/stm32f1xx_hal_uart.o
                                                  build/stm32f1xx_hal_flash.o
                                                  build/stm32f1xx_hal_dma.o
                                                  build/stm32f1xx_hal_rcc_ex.o
                                                  build/stm32f1xx_hal_rcc.o
HAL_GetTickFreq                                   build/stm32f1xx_hal.o
HAL_GetTickPrio                                   build/stm32f1xx_hal.o
HAL_GetUIDw0                                      build/stm32f1xx_hal.o
HAL_GetUIDw1                                      build/stm32f1xx_hal.o
HAL_GetUIDw2                                      build/stm32f1xx_hal.o
HAL_HalfDuplex_EnableReceiver                     build/stm32f1xx_hal_uart.o
HAL_HalfDuplex_EnableTransmitter                  build/stm32f1xx_hal_uart.o
HAL_HalfDuplex_Init                               build/stm32f1xx_hal_uart.o
HAL_IncTick                                       build/stm32f1xx_hal.o
                                                  build/stm32f1xx_it.o
HAL_Init                                          build/stm32f1xx_hal.o
                                                  build/main.o
HAL_InitTick                                      build/stm32f1xx_hal.o
                                                  build/stm32f1xx_hal_rcc.o
HAL_LIN_Init                                      build/stm32f1xx_hal_uart.o
HAL_LIN_SendBreak                                 build/stm32f1xx_hal_uart.o
HAL_MspDeInit                                     build/stm32f1xx_hal.o
HAL_MspInit                                       build/stm32f1xx_hal_msp.o
HAL_MultiProcessor_EnterMuteMode                  build/stm32f1xx_hal_uart.o
HAL_MultiProcessor_ExitMuteMode                   build/stm32f1xx_hal_uart.o
HAL_MultiProcessor_Init                           build/stm32f1xx_hal_uart.o
HAL_NVIC_ClearPendingIRQ                          build/stm32f1xx_hal_cortex.o
HAL_NVIC_DisableIRQ                               build/stm32f1xx_hal_cortex.o
HAL_NVIC_EnableIRQ                                build/stm32f1xx_hal_cortex.o
HAL_NVIC_GetActive                                build/stm32f1xx_hal_cortex.o
HAL_NVIC_GetPendingIRQ                            build/stm32f1xx_hal_cortex.o
HAL_NVIC_GetPriority                              build/stm32f1xx_hal_cortex.o
HAL_NVIC_GetPriorityGrouping                      build/stm32f1xx_hal_cortex.o
HAL_NVIC_SetPendingIRQ                            build/stm32f1xx_hal_cortex.o
HAL_NVIC_SetPriority                              build/stm32f1xx_hal_cortex.o
                                                  build/stm32f1xx_hal.o
HAL_NVIC_SetPriorityGrouping                      build/stm32f1xx_hal_cortex.o
                                                  build/stm32f1xx_hal.o
HAL_NVIC_SystemReset                              build/stm32f1xx_hal_cortex.o
                                                  build/stm32f1xx_hal_flash.o
HAL_PWR_ConfigPVD                                 build/stm32f1xx_hal_pwr.o
HAL_PWR_DeInit                                    build/stm32f1xx_hal_pwr.o
HAL_PWR_DisableBkUpAccess                         build/stm32f1xx_hal_pwr.o
HAL_PWR_DisablePVD                                build/stm32f1xx_hal_pwr.o
HAL_PWR_DisableSEVOnPend                          build/stm32f1xx_hal_pwr.o
HAL_PWR_DisableSleepOnExit                        build/stm32f1xx_hal_pwr.o
HAL_PWR_DisableWakeUpPin                          build/stm32f1xx_hal_pwr.o
HAL_PWR_EnableBkUpAccess                          build/stm32f1xx_hal_pwr.o
HAL_PWR_EnablePVD                                 build/stm32f1xx_hal_pwr.o
HAL_PWR_EnableSEVOnPend                           build/stm32f1xx_hal_pwr.o
HAL_PWR_EnableSleepOnExit                         build/stm32f1xx_hal_pwr.o
HAL_PWR_EnableWakeUpPin                           build/stm32f1xx_hal_pwr.o
HAL_PWR_EnterSLEEPMode                            build/stm32f1xx_hal_pwr.o
HAL_PWR_EnterSTANDBYMode                          build/stm32f1xx_hal_pwr.o
HAL_PWR_EnterSTOPMode                             build/stm32f1xx_hal_pwr.o
HAL_PWR_PVDCallback                               build/stm32f1xx_hal_pwr.o
HAL_PWR_PVD_IRQHandler                            build/stm32f1xx_hal_pwr.o
HAL_RCCEx_GetPeriphCLKConfig                      build/stm32f1xx_hal_rcc_ex.o
HAL_RCCEx_GetPeriphCLKFreq                        build/stm32f1xx_hal_rcc_ex.o
HAL_RCCEx_PeriphCLKConfig                         build/stm32f1xx_hal_rcc_ex.o
HAL_RCC_CSSCallback                               build/stm32f1xx_hal_rcc.o
HAL_RCC_ClockConfig                               build/stm32f1xx_hal_rcc.o
                                                  build/main.o
HAL_RCC_DeInit                                    build/stm32f1xx_hal_rcc.o
HAL_RCC_DisableCSS                                build/stm32f1xx_hal_rcc.o
HAL_RCC_EnableCSS                                 build/stm32f1xx_hal_rcc.o
HAL_RCC_GetClockConfig                            build/stm32f1xx_hal_rcc.o
HAL_RCC_GetHCLKFreq                               build/stm32f1xx_hal_rcc.o
                                                  build/RC522.o
HAL_RCC_GetOscConfig                              build/stm32f1xx_hal_rcc.o
HAL_RCC_GetPCLK1Freq                              build/stm32f1xx_hal_rcc.o
                                                  build/stm32f1xx_hal_uart.o
HAL_RCC_GetPCLK2Freq                              build/stm32f1xx_hal_rcc.o
                                                  build/stm32f1xx_hal_uart.o
                                                  build/stm32f1xx_hal_rcc_ex.o
HAL_RCC_GetSysClockFreq                           build/stm32f1xx_hal_rcc.o
HAL_RCC_MCOConfig                                 build/stm32f1xx_hal_rcc.o
HAL_RCC_NMI_IRQHandler                            build/stm32f1xx_hal_rcc.o
HAL_RCC_OscConfig                                 build/stm32f1xx_hal_rcc.o
                                                  build/main.o
HAL_ResumeTick                                    build/stm32f1xx_hal.o
HAL_SPI_Abort                                     build/stm32f1xx_hal_spi.o
HAL_SPI_AbortCpltCallback                         build/stm32f1xx_hal_spi.o
HAL_SPI_Abort_IT                                  build/stm32f1xx_hal_spi.o
HAL_SPI_DMAPause                                  build/stm32f1xx_hal_spi.o
HAL_SPI_DMAResume                                 build/stm32f1xx_hal_spi.o
HAL_SPI_DMAStop                                   build/stm32f1xx_hal_spi.o
HAL_SPI_DeInit                                    build/stm32f1xx_hal_spi.o
HAL_SPI_ErrorCallback                             build/stm32f1xx_hal_spi.o
HAL_SPI_GetError                                  build/stm32f1xx_hal_spi.o
HAL_SPI_GetState                                  build/stm32f1xx_hal_spi.o
HAL_SPI_IRQHandler                                build/stm32f1xx_hal_spi.o
HAL_SPI_Init                                      build/stm32f1xx_hal_spi.o
                                                  build/spi.o
HAL_SPI_MspDeInit                                 build/spi.o
HAL_SPI_MspInit                                   build/spi.o
HAL_SPI_Receive                                   build/stm32f1xx_hal_spi.o
                                                  build/RC522.o
HAL_SPI_Receive_DMA                               build/stm32f1xx_hal_spi.o
HAL_SPI_Receive_IT                                build/stm32f1xx_hal_spi.o
HAL_SPI_RxCpltCallback                            build/stm32f1xx_hal_spi.o
HAL_SPI_RxHalfCpltCallback                        build/stm32f1xx_hal_spi.o
HAL_SPI_Transmit                                  build/stm32f1xx_hal_spi.o
                                                  build/RC522.o
HAL_SPI_TransmitReceive                           build/stm32f1xx_hal_spi.o
HAL_SPI_TransmitReceive_DMA                       build/stm32f1xx_hal_spi.o
HAL_SPI_TransmitReceive_IT                        build/stm32f1xx_hal_spi.o
HAL_SPI_Transmit_DMA                              build/stm32f1xx_hal_spi.o
HAL_SPI_Transmit_IT                               build/stm32f1xx_hal_spi.o
HAL_SPI_TxCpltCallback                            build/stm32f1xx_hal_spi.o
HAL_SPI_TxHalfCpltCallback                        build/stm32f1xx_hal_spi.o
HAL_SPI_TxRxCpltCallback                          build/stm32f1xx_hal_spi.o
HAL_SPI_TxRxHalfCpltCallback                      build/stm32f1xx_hal_spi.o
HAL_SYSTICK_CLKSourceConfig                       build/stm32f1xx_hal_cortex.o
HAL_SYSTICK_Callback                              build/stm32f1xx_hal_cortex.o
HAL_SYSTICK_Config                                build/stm32f1xx_hal_cortex.o
                                                  build/RC522.o
                                                  build/stm32f1xx_hal.o
HAL_SYSTICK_IRQHandler                            build/stm32f1xx_hal_cortex.o
HAL_SetTickFreq                                   build/stm32f1xx_hal.o
HAL_SuspendTick                                   build/stm32f1xx_hal.o
HAL_UARTEx_ReceiveToIdle                          build/stm32f1xx_hal_uart.o
HAL_UARTEx_ReceiveToIdle_DMA                      build/stm32f1xx_hal_uart.o
HAL_UARTEx_ReceiveToIdle_IT                       build/stm32f1xx_hal_uart.o
HAL_UARTEx_RxEventCallback                        build/stm32f1xx_hal_uart.o
HAL_UART_Abort                                    build/stm32f1xx_hal_uart.o
HAL_UART_AbortCpltCallback                        build/stm32f1xx_hal_uart.o
HAL_UART_AbortReceive                             build/stm32f1xx_hal_uart.o
HAL_UART_AbortReceiveCpltCallback                 build/stm32f1xx_hal_uart.o
HAL_UART_AbortReceive_IT                          build/stm32f1xx_hal_uart.o
HAL_UART_AbortTransmit                            build/stm32f1xx_hal_uart.o
HAL_UART_AbortTransmitCpltCallback                build/stm32f1xx_hal_uart.o
HAL_UART_AbortTransmit_IT                         build/stm32f1xx_hal_uart.o
HAL_UART_Abort_IT                                 build/stm32f1xx_hal_uart.o
HAL_UART_DMAPause                                 build/stm32f1xx_hal_uart.o
HAL_UART_DMAResume                                build/stm32f1xx_hal_uart.o
HAL_UART_DMAStop                                  build/stm32f1xx_hal_uart.o
HAL_UART_DeInit                                   build/stm32f1xx_hal_uart.o
HAL_UART_ErrorCallback                            build/stm32f1xx_hal_uart.o
HAL_UART_GetError                                 build/stm32f1xx_hal_uart.o
HAL_UART_GetState                                 build/stm32f1xx_hal_uart.o
HAL_UART_IRQHandler                               build/stm32f1xx_hal_uart.o
HAL_UART_Init                                     build/stm32f1xx_hal_uart.o
                                                  build/usart.o
HAL_UART_MspDeInit                                build/usart.o
HAL_UART_MspInit                                  build/usart.o
HAL_UART_Receive                                  build/stm32f1xx_hal_uart.o
HAL_UART_Receive_DMA                              build/stm32f1xx_hal_uart.o
HAL_UART_Receive_IT                               build/stm32f1xx_hal_uart.o
HAL_UART_RxCpltCallback                           build/stm32f1xx_hal_uart.o
HAL_UART_RxHalfCpltCallback                       build/stm32f1xx_hal_uart.o
HAL_UART_Transmit                                 build/stm32f1xx_hal_uart.o
                                                  build/usart.o
HAL_UART_Transmit_DMA                             build/stm32f1xx_hal_uart.o
HAL_UART_Transmit_IT                              build/stm32f1xx_hal_uart.o
HAL_UART_TxCpltCallback                           build/stm32f1xx_hal_uart.o
HAL_UART_TxHalfCpltCallback                       build/stm32f1xx_hal_uart.o
HardFault_Handler                                 build/stm32f1xx_it.o
I2C1_ER_IRQHandler                                build/startup_stm32f103xb.o
I2C1_EV_IRQHandler                                build/startup_stm32f103xb.o
I2C2_ER_IRQHandler                                build/startup_stm32f103xb.o
I2C2_EV_IRQHandler                                build/startup_stm32f103xb.o
KEY1_A                                            build/RC522.o
KEY1_B                                            build/RC522.o
M500PcdConfigISOType                              build/RC522.o
MX_GPIO_Init                                      build/gpio.o
                                                  build/main.o
MX_SPI1_Init                                      build/spi.o
                                                  build/main.o
MX_USART1_UART_Init                               build/usart.o
                                                  build/main.o
MemManage_Handler                                 build/stm32f1xx_it.o
NMI_Handler                                       build/stm32f1xx_it.o
PCD_Reset                                         build/RC522.o
PVD_IRQHandler                                    build/startup_stm32f103xb.o
PcdAntennaOff                                     build/RC522.o
PcdAntennaOn                                      build/RC522.o
PcdAnticoll                                       build/RC522.o
PcdAuthState                                      build/RC522.o
PcdComMF522                                       build/RC522.o
PcdRead                                           build/RC522.o
PcdRequest                                        build/RC522.o
PcdSelect                                         build/RC522.o
PcdWrite                                          build/RC522.o
PendSV_Handler                                    build/stm32f1xx_it.o
RC522_Handle                                      build/RC522.o
RC522_Handle1                                     build/RC522.o
                                                  build/main.o
RC522_Init                                        build/RC522.o
                                                  build/main.o
RCC_IRQHandler                                    build/startup_stm32f103xb.o
RFID                                              build/RC522.o
RFID1                                             build/RC522.o
RTC_Alarm_IRQHandler                              build/startup_stm32f103xb.o
RTC_IRQHandler                                    build/startup_stm32f103xb.o
ReadRawRC                                         build/RC522.o
Reset_Handler                                     build/startup_stm32f103xb.o
SN                                                build/RC522.o
SPI1_IRQHandler                                   build/startup_stm32f103xb.o
SPI2_IRQHandler                                   build/startup_stm32f103xb.o
SVC_Handler                                       build/stm32f1xx_it.o
SetBitMask                                        build/RC522.o
ShowID                                            build/RC522.o
SysTick_Handler                                   build/stm32f1xx_it.o
SystemClock_Config                                build/main.o
SystemCoreClock                                   build/system_stm32f1xx.o
                                                  build/stm32f1xx_hal_spi.o
                                                  build/stm32f1xx_hal_rcc.o
                                                  build/stm32f1xx_hal.o
SystemCoreClockUpdate                             build/system_stm32f1xx.o
SystemInit                                        build/system_stm32f1xx.o
                                                  build/startup_stm32f103xb.o
TAMPER_IRQHandler                                 build/startup_stm32f103xb.o
TIM1_BRK_IRQHandler                               build/startup_stm32f103xb.o
TIM1_CC_IRQHandler                                build/startup_stm32f103xb.o
TIM1_TRG_COM_IRQHandler                           build/startup_stm32f103xb.o
TIM1_UP_IRQHandler                                build/startup_stm32f103xb.o
TIM2_IRQHandler                                   build/startup_stm32f103xb.o
TIM3_IRQHandler                                   build/startup_stm32f103xb.o
TIM4_IRQHandler                                   build/startup_stm32f103xb.o
UART_Start_Receive_DMA                            build/stm32f1xx_hal_uart.o
UART_Start_Receive_IT                             build/stm32f1xx_hal_uart.o
USART1_IRQHandler                                 build/startup_stm32f103xb.o
USART2_IRQHandler                                 build/startup_stm32f103xb.o
USART3_IRQHandler                                 build/startup_stm32f103xb.o
USBWakeUp_IRQHandler                              build/startup_stm32f103xb.o
USB_HP_CAN1_TX_IRQHandler                         build/startup_stm32f103xb.o
USB_LP_CAN1_RX0_IRQHandler                        build/startup_stm32f103xb.o
UsageFault_Handler                                build/stm32f1xx_it.o
WWDG_IRQHandler                                   build/startup_stm32f103xb.o
WriteRawRC                                        build/RC522.o
__bss_end__                                       /home/akinya/gcc-arm-none-eabi/bin/../lib/gcc/arm-none-eabi/10.3.1/../../../../arm-none-eabi/lib/thumb/v7-m/nofp/crt0.o
__bss_start__                                     /home/akinya/gcc-arm-none-eabi/bin/../lib/gcc/arm-none-eabi/10.3.1/../../../../arm-none-eabi/lib/thumb/v7-m/nofp/crt0.o