Archive member included to satisfy reference by file (symbol)

/home/akinya/gcc-arm-none-eabi/bin/../lib/gcc/arm-none-eabi/10.3.1/../../../../arm-none-eabi/lib/thumb/v7e-m+dp/hard/libc_nano.a(lib_a-exit.o)
                              /home/akinya/gcc-arm-none-eabi/bin/../lib/gcc/arm-none-eabi/10.3.1/../../../../arm-none-eabi/lib/thumb/v7e-m+dp/hard/crt0.o (exit)
/home/akinya/gcc-arm-none-eabi/bin/../lib/gcc/arm-none-eabi/10.3.1/../../../../arm-none-eabi/lib/thumb/v7e-m+dp/hard/libc_nano.a(lib_a-impure.o)
                              /home/akinya/gcc-arm-none-eabi/bin/../lib/gcc/arm-none-eabi/10.3.1/../../../../arm-none-eabi/lib/thumb/v7e-m+dp/hard/libc_nano.a(lib_a-exit.o) (_global_impure_ptr)
/home/akinya/gcc-arm-none-eabi/bin/../lib/gcc/arm-none-eabi/10.3.1/../../../../arm-none-eabi/lib/thumb/v7e-m+dp/hard/libc_nano.a(lib_a-init.o)
                              /home/akinya/gcc-arm-none-eabi/bin/../lib/gcc/arm-none-eabi/10.3.1/../../../../arm-none-eabi/lib/thumb/v7e-m+dp/hard/crt0.o (__libc_init_array)
/home/akinya/gcc-arm-none-eabi/bin/../lib/gcc/arm-none-eabi/10.3.1/../../../../arm-none-eabi/lib/thumb/v7e-m+dp/hard/libc_nano.a(lib_a-memcpy-stub.o)
                              build/queue.o (memcpy)
/home/akinya/gcc-arm-none-eabi/bin/../lib/gcc/arm-none-eabi/10.3.1/../../../../arm-none-eabi/lib/thumb/v7e-m+dp/hard/libc_nano.a(lib_a-memset.o)
                              /home/akinya/gcc-arm-none-eabi/bin/../lib/gcc/arm-none-eabi/10.3.1/../../../../arm-none-eabi/lib/thumb/v7e-m+dp/hard/crt0.o (memset)
/home/akinya/gcc-arm-none-eabi/bin/../lib/gcc/arm-none-eabi/10.3.1/../../../../arm-none-eabi/lib/thumb/v7e-m+dp/hard/libnosys.a(_exit.o)
                              /home/akinya/gcc-arm-none-eabi/bin/../lib/gcc/arm-none-eabi/10.3.1/../../../../arm-none-eabi/lib/thumb/v7e-m+dp/hard/libc_nano.a(lib_a-exit.o) (_exit)
/home/akinya/gcc-arm-none-eabi/bin/../lib/gcc/arm-none-eabi/10.3.1/thumb/v7e-m+dp/hard/libgcc.a(_aeabi_uldivmod.o)
                              build/stm32h7xx_hal_uart.o (__aeabi_uldivmod)
/home/akinya/gcc-arm-none-eabi/bin/../lib/gcc/arm-none-eabi/10.3.1/thumb/v7e-m+dp/hard/libgcc.a(_udivmoddi4.o)
                              /home/akinya/gcc-arm-none-eabi/bin/../lib/gcc/arm-none-eabi/10.3.1/thumb/v7e-m+dp/hard/libgcc.a(_aeabi_uldivmod.o) (__udivmoddi4)
/home/akinya/gcc-arm-none-eabi/bin/../lib/gcc/arm-none-eabi/10.3.1/thumb/v7e-m+dp/hard/libgcc.a(_dvmd_tls.o)
                              /home/akinya/gcc-arm-none-eabi/bin/../lib/gcc/arm-none-eabi/10.3.1/thumb/v7e-m+dp/hard/libgcc.a(_aeabi_uldivmod.o) (__aeabi_ldiv0)

Discarded input sections

 .text          0x0000000000000000        0x0 /home/akinya/gcc-arm-none-eabi/bin/../lib/gcc/arm-none-eabi/10.3.1/thumb/v7e-m+dp/hard/crti.o
 .data          0x0000000000000000        0x0 /home/akinya/gcc-arm-none-eabi/bin/../lib/gcc/arm-none-eabi/10.3.1/thumb/v7e-m+dp/hard/crti.o
 .bss           0x0000000000000000        0x0 /home/akinya/gcc-arm-none-eabi/bin/../lib/gcc/arm-none-eabi/10.3.1/thumb/v7e-m+dp/hard/crti.o
 .data          0x0000000000000000        0x4 /home/akinya/gcc-arm-none-eabi/bin/../lib/gcc/arm-none-eabi/10.3.1/thumb/v7e-m+dp/hard/crtbegin.o
 .rodata        0x0000000000000000       0x24 /home/akinya/gcc-arm-none-eabi/bin/../lib/gcc/arm-none-eabi/10.3.1/thumb/v7e-m+dp/hard/crtbegin.o
 .text          0x0000000000000000       0x7c /home/akinya/gcc-arm-none-eabi/bin/../lib/gcc/arm-none-eabi/10.3.1/../../../../arm-none-eabi/lib/thumb/v7e-m+dp/hard/crt0.o
 .data          0x0000000000000000        0x0 /home/akinya/gcc-arm-none-eabi/bin/../lib/gcc/arm-none-eabi/10.3.1/../../../../arm-none-eabi/lib/thumb/v7e-m+dp/hard/crt0.o
 .bss           0x0000000000000000        0x0 /home/akinya/gcc-arm-none-eabi/bin/../lib/gcc/arm-none-eabi/10.3.1/../../../../arm-none-eabi/lib/thumb/v7e-m+dp/hard/crt0.o
 .ARM.extab     0x0000000000000000        0x0 /home/akinya/gcc-arm-none-eabi/bin/../lib/gcc/arm-none-eabi/10.3.1/../../../../arm-none-eabi/lib/thumb/v7e-m+dp/hard/crt0.o
 .ARM.exidx     0x0000000000000000       0x10 /home/akinya/gcc-arm-none-eabi/bin/../lib/gcc/arm-none-eabi/10.3.1/../../../../arm-none-eabi/lib/thumb/v7e-m+dp/hard/crt0.o
 .ARM.attributes
                0x0000000000000000       0x1c /home/akinya/gcc-arm-none-eabi/bin/../lib/gcc/arm-none-eabi/10.3.1/../../../../arm-none-eabi/lib/thumb/v7e-m+dp/hard/crt0.o
 .text          0x0000000000000000        0x0 build/main.o
 .data          0x0000000000000000        0x0 build/main.o
 .bss           0x0000000000000000        0x0 build/main.o
 .text          0x0000000000000000        0x0 build/gpio.o
 .data          0x0000000000000000        0x0 build/gpio.o
 .bss           0x0000000000000000        0x0 build/gpio.o
 .text          0x0000000000000000        0x0 build/fmc.o
 .data          0x0000000000000000        0x0 build/fmc.o
 .bss           0x0000000000000000        0x0 build/fmc.o
 .text.HAL_FMC_MspDeInit
                0x0000000000000000       0x60 build/fmc.o
 .text.HAL_SRAM_MspDeInit
[...]
Memory Configuration

Name             Origin             Length             Attributes
DTCMRAM          0x0000000020000000 0x0000000000020000 xrw
RAM_D1           0x0000000024000000 0x0000000000080000 xrw
RAM_D2           0x0000000030000000 0x0000000000048000 xrw
RAM_D3           0x0000000038000000 0x0000000000010000 xrw
ITCMRAM          0x0000000000000000 0x0000000000010000 xrw
FLASH            0x0000000008000000 0x0000000000200000 xr
*default*        0x0000000000000000 0xffffffffffffffff

Linker script and memory map

LOAD /home/akinya/gcc-arm-none-eabi/bin/../lib/gcc/arm-none-eabi/10.3.1/thumb/v7e-m+dp/hard/crti.o
LOAD /home/akinya/gcc-arm-none-eabi/bin/../lib/gcc/arm-none-eabi/10.3.1/thumb/v7e-m+dp/hard/crtbegin.o
LOAD /home/akinya/gcc-arm-none-eabi/bin/../lib/gcc/arm-none-eabi/10.3.1/../../../../arm-none-eabi/lib/thumb/v7e-m+dp/hard/crt0.o
LOAD build/main.o
LOAD build/gpio.o
LOAD build/fmc.o
LOAD build/usart.o
LOAD build/stm32h7xx_it.o
LOAD build/stm32h7xx_hal_msp.o
LOAD build/stm32h7xx_hal_cortex.o
LOAD build/stm32h7xx_hal_rcc.o
LOAD build/stm32h7xx_hal_rcc_ex.o
LOAD build/stm32h7xx_hal_flash.o
LOAD build/stm32h7xx_hal_flash_ex.o
LOAD build/stm32h7xx_hal_gpio.o
LOAD build/stm32h7xx_hal_hsem.o
LOAD build/stm32h7xx_hal_dma.o
LOAD build/stm32h7xx_hal_dma_ex.o
LOAD build/stm32h7xx_hal_mdma.o
LOAD build/stm32h7xx_hal_pwr.o
LOAD build/stm32h7xx_hal_pwr_ex.o
LOAD build/stm32h7xx_hal.o
LOAD build/stm32h7xx_hal_i2c.o
LOAD build/stm32h7xx_hal_i2c_ex.o
LOAD build/stm32h7xx_hal_exti.o
LOAD build/stm32h7xx_ll_fmc.o
LOAD build/stm32h7xx_hal_sram.o
LOAD build/stm32h7xx_hal_tim.o
LOAD build/stm32h7xx_hal_tim_ex.o
LOAD build/stm32h7xx_hal_uart.o
LOAD build/stm32h7xx_hal_uart_ex.o
LOAD build/system_stm32h7xx.o
LOAD build/freertos.o
LOAD build/stm32h7xx_hal_timebase_tim.o
LOAD build/croutine.o
LOAD build/event_groups.o
LOAD build/list.o
LOAD build/queue.o
LOAD build/stream_buffer.o
LOAD build/tasks.o
LOAD build/timers.o
LOAD build/cmsis_os.o
LOAD build/heap_4.o
LOAD build/port.o
LOAD build/startup_stm32h743xx.o
LOAD /home/akinya/gcc-arm-none-eabi/bin/../lib/gcc/arm-none-eabi/10.3.1/../../../../arm-none-eabi/lib/thumb/v7e-m+dp/hard/libc_nano.a
LOAD /home/akinya/gcc-arm-none-eabi/bin/../lib/gcc/arm-none-eabi/10.3.1/../../../../arm-none-eabi/lib/thumb/v7e-m+dp/hard/libm.a
LOAD /home/akinya/gcc-arm-none-eabi/bin/../lib/gcc/arm-none-eabi/10.3.1/../../../../arm-none-eabi/lib/thumb/v7e-m+dp/hard/libnosys.a
START GROUP
LOAD /home/akinya/gcc-arm-none-eabi/bin/../lib/gcc/arm-none-eabi/10.3.1/thumb/v7e-m+dp/hard/libgcc.a
LOAD /home/akinya/gcc-arm-none-eabi/bin/../lib/gcc/arm-none-eabi/10.3.1/../../../../arm-none-eabi/lib/thumb/v7e-m+dp/hard/libc_nano.a
END GROUP
START GROUP
LOAD /home/akinya/gcc-arm-none-eabi/bin/../lib/gcc/arm-none-eabi/10.3.1/thumb/v7e-m+dp/hard/libgcc.a
LOAD /home/akinya/gcc-arm-none-eabi/bin/../lib/gcc/arm-none-eabi/10.3.1/../../../../arm-none-eabi/lib/thumb/v7e-m+dp/hard/libc_nano.a
END GROUP
LOAD /home/akinya/gcc-arm-none-eabi/bin/../lib/gcc/arm-none-eabi/10.3.1/thumb/v7e-m+dp/hard/crtend.o
LOAD /home/akinya/gcc-arm-none-eabi/bin/../lib/gcc/arm-none-eabi/10.3.1/thumb/v7e-m+dp/hard/crtn.o
                0x0000000020020000                _estack = 0x20020000
                0x0000000000000200                _Min_Heap_Size = 0x200
                0x0000000000000400                _Min_Stack_Size = 0x400

.isr_vector     0x0000000008000000      0x298
                0x0000000008000000                . = ALIGN (0x4)
 *(.isr_vector)
 .isr_vector    0x0000000008000000      0x298 build/startup_stm32h743xx.o
                0x0000000008000000                g_pfnVectors
                0x0000000008000298                . = ALIGN (0x4)

.text           0x00000000080002a0     0x4714
                0x00000000080002a0                . = ALIGN (0x4)
 *(.text)
 .text          0x00000000080002a0       0x40 /home/akinya/gcc-arm-none-eabi/bin/../lib/gcc/arm-none-eabi/10.3.1/thumb/v7e-m+dp/hard/crtbegin.o
 .text          0x00000000080002e0       0x30 /home/akinya/gcc-arm-none-eabi/bin/../lib/gcc/arm-none-eabi/10.3.1/thumb/v7e-m+dp/hard/libgcc.a(_aeabi_uldivmod.o)
                0x00000000080002e0                __aeabi_uldivmod
 .text          0x0000000008000310      0x2d0 /home/akinya/gcc-arm-none-eabi/bin/../lib/gcc/arm-none-eabi/10.3.1/thumb/v7e-m+dp/hard/libgcc.a(_udivmoddi4.o)
                0x0000000008000310                __udivmoddi4
 .text          0x00000000080005e0        0x4 /home/akinya/gcc-arm-none-eabi/bin/../lib/gcc/arm-none-eabi/10.3.1/thumb/v7e-m+dp/hard/libgcc.a(_dvmd_tls.o)
                0x00000000080005e0                __aeabi_ldiv0
                0x00000000080005e0                __aeabi_idiv0
 *(.text*)
 .text.HAL_TIM_PeriodElapsedCallback
                0x00000000080005e4       0x18 build/main.o
                0x00000000080005e4                HAL_TIM_PeriodElapsedCallback
 .text.Error_Handler
                0x00000000080005fc        0x4 build/main.o
                0x00000000080005fc                Error_Handler
 .text.SystemClock_Config
                0x0000000008000600       0xc0 build/main.o
                0x0000000008000600                SystemClock_Config
 .text.main     0x00000000080006c0       0x20 build/main.o
                0x00000000080006c0                main
 .text.MX_GPIO_Init
                0x00000000080006e0      0x100 build/gpio.o
                0x00000000080006e0                MX_GPIO_Init
 .text.HAL_FMC_MspInit
                0x00000000080007e0       0xd8 build/fmc.o
 .text.MX_FMC_Init
                0x00000000080008b8       0x98 build/fmc.o
                0x00000000080008b8                MX_FMC_Init
 .text.HAL_SRAM_MspInit
                0x0000000008000950        0x8 build/fmc.o
                0x0000000008000950                HAL_SRAM_MspInit
 .text.MX_USART1_UART_Init
                0x0000000008000958       0x68 build/usart.o
                0x0000000008000958                MX_USART1_UART_Init
 .text.HAL_UART_MspInit
                0x00000000080009c0       0x94 build/usart.o
                0x00000000080009c0                HAL_UART_MspInit
 .text.NMI_Handler
                0x0000000008000a54        0x2 build/stm32h7xx_it.o
                0x0000000008000a54                NMI_Handler
 .text.HardFault_Handler
                0x0000000008000a56        0x2 build/stm32h7xx_it.o
                0x0000000008000a56                HardFault_Handler
 .text.MemManage_Handler
                0x0000000008000a58        0x2 build/stm32h7xx_it.o
                0x0000000008000a58                MemManage_Handler
 .text.BusFault_Handler
                0x0000000008000a5a        0x2 build/stm32h7xx_it.o
                0x0000000008000a5a                BusFault_Handler
 .text.UsageFault_Handler
                0x0000000008000a5c        0x2 build/stm32h7xx_it.o
                0x0000000008000a5c                UsageFault_Handler
 .text.DebugMon_Handler
                0x0000000008000a5e        0x2 build/stm32h7xx_it.o
                0x0000000008000a5e                DebugMon_Handler
 .text.TIM8_TRG_COM_TIM14_IRQHandler
                0x0000000008000a60       0x10 build/stm32h7xx_it.o
                0x0000000008000a60                TIM8_TRG_COM_TIM14_IRQHandler
 .text.HAL_MspInit
                0x0000000008000a70       0x34 build/stm32h7xx_hal_msp.o
                0x0000000008000a70                HAL_MspInit
 .text.HAL_NVIC_SetPriorityGrouping
                0x0000000008000aa4       0x24 build/stm32h7xx_hal_cortex.o
                0x0000000008000aa4                HAL_NVIC_SetPriorityGrouping
 .text.HAL_NVIC_SetPriority
                0x0000000008000ac8       0x6c build/stm32h7xx_hal_cortex.o
                0x0000000008000ac8                HAL_NVIC_SetPriority
 .text.HAL_NVIC_EnableIRQ
                0x0000000008000b34       0x1c build/stm32h7xx_hal_cortex.o
                0x0000000008000b34                HAL_NVIC_EnableIRQ
 .text.HAL_RCC_OscConfig
                0x0000000008000b50      0x648 build/stm32h7xx_hal_rcc.o
                0x0000000008000b50                HAL_RCC_OscConfig
 .text.HAL_RCC_GetSysClockFreq
                0x0000000008001198      0x1f4 build/stm32h7xx_hal_rcc.o
                0x0000000008001198                HAL_RCC_GetSysClockFreq
 .text.HAL_RCC_ClockConfig
                0x000000000800138c      0x294 build/stm32h7xx_hal_rcc.o
                0x000000000800138c                HAL_RCC_ClockConfig
 .text.HAL_RCC_GetHCLKFreq
                0x0000000008001620       0x44 build/stm32h7xx_hal_rcc.o
                0x0000000008001620                HAL_RCC_GetHCLKFreq
 .text.HAL_RCC_GetPCLK1Freq
                0x0000000008001664       0x24 build/stm32h7xx_hal_rcc.o
                0x0000000008001664                HAL_RCC_GetPCLK1Freq
 .text.HAL_RCC_GetPCLK2Freq
                0x0000000008001688       0x24 build/stm32h7xx_hal_rcc.o
                0x0000000008001688                HAL_RCC_GetPCLK2Freq
 .text.HAL_RCC_GetClockConfig
                0x00000000080016ac       0x54 build/stm32h7xx_hal_rcc.o
                0x00000000080016ac                HAL_RCC_GetClockConfig
 .text.RCCEx_PLL2_Config
                0x0000000008001700      0x10c build/stm32h7xx_hal_rcc_ex.o
 .text.RCCEx_PLL3_Config
                0x000000000800180c      0x10c build/stm32h7xx_hal_rcc_ex.o
 .text.HAL_RCCEx_PeriphCLKConfig
                0x0000000008001918      0x9c4 build/stm32h7xx_hal_rcc_ex.o
                0x0000000008001918                HAL_RCCEx_PeriphCLKConfig
 .text.HAL_RCCEx_GetD3PCLK1Freq
                0x00000000080022dc       0x24 build/stm32h7xx_hal_rcc_ex.o
                0x00000000080022dc                HAL_RCCEx_GetD3PCLK1Freq
 .text.HAL_RCCEx_GetPLL2ClockFreq
                0x0000000008002300      0x1f8 build/stm32h7xx_hal_rcc_ex.o
                0x0000000008002300                HAL_RCCEx_GetPLL2ClockFreq
 .text.HAL_RCCEx_GetPLL3ClockFreq
                0x00000000080024f8      0x1f8 build/stm32h7xx_hal_rcc_ex.o
                0x00000000080024f8                HAL_RCCEx_GetPLL3ClockFreq
 .text.HAL_GPIO_Init
                0x00000000080026f0      0x1fc build/stm32h7xx_hal_gpio.o
                0x00000000080026f0                HAL_GPIO_Init
 .text.HAL_GPIO_WritePin
                0x00000000080028ec        0xc build/stm32h7xx_hal_gpio.o
                0x00000000080028ec                HAL_GPIO_WritePin
 .text.HAL_GPIO_TogglePin
                0x00000000080028f8       0x12 build/stm32h7xx_hal_gpio.o
                0x00000000080028f8                HAL_GPIO_TogglePin
 *fill*         0x000000000800290a        0x2 
 .text.HAL_PWREx_ConfigSupply
                0x000000000800290c       0x54 build/stm32h7xx_hal_pwr_ex.o
                0x000000000800290c                HAL_PWREx_ConfigSupply
 .text.HAL_Init
                0x0000000008002960       0x5c build/stm32h7xx_hal.o
                0x0000000008002960                HAL_Init
 .text.HAL_IncTick
                0x00000000080029bc       0x18 build/stm32h7xx_hal.o
                0x00000000080029bc                HAL_IncTick
 .text.HAL_GetTick
                0x00000000080029d4        0xc build/stm32h7xx_hal.o
                0x00000000080029d4                HAL_GetTick
 .text.HAL_GetREVID
                0x00000000080029e0        0xc build/stm32h7xx_hal.o
                0x00000000080029e0                HAL_GetREVID
 .text.FMC_NORSRAM_Init
                0x00000000080029ec       0x94 build/stm32h7xx_ll_fmc.o
                0x00000000080029ec                FMC_NORSRAM_Init
 .text.FMC_NORSRAM_Timing_Init
                0x0000000008002a80       0x64 build/stm32h7xx_ll_fmc.o
                0x0000000008002a80                FMC_NORSRAM_Timing_Init
 .text.FMC_NORSRAM_Extended_Timing_Init
                0x0000000008002ae4       0x44 build/stm32h7xx_ll_fmc.o
                0x0000000008002ae4                FMC_NORSRAM_Extended_Timing_Init
 .text.HAL_SRAM_Init
                0x0000000008002b28       0x68 build/stm32h7xx_hal_sram.o
                0x0000000008002b28                HAL_SRAM_Init
 .text.HAL_TIM_Base_MspInit
                0x0000000008002b90        0x2 build/stm32h7xx_hal_tim.o
                0x0000000008002b90                HAL_TIM_Base_MspInit
 *fill*         0x0000000008002b92        0x2 
 .text.HAL_TIM_Base_Start_IT
                0x0000000008002b94       0x88 build/stm32h7xx_hal_tim.o
                0x0000000008002b94                HAL_TIM_Base_Start_IT
 .text.HAL_TIM_OC_DelayElapsedCallback
                0x0000000008002c1c        0x2 build/stm32h7xx_hal_tim.o
                0x0000000008002c1c                HAL_TIM_OC_DelayElapsedCallback
 .text.HAL_TIM_IC_CaptureCallback
                0x0000000008002c1e        0x2 build/stm32h7xx_hal_tim.o
                0x0000000008002c1e                HAL_TIM_IC_CaptureCallback
 .text.HAL_TIM_PWM_PulseFinishedCallback
                0x0000000008002c20        0x2 build/stm32h7xx_hal_tim.o
                0x0000000008002c20                HAL_TIM_PWM_PulseFinishedCallback
 .text.HAL_TIM_TriggerCallback
                0x0000000008002c22        0x2 build/stm32h7xx_hal_tim.o
                0x0000000008002c22                HAL_TIM_TriggerCallback
 .text.HAL_TIM_IRQHandler
                0x0000000008002c24      0x19a build/stm32h7xx_hal_tim.o
                0x0000000008002c24                HAL_TIM_IRQHandler
 *fill*         0x0000000008002dbe        0x2 
 .text.TIM_Base_SetConfig
                0x0000000008002dc0      0x104 build/stm32h7xx_hal_tim.o
                0x0000000008002dc0                TIM_Base_SetConfig
 .text.HAL_TIM_Base_Init
                0x0000000008002ec4       0x60 build/stm32h7xx_hal_tim.o
                0x0000000008002ec4                HAL_TIM_Base_Init
 .text.HAL_TIMEx_CommutCallback
                0x0000000008002f24        0x2 build/stm32h7xx_hal_tim_ex.o
                0x0000000008002f24                HAL_TIMEx_CommutCallback
 .text.HAL_TIMEx_BreakCallback
                0x0000000008002f26        0x2 build/stm32h7xx_hal_tim_ex.o
                0x0000000008002f26                HAL_TIMEx_BreakCallback
 .text.HAL_TIMEx_Break2Callback
                0x0000000008002f28        0x2 build/stm32h7xx_hal_tim_ex.o
                0x0000000008002f28                HAL_TIMEx_Break2Callback
 *fill*         0x0000000008002f2a        0x2 
 .text.UART_SetConfig
                0x0000000008002f2c      0x5f4 build/stm32h7xx_hal_uart.o
                0x0000000008002f2c                UART_SetConfig
 .text.UART_AdvFeatureConfig
                0x0000000008003520       0xca build/stm32h7xx_hal_uart.o
                0x0000000008003520                UART_AdvFeatureConfig
 .text.UART_WaitOnFlagUntilTimeout
                0x00000000080035ea       0xb0 build/stm32h7xx_hal_uart.o
                0x00000000080035ea                UART_WaitOnFlagUntilTimeout
 .text.UART_CheckIdleState
                0x000000000800369a       0x74 build/stm32h7xx_hal_uart.o
                0x000000000800369a                UART_CheckIdleState
 .text.HAL_UART_Init
                0x000000000800370e       0x66 build/stm32h7xx_hal_uart.o
                0x000000000800370e                HAL_UART_Init
 .text.UARTEx_SetNbDataToProcess
                0x0000000008003774       0x4c build/stm32h7xx_hal_uart_ex.o
 .text.HAL_UARTEx_DisableFifoMode
                0x00000000080037c0       0x3e build/stm32h7xx_hal_uart_ex.o
                0x00000000080037c0                HAL_UARTEx_DisableFifoMode
 .text.HAL_UARTEx_SetTxFifoThreshold
                0x00000000080037fe       0x4a build/stm32h7xx_hal_uart_ex.o
                0x00000000080037fe                HAL_UARTEx_SetTxFifoThreshold
 .text.HAL_UARTEx_SetRxFifoThreshold
                0x0000000008003848       0x4a build/stm32h7xx_hal_uart_ex.o
                0x0000000008003848                HAL_UARTEx_SetRxFifoThreshold
 *fill*         0x0000000008003892        0x2 
 .text.SystemInit
                0x0000000008003894       0xd4 build/system_stm32h7xx.o
                0x0000000008003894                SystemInit
 .text.LED_Blinks
                0x0000000008003968       0x18 build/freertos.o
                0x0000000008003968                LED_Blinks
 .text.LED_Blinks2
                0x0000000008003980       0x18 build/freertos.o
                0x0000000008003980                LED_Blinks2
 .text.StartDefaultTask
                0x0000000008003998        0xa build/freertos.o
                0x0000000008003998                StartDefaultTask
 .text.vApplicationTickHook
                0x00000000080039a2        0x2 build/freertos.o
                0x00000000080039a2                vApplicationTickHook
 .text.vApplicationGetIdleTaskMemory
                0x00000000080039a4       0x18 build/freertos.o
                0x00000000080039a4                vApplicationGetIdleTaskMemory
 .text.MX_FREERTOS_Init
                0x00000000080039bc       0x84 build/freertos.o
                0x00000000080039bc                MX_FREERTOS_Init
 .text.HAL_InitTick
                0x0000000008003a40       0x9c build/stm32h7xx_hal_timebase_tim.o
                0x0000000008003a40                HAL_InitTick
 .text.vListInitialise
                0x0000000008003adc       0x16 build/list.o
                0x0000000008003adc                vListInitialise
 .text.vListInitialiseItem
                0x0000000008003af2        0x6 build/list.o
                0x0000000008003af2                vListInitialiseItem
 .text.vListInsertEnd
                0x0000000008003af8       0x16 build/list.o
                0x0000000008003af8                vListInsertEnd
 .text.vListInsert
                0x0000000008003b0e       0x32 build/list.o
                0x0000000008003b0e                vListInsert
 .text.uxListRemove
                0x0000000008003b40       0x26 build/list.o
                0x0000000008003b40                uxListRemove
 *fill*         0x0000000008003b66        0x2 
 .text.prvResetNextTaskUnblockTime
                0x0000000008003b68       0x2c build/tasks.o
 .text.prvInitialiseNewTask
                0x0000000008003b94       0xa2 build/tasks.o
 *fill*         0x0000000008003c36        0x2 
 .text.prvInitialiseTaskLists
                0x0000000008003c38       0x68 build/tasks.o
 .text.prvAddNewTaskToReadyList
                0x0000000008003ca0       0xa8 build/tasks.o
 .text.prvDeleteTCB
                0x0000000008003d48       0x38 build/tasks.o
 .text.prvCheckTasksWaitingTermination
                0x0000000008003d80       0x4c build/tasks.o
 .text.prvIdleTask
                0x0000000008003dcc       0x28 build/tasks.o
 .text.prvAddCurrentTaskToDelayedList
                0x0000000008003df4       0xa0 build/tasks.o
 .text.xTaskCreateStatic
                0x0000000008003e94       0x76 build/tasks.o
                0x0000000008003e94                xTaskCreateStatic
 .text.xTaskCreate
                0x0000000008003f0a       0x68 build/tasks.o
                0x0000000008003f0a                xTaskCreate
 *fill*         0x0000000008003f72        0x2 
 .text.vTaskStartScheduler
                0x0000000008003f74       0x74 build/tasks.o
                0x0000000008003f74                vTaskStartScheduler
 .text.vTaskSuspendAll
                0x0000000008003fe8       0x10 build/tasks.o
                0x0000000008003fe8                vTaskSuspendAll
 .text.xTaskIncrementTick
                0x0000000008003ff8      0x12c build/tasks.o
                0x0000000008003ff8                xTaskIncrementTick
 .text.xTaskResumeAll
                0x0000000008004124       0xf8 build/tasks.o
                0x0000000008004124                xTaskResumeAll
 .text.vTaskDelay
                0x000000000800421c       0x4c build/tasks.o
                0x000000000800421c                vTaskDelay
 .text.vTaskSwitchContext
                0x0000000008004268       0x98 build/tasks.o
                0x0000000008004268                vTaskSwitchContext
 .text.makeFreeRtosPriority
                0x0000000008004300        0xc build/cmsis_os.o
 .text.osKernelStart
                0x000000000800430c        0xa build/cmsis_os.o
                0x000000000800430c                osKernelStart
 .text.osThreadCreate
                0x0000000008004316       0x6a build/cmsis_os.o
                0x0000000008004316                osThreadCreate
 .text.osDelay  0x0000000008004380        0xe build/cmsis_os.o
                0x0000000008004380                osDelay
 *fill*         0x000000000800438e        0x2 
 .text.prvHeapInit
                0x0000000008004390       0x64 build/heap_4.o
 .text.prvInsertBlockIntoFreeList
                0x00000000080043f4       0x64 build/heap_4.o
 .text.pvPortMalloc
                0x0000000008004458       0xfc build/heap_4.o
                0x0000000008004458                pvPortMalloc
 .text.vPortFree
                0x0000000008004554       0x7c build/heap_4.o
                0x0000000008004554                vPortFree
 .text.prvTaskExitError
                0x00000000080045d0       0x40 build/port.o
 .text.prvPortStartFirstTask
                0x0000000008004610       0x28 build/port.o
 .text.vPortEnableVFP
                0x0000000008004638       0x14 build/port.o
 .text.pxPortInitialiseStack
                0x000000000800464c       0x2c build/port.o
                0x000000000800464c                pxPortInitialiseStack
 *fill*         0x0000000008004678        0x8 
 .text.SVC_Handler
                0x0000000008004680       0x24 build/port.o
                0x0000000008004680                SVC_Handler
 .text.vPortEnterCritical
                0x00000000080046a4       0x44 build/port.o
                0x00000000080046a4                vPortEnterCritical
 .text.vPortExitCritical
                0x00000000080046e8       0x2c build/port.o
                0x00000000080046e8                vPortExitCritical
 *fill*         0x0000000008004714        0xc 
 .text.PendSV_Handler
                0x0000000008004720       0x64 build/port.o
                0x0000000008004720                PendSV_Handler
 .text.SysTick_Handler
                0x0000000008004784       0x2c build/port.o
                0x0000000008004784                SysTick_Handler
 .text.vPortSetupTimerInterrupt
                0x00000000080047b0       0x28 build/port.o
                0x00000000080047b0                vPortSetupTimerInterrupt
 .text.xPortStartScheduler
                0x00000000080047d8      0x118 build/port.o
                0x00000000080047d8                xPortStartScheduler
 .text.Reset_Handler
                0x00000000080048f0       0x50 build/startup_stm32h743xx.o
                0x00000000080048f0                Reset_Handler
 .text.Default_Handler
                0x0000000008004940        0x2 build/startup_stm32h743xx.o
                0x0000000008004940                RTC_Alarm_IRQHandler
                0x0000000008004940                EXTI2_IRQHandler
                0x0000000008004940                TIM8_CC_IRQHandler
                0x0000000008004940                HRTIM1_Master_IRQHandler
                0x0000000008004940                UART8_IRQHandler
                0x0000000008004940                SPI4_IRQHandler
                0x0000000008004940                TIM1_CC_IRQHandler
                0x0000000008004940                BDMA_Channel6_IRQHandler
                0x0000000008004940                DMA2_Stream5_IRQHandler
                0x0000000008004940                HRTIM1_FLT_IRQHandler
                0x0000000008004940                JPEG_IRQHandler
                0x0000000008004940                DMA1_Stream5_IRQHandler
                0x0000000008004940                BDMA_Channel1_IRQHandler
                0x0000000008004940                HRTIM1_TIMD_IRQHandler
                0x0000000008004940                TAMP_STAMP_IRQHandler
                0x0000000008004940                EXTI3_IRQHandler
                0x0000000008004940                LPTIM4_IRQHandler
                0x0000000008004940                LPTIM2_IRQHandler
                0x0000000008004940                DFSDM1_FLT1_IRQHandler
                0x0000000008004940                DMAMUX2_OVR_IRQHandler
                0x0000000008004940                TIM8_UP_TIM13_IRQHandler
                0x0000000008004940                I2C3_ER_IRQHandler
                0x0000000008004940                DFSDM1_FLT2_IRQHandler
                0x0000000008004940                MDMA_IRQHandler
                0x0000000008004940                LPTIM3_IRQHandler
                0x0000000008004940                HSEM1_IRQHandler
                0x0000000008004940                EXTI0_IRQHandler
                0x0000000008004940                I2C2_EV_IRQHandler
                0x0000000008004940                DMA1_Stream2_IRQHandler
                0x0000000008004940                FPU_IRQHandler
                0x0000000008004940                OTG_HS_WKUP_IRQHandler
                0x0000000008004940                FDCAN1_IT1_IRQHandler
                0x0000000008004940                LTDC_ER_IRQHandler
                0x0000000008004940                DMA2_Stream2_IRQHandler
                0x0000000008004940                HRTIM1_TIME_IRQHandler
                0x0000000008004940                SPI1_IRQHandler
                0x0000000008004940                TIM6_DAC_IRQHandler
                0x0000000008004940                DCMI_IRQHandler
                0x0000000008004940                HRTIM1_TIMC_IRQHandler
                0x0000000008004940                DMA2_Stream3_IRQHandler
                0x0000000008004940                SAI2_IRQHandler
                0x0000000008004940                DFSDM1_FLT3_IRQHandler
                0x0000000008004940                USART6_IRQHandler
                0x0000000008004940                TIM17_IRQHandler
                0x0000000008004940                USART3_IRQHandler
                0x0000000008004940                BDMA_Channel7_IRQHandler
                0x0000000008004940                LPTIM5_IRQHandler
                0x0000000008004940                UART5_IRQHandler
                0x0000000008004940                ADC3_IRQHandler
                0x0000000008004940                DMA2_Stream0_IRQHandler
                0x0000000008004940                TIM4_IRQHandler
                0x0000000008004940                BDMA_Channel2_IRQHandler
                0x0000000008004940                QUADSPI_IRQHandler
                0x0000000008004940                I2C1_EV_IRQHandler
                0x0000000008004940                DMA1_Stream6_IRQHandler
                0x0000000008004940                DMAMUX1_OVR_IRQHandler
                0x0000000008004940                DMA1_Stream1_IRQHandler
                0x0000000008004940                TIM16_IRQHandler
                0x0000000008004940                UART4_IRQHandler
                0x0000000008004940                BDMA_Channel5_IRQHandler
                0x0000000008004940                TIM3_IRQHandler
                0x0000000008004940                RCC_IRQHandler
                0x0000000008004940                TIM8_BRK_TIM12_IRQHandler
                0x0000000008004940                TIM1_TRG_COM_IRQHandler
                0x0000000008004940                Default_Handler
                0x0000000008004940                ECC_IRQHandler
                0x0000000008004940                CEC_IRQHandler
                0x0000000008004940                EXTI15_10_IRQHandler
                0x0000000008004940                BDMA_Channel0_IRQHandler
                0x0000000008004940                ADC_IRQHandler
                0x0000000008004940                DMA1_Stream7_IRQHandler
                0x0000000008004940                HRTIM1_TIMA_IRQHandler
                0x0000000008004940                SPI5_IRQHandler
                0x0000000008004940                TIM7_IRQHandler
                0x0000000008004940                SDMMC1_IRQHandler
                0x0000000008004940                TIM5_IRQHandler
                0x0000000008004940                DMA2_Stream7_IRQHandler
                0x0000000008004940                TIM15_IRQHandler
                0x0000000008004940                PVD_AVD_IRQHandler
                0x0000000008004940                I2C3_EV_IRQHandler
                0x0000000008004940                EXTI9_5_IRQHandler
                0x0000000008004940                RTC_WKUP_IRQHandler
                0x0000000008004940                LTDC_IRQHandler
                0x0000000008004940                SAI3_IRQHandler
                0x0000000008004940                ETH_WKUP_IRQHandler
                0x0000000008004940                SPDIF_RX_IRQHandler
                0x0000000008004940                SPI2_IRQHandler
                0x0000000008004940                OTG_HS_EP1_IN_IRQHandler
                0x0000000008004940                DMA1_Stream0_IRQHandler
                0x0000000008004940                CRS_IRQHandler
                0x0000000008004940                EXTI4_IRQHandler
                0x0000000008004940                RNG_IRQHandler
                0x0000000008004940                HRTIM1_TIMB_IRQHandler
                0x0000000008004940                FDCAN2_IT1_IRQHandler
                0x0000000008004940                ETH_IRQHandler
                0x0000000008004940                TIM1_UP_IRQHandler
                0x0000000008004940                BDMA_Channel4_IRQHandler
                0x0000000008004940                OTG_HS_EP1_OUT_IRQHandler
                0x0000000008004940                WWDG_IRQHandler
                0x0000000008004940                SPI6_IRQHandler
                0x0000000008004940                MDIOS_IRQHandler
                0x0000000008004940                I2C4_EV_IRQHandler
                0x0000000008004940                FDCAN2_IT0_IRQHandler
                0x0000000008004940                LPUART1_IRQHandler
                0x0000000008004940                FDCAN1_IT0_IRQHandler
                0x0000000008004940                TIM2_IRQHandler
                0x0000000008004940                OTG_FS_WKUP_IRQHandler
                0x0000000008004940                OTG_HS_IRQHandler
                0x0000000008004940                DMA2D_IRQHandler
                0x0000000008004940                TIM1_BRK_IRQHandler
                0x0000000008004940                EXTI1_IRQHandler
                0x0000000008004940                SDMMC2_IRQHandler
                0x0000000008004940                OTG_FS_EP1_OUT_IRQHandler
                0x0000000008004940                BDMA_Channel3_IRQHandler
                0x0000000008004940                UART7_IRQHandler
                0x0000000008004940                MDIOS_WKUP_IRQHandler
                0x0000000008004940                USART2_IRQHandler
                0x0000000008004940                DFSDM1_FLT0_IRQHandler
                0x0000000008004940                SAI4_IRQHandler
                0x0000000008004940                I2C2_ER_IRQHandler
                0x0000000008004940                DMA2_Stream1_IRQHandler
                0x0000000008004940                FLASH_IRQHandler
                0x0000000008004940                DMA2_Stream4_IRQHandler
                0x0000000008004940                USART1_IRQHandler
                0x0000000008004940                OTG_FS_IRQHandler
                0x0000000008004940                SPI3_IRQHandler
                0x0000000008004940                WAKEUP_PIN_IRQHandler
                0x0000000008004940                DMA1_Stream4_IRQHandler
                0x0000000008004940                OTG_FS_EP1_IN_IRQHandler
                0x0000000008004940                I2C1_ER_IRQHandler
                0x0000000008004940                FMC_IRQHandler
                0x0000000008004940                FDCAN_CAL_IRQHandler
                0x0000000008004940                SWPMI1_IRQHandler
                0x0000000008004940                COMP1_IRQHandler
                0x0000000008004940                LPTIM1_IRQHandler
                0x0000000008004940                I2C4_ER_IRQHandler
                0x0000000008004940                DMA2_Stream6_IRQHandler
                0x0000000008004940                SAI1_IRQHandler
                0x0000000008004940                DMA1_Stream3_IRQHandler
 *fill*         0x0000000008004942        0x2 
 .text.__libc_init_array
                0x0000000008004944       0x48 /home/akinya/gcc-arm-none-eabi/bin/../lib/gcc/arm-none-eabi/10.3.1/../../../../arm-none-eabi/lib/thumb/v7e-m+dp/hard/libc_nano.a(lib_a-init.o)
                0x0000000008004944                __libc_init_array
 .text.memset   0x000000000800498c       0x10 /home/akinya/gcc-arm-none-eabi/bin/../lib/gcc/arm-none-eabi/10.3.1/../../../../arm-none-eabi/lib/thumb/v7e-m+dp/hard/libc_nano.a(lib_a-memset.o)
                0x000000000800498c                memset
 *(.glue_7)
 .glue_7        0x000000000800499c        0x0 linker stubs
 *(.glue_7t)
 .glue_7t       0x000000000800499c        0x0 linker stubs
 *(.eh_frame)
 .eh_frame      0x000000000800499c        0x0 /home/akinya/gcc-arm-none-eabi/bin/../lib/gcc/arm-none-eabi/10.3.1/thumb/v7e-m+dp/hard/crtbegin.o
 *(.init)
 .init          0x000000000800499c        0x4 /home/akinya/gcc-arm-none-eabi/bin/../lib/gcc/arm-none-eabi/10.3.1/thumb/v7e-m+dp/hard/crti.o
                0x000000000800499c                _init
 .init          0x00000000080049a0        0x8 /home/akinya/gcc-arm-none-eabi/bin/../lib/gcc/arm-none-eabi/10.3.1/thumb/v7e-m+dp/hard/crtn.o
 *(.fini)
 .fini          0x00000000080049a8        0x4 /home/akinya/gcc-arm-none-eabi/bin/../lib/gcc/arm-none-eabi/10.3.1/thumb/v7e-m+dp/hard/crti.o
                0x00000000080049a8                _fini
 .fini          0x00000000080049ac        0x8 /home/akinya/gcc-arm-none-eabi/bin/../lib/gcc/arm-none-eabi/10.3.1/thumb/v7e-m+dp/hard/crtn.o
                0x00000000080049b4                . = ALIGN (0x4)
                0x00000000080049b4                _etext = .

.vfp11_veneer   0x00000000080049b4        0x0
 .vfp11_veneer  0x00000000080049b4        0x0 linker stubs

.v4_bx          0x00000000080049b4        0x0
 .v4_bx         0x00000000080049b4        0x0 linker stubs

.iplt           0x00000000080049b4        0x0
 .iplt          0x00000000080049b4        0x0 /home/akinya/gcc-arm-none-eabi/bin/../lib/gcc/arm-none-eabi/10.3.1/thumb/v7e-m+dp/hard/crtbegin.o

.rodata         0x00000000080049b4       0xb0
                0x00000000080049b4                . = ALIGN (0x4)
 *(.rodata)
 .rodata        0x00000000080049b4       0x54 build/freertos.o
 *(.rodata*)
 .rodata.UARTPrescTable
                0x0000000008004a08       0x18 build/stm32h7xx_hal_uart.o
                0x0000000008004a08                UARTPrescTable
 .rodata.denominator.0
                0x0000000008004a20        0x8 build/stm32h7xx_hal_uart_ex.o
 .rodata.numerator.1
                0x0000000008004a28        0x8 build/stm32h7xx_hal_uart_ex.o
 .rodata.D1CorePrescTable
                0x0000000008004a30       0x10 build/system_stm32h7xx.o
                0x0000000008004a30                D1CorePrescTable
 .rodata.str1.4
                0x0000000008004a40       0x1b build/freertos.o
 *fill*         0x0000000008004a5b        0x1 
 .rodata.vTaskStartScheduler.str1.4
                0x0000000008004a5c        0x5 build/tasks.o
                0x0000000008004a64                . = ALIGN (0x4)
 *fill*         0x0000000008004a61        0x3 

.ARM.extab
 *(.ARM.extab* .gnu.linkonce.armextab.*)

.ARM            0x0000000008004a64        0x8
                0x0000000008004a64                __exidx_start = .
 *(.ARM.exidx*)
 .ARM.exidx     0x0000000008004a64        0x8 /home/akinya/gcc-arm-none-eabi/bin/../lib/gcc/arm-none-eabi/10.3.1/thumb/v7e-m+dp/hard/libgcc.a(_udivmoddi4.o)
                0x0000000008004a6c                __exidx_end = .

.rel.dyn        0x0000000008004a6c        0x0
 .rel.iplt      0x0000000008004a6c        0x0 /home/akinya/gcc-arm-none-eabi/bin/../lib/gcc/arm-none-eabi/10.3.1/thumb/v7e-m+dp/hard/crtbegin.o

.preinit_array  0x0000000008004a6c        0x0
                0x0000000008004a6c                PROVIDE (__preinit_array_start = .)
 *(.preinit_array*)
                0x0000000008004a6c                PROVIDE (__preinit_array_end = .)

.init_array     0x0000000008004a6c        0x4
                0x0000000008004a6c                PROVIDE (__init_array_start = .)
 *(SORT_BY_NAME(.init_array.*))
 *(.init_array*)
 .init_array    0x0000000008004a6c        0x4 /home/akinya/gcc-arm-none-eabi/bin/../lib/gcc/arm-none-eabi/10.3.1/thumb/v7e-m+dp/hard/crtbegin.o
                0x0000000008004a70                PROVIDE (__init_array_end = .)

.fini_array     0x0000000008004a70        0x4
                [!provide]                        PROVIDE (__fini_array_start = .)
 *(SORT_BY_NAME(.fini_array.*))
 *(.fini_array*)
 .fini_array    0x0000000008004a70        0x4 /home/akinya/gcc-arm-none-eabi/bin/../lib/gcc/arm-none-eabi/10.3.1/thumb/v7e-m+dp/hard/crtbegin.o
                [!provide]                        PROVIDE (__fini_array_end = .)
                0x0000000008004a74                _sidata = LOADADDR (.data)

.data           0x0000000020000000       0x14 load address 0x0000000008004a74
                0x0000000020000000                . = ALIGN (0x4)
                0x0000000020000000                _sdata = .
 *(.data)
 *(.data*)
 .data.uwTickFreq
                0x0000000020000000        0x1 build/stm32h7xx_hal.o
                0x0000000020000000                uwTickFreq
 *fill*         0x0000000020000001        0x3 
 .data.uwTickPrio
                0x0000000020000004        0x4 build/stm32h7xx_hal.o
                0x0000000020000004                uwTickPrio
 .data.SystemCoreClock
                0x0000000020000008        0x4 build/system_stm32h7xx.o
                0x0000000020000008                SystemCoreClock
 .data.SystemD2Clock
                0x000000002000000c        0x4 build/system_stm32h7xx.o
                0x000000002000000c                SystemD2Clock
 .data.uxCriticalNesting
                0x0000000020000010        0x4 build/port.o
                0x0000000020000014                . = ALIGN (0x4)
                0x0000000020000014                _edata = .

.igot.plt       0x0000000020000014        0x0 load address 0x0000000008004a88
 .igot.plt      0x0000000020000014        0x0 /home/akinya/gcc-arm-none-eabi/bin/../lib/gcc/arm-none-eabi/10.3.1/thumb/v7e-m+dp/hard/crtbegin.o
                0x0000000020000014                . = ALIGN (0x4)

.bss            0x0000000020000014     0x4100 load address 0x0000000008004a88
                0x0000000020000014                _sbss = .
                0x0000000020000014                __bss_start__ = _sbss
 *(.bss)
 .bss           0x0000000020000014       0x1c /home/akinya/gcc-arm-none-eabi/bin/../lib/gcc/arm-none-eabi/10.3.1/thumb/v7e-m+dp/hard/crtbegin.o
 *(.bss*)
 .bss.FMC_Initialized
                0x0000000020000030        0x4 build/fmc.o
 .bss.hsram1    0x0000000020000034       0x4c build/fmc.o
                0x0000000020000034                hsram1
 .bss.huart1    0x0000000020000080       0x90 build/usart.o
                0x0000000020000080                huart1
 .bss.uwTick    0x0000000020000110        0x4 build/stm32h7xx_hal.o
                0x0000000020000110                uwTick
 .bss.Blink2TaskHandle
                0x0000000020000114        0x4 build/freertos.o
                0x0000000020000114                Blink2TaskHandle
 .bss.BlinkTaskHandle
                0x0000000020000118        0x4 build/freertos.o
                0x0000000020000118                BlinkTaskHandle
 .bss.defaultTaskHandle
                0x000000002000011c        0x4 build/freertos.o
                0x000000002000011c                defaultTaskHandle
 .bss.xIdleStack
                0x0000000020000120      0x200 build/freertos.o
 .bss.xIdleTaskTCBBuffer
                0x0000000020000320       0x54 build/freertos.o
 .bss.htim14    0x0000000020000374       0x4c build/stm32h7xx_hal_timebase_tim.o
                0x0000000020000374                htim14
 .bss.pxCurrentTCB
                0x00000000200003c0        0x4 build/tasks.o
                0x00000000200003c0                pxCurrentTCB
 .bss.pxDelayedTaskList
                0x00000000200003c4        0x4 build/tasks.o
 .bss.pxOverflowDelayedTaskList
                0x00000000200003c8        0x4 build/tasks.o
 .bss.pxReadyTasksLists
                0x00000000200003cc       0x8c build/tasks.o
 .bss.uxCurrentNumberOfTasks
                0x0000000020000458        0x4 build/tasks.o
 .bss.uxDeletedTasksWaitingCleanUp
                0x000000002000045c        0x4 build/tasks.o
 .bss.uxSchedulerSuspended
                0x0000000020000460        0x4 build/tasks.o
 .bss.uxTaskNumber
                0x0000000020000464        0x4 build/tasks.o
 .bss.uxTopReadyPriority
                0x0000000020000468        0x4 build/tasks.o
 .bss.xDelayedTaskList1
                0x000000002000046c       0x14 build/tasks.o
 .bss.xDelayedTaskList2
                0x0000000020000480       0x14 build/tasks.o
 .bss.xIdleTaskHandle
                0x0000000020000494        0x4 build/tasks.o
 .bss.xNextTaskUnblockTime
                0x0000000020000498        0x4 build/tasks.o
 .bss.xNumOfOverflows
                0x000000002000049c        0x4 build/tasks.o
 .bss.xPendedTicks
                0x00000000200004a0        0x4 build/tasks.o
 .bss.xPendingReadyList
                0x00000000200004a4       0x14 build/tasks.o
 .bss.xSchedulerRunning
                0x00000000200004b8        0x4 build/tasks.o
 .bss.xSuspendedTaskList
                0x00000000200004bc       0x14 build/tasks.o
 .bss.xTasksWaitingTermination
                0x00000000200004d0       0x14 build/tasks.o
 .bss.xTickCount
                0x00000000200004e4        0x4 build/tasks.o
 .bss.xYieldPending
                0x00000000200004e8        0x4 build/tasks.o
 .bss.pxEnd     0x00000000200004ec        0x4 build/heap_4.o
 .bss.ucHeap    0x00000000200004f0     0x3c00 build/heap_4.o
 .bss.xBlockAllocatedBit
                0x00000000200040f0        0x4 build/heap_4.o
 .bss.xFreeBytesRemaining
                0x00000000200040f4        0x4 build/heap_4.o
 .bss.xMinimumEverFreeBytesRemaining
                0x00000000200040f8        0x4 build/heap_4.o
 .bss.xNumberOfSuccessfulAllocations
                0x00000000200040fc        0x4 build/heap_4.o
 .bss.xNumberOfSuccessfulFrees
                0x0000000020004100        0x4 build/heap_4.o
 .bss.xStart    0x0000000020004104        0x8 build/heap_4.o
 .bss.ucMaxSysCallPriority
                0x000000002000410c        0x1 build/port.o
 *fill*         0x000000002000410d        0x3 
 .bss.ulMaxPRIGROUPValue
                0x0000000020004110        0x4 build/port.o
 *(COMMON)
                0x0000000020004114                . = ALIGN (0x4)
                0x0000000020004114                _ebss = .
                0x0000000020004114                __bss_end__ = _ebss

._user_heap_stack
                0x0000000020004114      0x604 load address 0x0000000008004a88
                0x0000000020004118                . = ALIGN (0x8)
 *fill*         0x0000000020004114        0x4 
                [!provide]                        PROVIDE (end = .)
                [!provide]                        PROVIDE (_end = .)
                0x0000000020004318                . = (. + _Min_Heap_Size)
 *fill*         0x0000000020004118      0x200 
                0x0000000020004718                . = (. + _Min_Stack_Size)
 *fill*         0x0000000020004318      0x400 
                0x0000000020004718                . = ALIGN (0x8)

/DISCARD/
 libc.a(*)
 libm.a(*)
 libgcc.a(*)

.ARM.attributes
                0x0000000000000000       0x2e
 *(.ARM.attributes)
 .ARM.attributes
                0x0000000000000000       0x1e /home/akinya/gcc-arm-none-eabi/bin/../lib/gcc/arm-none-eabi/10.3.1/thumb/v7e-m+dp/hard/crti.o
 .ARM.attributes
                0x000000000000001e       0x32 /home/akinya/gcc-arm-none-eabi/bin/../lib/gcc/arm-none-eabi/10.3.1/thumb/v7e-m+dp/hard/crtbegin.o
 .ARM.attributes
                0x0000000000000050       0x32 build/main.o
 .ARM.attributes
                0x0000000000000082       0x32 build/gpio.o
 .ARM.attributes
                0x00000000000000b4       0x32 build/fmc.o
 .ARM.attributes
                0x00000000000000e6       0x32 build/usart.o
 .ARM.attributes
                0x0000000000000118       0x32 build/stm32h7xx_it.o
 .ARM.attributes
                0x000000000000014a       0x32 build/stm32h7xx_hal_msp.o
 .ARM.attributes
                0x000000000000017c       0x32 build/stm32h7xx_hal_cortex.o
 .ARM.attributes
                0x00000000000001ae       0x32 build/stm32h7xx_hal_rcc.o
 .ARM.attributes
                0x00000000000001e0       0x32 build/stm32h7xx_hal_rcc_ex.o
 .ARM.attributes
                0x0000000000000212       0x32 build/stm32h7xx_hal_gpio.o
 .ARM.attributes
                0x0000000000000244       0x32 build/stm32h7xx_hal_pwr_ex.o
 .ARM.attributes
                0x0000000000000276       0x32 build/stm32h7xx_hal.o
 .ARM.attributes
                0x00000000000002a8       0x32 build/stm32h7xx_ll_fmc.o
 .ARM.attributes
                0x00000000000002da       0x32 build/stm32h7xx_hal_sram.o
 .ARM.attributes
                0x000000000000030c       0x32 build/stm32h7xx_hal_tim.o
 .ARM.attributes
                0x000000000000033e       0x32 build/stm32h7xx_hal_tim_ex.o
 .ARM.attributes
                0x0000000000000370       0x32 build/stm32h7xx_hal_uart.o
 .ARM.attributes
                0x00000000000003a2       0x32 build/stm32h7xx_hal_uart_ex.o
 .ARM.attributes
                0x00000000000003d4       0x32 build/system_stm32h7xx.o
 .ARM.attributes
                0x0000000000000406       0x32 build/freertos.o
 .ARM.attributes
                0x0000000000000438       0x32 build/stm32h7xx_hal_timebase_tim.o
 .ARM.attributes
                0x000000000000046a       0x32 build/list.o
 .ARM.attributes
                0x000000000000049c       0x32 build/tasks.o
 .ARM.attributes
                0x00000000000004ce       0x32 build/cmsis_os.o
 .ARM.attributes
                0x0000000000000500       0x32 build/heap_4.o
 .ARM.attributes
                0x0000000000000532       0x32 build/port.o
 .ARM.attributes
                0x0000000000000564       0x21 build/startup_stm32h743xx.o
 .ARM.attributes
                0x0000000000000585       0x32 /home/akinya/gcc-arm-none-eabi/bin/../lib/gcc/arm-none-eabi/10.3.1/../../../../arm-none-eabi/lib/thumb/v7e-m+dp/hard/libc_nano.a(lib_a-init.o)
 .ARM.attributes
                0x00000000000005b7       0x32 /home/akinya/gcc-arm-none-eabi/bin/../lib/gcc/arm-none-eabi/10.3.1/../../../../arm-none-eabi/lib/thumb/v7e-m+dp/hard/libc_nano.a(lib_a-memset.o)
 .ARM.attributes
                0x00000000000005e9       0x1e /home/akinya/gcc-arm-none-eabi/bin/../lib/gcc/arm-none-eabi/10.3.1/thumb/v7e-m+dp/hard/libgcc.a(_aeabi_uldivmod.o)
 .ARM.attributes
                0x0000000000000607       0x32 /home/akinya/gcc-arm-none-eabi/bin/../lib/gcc/arm-none-eabi/10.3.1/thumb/v7e-m+dp/hard/libgcc.a(_udivmoddi4.o)
 .ARM.attributes
                0x0000000000000639       0x1e /home/akinya/gcc-arm-none-eabi/bin/../lib/gcc/arm-none-eabi/10.3.1/thumb/v7e-m+dp/hard/libgcc.a(_dvmd_tls.o)
 .ARM.attributes
                0x0000000000000657       0x1e /home/akinya/gcc-arm-none-eabi/bin/../lib/gcc/arm-none-eabi/10.3.1/thumb/v7e-m+dp/hard/crtn.o
OUTPUT(build/template.elf elf32-littlearm)
LOAD linker stubs
LOAD /home/akinya/gcc-arm-none-eabi/bin/../lib/gcc/arm-none-eabi/10.3.1/../../../../arm-none-eabi/lib/thumb/v7e-m+dp/hard/libc.a
LOAD /home/akinya/gcc-arm-none-eabi/bin/../lib/gcc/arm-none-eabi/10.3.1/../../../../arm-none-eabi/lib/thumb/v7e-m+dp/hard/libm.a
LOAD /home/akinya/gcc-arm-none-eabi/bin/../lib/gcc/arm-none-eabi/10.3.1/thumb/v7e-m+dp/hard/libgcc.a

.debug_info     0x0000000000000000    0x2132b
 .debug_info    0x0000000000000000      0xfa0 build/main.o
 .debug_info    0x0000000000000fa0      0x7ca build/gpio.o
 .debug_info    0x000000000000176a     0x13af build/fmc.o
 .debug_info    0x0000000000002b19     0x137d build/usart.o
 .debug_info    0x0000000000003e96      0x8ea build/stm32h7xx_it.o
 .debug_info    0x0000000000004780      0x8fb build/stm32h7xx_hal_msp.o
 .debug_info    0x000000000000507b     0x1507 build/stm32h7xx_hal_cortex.o
 .debug_info    0x0000000000006582     0x13bd build/stm32h7xx_hal_rcc.o
 .debug_info    0x000000000000793f     0x1c07 build/stm32h7xx_hal_rcc_ex.o
 .debug_info    0x0000000000009546      0xee1 build/stm32h7xx_hal_gpio.o
 .debug_info    0x000000000000a427     0x13f3 build/stm32h7xx_hal_pwr_ex.o
 .debug_info    0x000000000000b81a     0x18de build/stm32h7xx_hal.o
 .debug_info    0x000000000000d0f8      0xe12 build/stm32h7xx_ll_fmc.o
 .debug_info    0x000000000000df0a     0x11ec build/stm32h7xx_hal_sram.o
 .debug_info    0x000000000000f0f6     0x40aa build/stm32h7xx_hal_tim.o
 .debug_info    0x00000000000131a0     0x1f5b build/stm32h7xx_hal_tim_ex.o
 .debug_info    0x00000000000150fb     0x2bac build/stm32h7xx_hal_uart.o
 .debug_info    0x0000000000017ca7     0x106e build/stm32h7xx_hal_uart_ex.o
 .debug_info    0x0000000000018d15      0xeb5 build/system_stm32h7xx.o
 .debug_info    0x0000000000019bca      0x698 build/freertos.o
 .debug_info    0x000000000001a262     0x12b1 build/stm32h7xx_hal_timebase_tim.o
 .debug_info    0x000000000001b513      0x30f build/list.o
 .debug_info    0x000000000001b822     0x2afa build/tasks.o
 .debug_info    0x000000000001e31c     0x240b build/cmsis_os.o
 .debug_info    0x0000000000020727      0x61a build/heap_4.o
 .debug_info    0x0000000000020d41      0x5c8 build/port.o
 .debug_info    0x0000000000021309       0x22 build/startup_stm32h743xx.o

.debug_abbrev   0x0000000000000000     0x3ac1
 .debug_abbrev  0x0000000000000000      0x23f build/main.o
 .debug_abbrev  0x000000000000023f      0x160 build/gpio.o
 .debug_abbrev  0x000000000000039f      0x212 build/fmc.o
 .debug_abbrev  0x00000000000005b1      0x1f8 build/usart.o
 .debug_abbrev  0x00000000000007a9      0x17c build/stm32h7xx_it.o
 .debug_abbrev  0x0000000000000925      0x11c build/stm32h7xx_hal_msp.o
 .debug_abbrev  0x0000000000000a41      0x395 build/stm32h7xx_hal_cortex.o
 .debug_abbrev  0x0000000000000dd6      0x269 build/stm32h7xx_hal_rcc.o
 .debug_abbrev  0x000000000000103f      0x286 build/stm32h7xx_hal_rcc_ex.o
 .debug_abbrev  0x00000000000012c5      0x253 build/stm32h7xx_hal_gpio.o
 .debug_abbrev  0x0000000000001518      0x2b6 build/stm32h7xx_hal_pwr_ex.o
 .debug_abbrev  0x00000000000017ce      0x261 build/stm32h7xx_hal.o
 .debug_abbrev  0x0000000000001a2f      0x1cd build/stm32h7xx_ll_fmc.o
 .debug_abbrev  0x0000000000001bfc      0x221 build/stm32h7xx_hal_sram.o
 .debug_abbrev  0x0000000000001e1d      0x282 build/stm32h7xx_hal_tim.o
 .debug_abbrev  0x000000000000209f      0x298 build/stm32h7xx_hal_tim_ex.o
 .debug_abbrev  0x0000000000002337      0x2e1 build/stm32h7xx_hal_uart.o
 .debug_abbrev  0x0000000000002618      0x267 build/stm32h7xx_hal_uart_ex.o
 .debug_abbrev  0x000000000000287f      0x12a build/system_stm32h7xx.o
 .debug_abbrev  0x00000000000029a9      0x1d2 build/freertos.o
 .debug_abbrev  0x0000000000002b7b      0x211 build/stm32h7xx_hal_timebase_tim.o
 .debug_abbrev  0x0000000000002d8c      0x124 build/list.o
 .debug_abbrev  0x0000000000002eb0      0x36b build/tasks.o
 .debug_abbrev  0x000000000000321b      0x3a1 build/cmsis_os.o
 .debug_abbrev  0x00000000000035bc      0x269 build/heap_4.o
 .debug_abbrev  0x0000000000003825      0x28a build/port.o
 .debug_abbrev  0x0000000000003aaf       0x12 build/startup_stm32h743xx.o

.debug_loc      0x0000000000000000    0x15cb5
 .debug_loc     0x0000000000000000       0xc8 build/main.o
 .debug_loc     0x00000000000000c8       0x39 build/gpio.o
 .debug_loc     0x0000000000000101      0x136 build/fmc.o
 .debug_loc     0x0000000000000237       0xea build/usart.o
 .debug_loc     0x0000000000000321       0x20 build/stm32h7xx_it.o
 .debug_loc     0x0000000000000341       0x38 build/stm32h7xx_hal_msp.o
 .debug_loc     0x0000000000000379      0x786 build/stm32h7xx_hal_cortex.o
 .debug_loc     0x0000000000000aff      0xa81 build/stm32h7xx_hal_rcc.o
 .debug_loc     0x0000000000001580     0x1bd8 build/stm32h7xx_hal_rcc_ex.o
 .debug_loc     0x0000000000003158      0x483 build/stm32h7xx_hal_gpio.o
 .debug_loc     0x00000000000035db      0x65b build/stm32h7xx_hal_pwr_ex.o
 .debug_loc     0x0000000000003c36      0x526 build/stm32h7xx_hal.o
 .debug_loc     0x000000000000415c      0x8bf build/stm32h7xx_ll_fmc.o
 .debug_loc     0x0000000000004a1b     0x115d build/stm32h7xx_hal_sram.o
 .debug_loc     0x0000000000005b78     0x595d build/stm32h7xx_hal_tim.o
 .debug_loc     0x000000000000b4d5     0x292b build/stm32h7xx_hal_tim_ex.o
 .debug_loc     0x000000000000de00     0x2962 build/stm32h7xx_hal_uart.o
 .debug_loc     0x0000000000010762      0xc04 build/stm32h7xx_hal_uart_ex.o
 .debug_loc     0x0000000000011366      0x1d8 build/system_stm32h7xx.o
 .debug_loc     0x000000000001153e       0xbe build/freertos.o
 .debug_loc     0x00000000000115fc       0xfa build/stm32h7xx_hal_timebase_tim.o
 .debug_loc     0x00000000000116f6       0xe5 build/list.o
 .debug_loc     0x00000000000117db     0x2414 build/tasks.o
 .debug_loc     0x0000000000013bef     0x1a22 build/cmsis_os.o
 .debug_loc     0x0000000000015611      0x4e4 build/heap_4.o
 .debug_loc     0x0000000000015af5      0x1c0 build/port.o

.debug_aranges  0x0000000000000000     0x15f0
 .debug_aranges
                0x0000000000000000       0x38 build/main.o
 .debug_aranges
                0x0000000000000038       0x20 build/gpio.o
 .debug_aranges
                0x0000000000000058       0x40 build/fmc.o
 .debug_aranges
                0x0000000000000098       0x30 build/usart.o
 .debug_aranges
                0x00000000000000c8       0x50 build/stm32h7xx_it.o
 .debug_aranges
                0x0000000000000118       0x20 build/stm32h7xx_hal_msp.o
 .debug_aranges
                0x0000000000000138       0xb0 build/stm32h7xx_hal_cortex.o
 .debug_aranges
                0x00000000000001e8       0x88 build/stm32h7xx_hal_rcc.o
 .debug_aranges
                0x0000000000000270       0xf8 build/stm32h7xx_hal_rcc_ex.o
 .debug_aranges
                0x0000000000000368       0x58 build/stm32h7xx_hal_gpio.o
 .debug_aranges
                0x00000000000003c0      0x158 build/stm32h7xx_hal_pwr_ex.o
 .debug_aranges
                0x0000000000000518      0x198 build/stm32h7xx_hal.o
 .debug_aranges
                0x00000000000006b0       0xc8 build/stm32h7xx_ll_fmc.o
 .debug_aranges
                0x0000000000000778       0xb8 build/stm32h7xx_hal_sram.o
 .debug_aranges
                0x0000000000000830      0x3e0 build/stm32h7xx_hal_tim.o
 .debug_aranges
                0x0000000000000c10      0x188 build/stm32h7xx_hal_tim_ex.o
 .debug_aranges
                0x0000000000000d98      0x248 build/stm32h7xx_hal_uart.o
 .debug_aranges
                0x0000000000000fe0       0xa0 build/stm32h7xx_hal_uart_ex.o
 .debug_aranges
                0x0000000000001080       0x28 build/system_stm32h7xx.o
 .debug_aranges
                0x00000000000010a8       0x48 build/freertos.o
 .debug_aranges
                0x00000000000010f0       0x30 build/stm32h7xx_hal_timebase_tim.o
 .debug_aranges
                0x0000000000001120       0x40 build/list.o
 .debug_aranges
                0x0000000000001160      0x1b8 build/tasks.o
 .debug_aranges
                0x0000000000001318      0x1d8 build/cmsis_os.o
 .debug_aranges
                0x00000000000014f0       0x58 build/heap_4.o
 .debug_aranges
                0x0000000000001548       0x80 build/port.o
 .debug_aranges
                0x00000000000015c8       0x28 build/startup_stm32h743xx.o

.debug_ranges   0x0000000000000000     0x1668
 .debug_ranges  0x0000000000000000       0x28 build/main.o
 .debug_ranges  0x0000000000000028       0x10 build/gpio.o
 .debug_ranges  0x0000000000000038       0x30 build/fmc.o
 .debug_ranges  0x0000000000000068       0x20 build/usart.o
 .debug_ranges  0x0000000000000088       0x40 build/stm32h7xx_it.o
 .debug_ranges  0x00000000000000c8       0x10 build/stm32h7xx_hal_msp.o
 .debug_ranges  0x00000000000000d8      0x100 build/stm32h7xx_hal_cortex.o
 .debug_ranges  0x00000000000001d8       0xe8 build/stm32h7xx_hal_rcc.o
 .debug_ranges  0x00000000000002c0       0xe8 build/stm32h7xx_hal_rcc_ex.o
 .debug_ranges  0x00000000000003a8       0x48 build/stm32h7xx_hal_gpio.o
 .debug_ranges  0x00000000000003f0      0x1a8 build/stm32h7xx_hal_pwr_ex.o
 .debug_ranges  0x0000000000000598      0x188 build/stm32h7xx_hal.o
 .debug_ranges  0x0000000000000720       0xb8 build/stm32h7xx_ll_fmc.o
 .debug_ranges  0x00000000000007d8       0xa8 build/stm32h7xx_hal_sram.o
 .debug_ranges  0x0000000000000880      0x3d0 build/stm32h7xx_hal_tim.o
 .debug_ranges  0x0000000000000c50      0x178 build/stm32h7xx_hal_tim_ex.o
 .debug_ranges  0x0000000000000dc8      0x238 build/stm32h7xx_hal_uart.o
 .debug_ranges  0x0000000000001000       0x90 build/stm32h7xx_hal_uart_ex.o
 .debug_ranges  0x0000000000001090       0x18 build/system_stm32h7xx.o
 .debug_ranges  0x00000000000010a8       0x38 build/freertos.o
 .debug_ranges  0x00000000000010e0       0x20 build/stm32h7xx_hal_timebase_tim.o
 .debug_ranges  0x0000000000001100       0x30 build/list.o
 .debug_ranges  0x0000000000001130      0x280 build/tasks.o
 .debug_ranges  0x00000000000013b0      0x1c8 build/cmsis_os.o
 .debug_ranges  0x0000000000001578       0x48 build/heap_4.o
 .debug_ranges  0x00000000000015c0       0x88 build/port.o
 .debug_ranges  0x0000000000001648       0x20 build/startup_stm32h743xx.o

.debug_line     0x0000000000000000    0x164e9
 .debug_line    0x0000000000000000      0x3db build/main.o
 .debug_line    0x00000000000003db      0x1ac build/gpio.o
 .debug_line    0x0000000000000587      0x469 build/fmc.o
 .debug_line    0x00000000000009f0      0x346 build/usart.o
 .debug_line    0x0000000000000d36      0x255 build/stm32h7xx_it.o
 .debug_line    0x0000000000000f8b      0x169 build/stm32h7xx_hal_msp.o
 .debug_line    0x00000000000010f4      0x75f build/stm32h7xx_hal_cortex.o
 .debug_line    0x0000000000001853     0x11a2 build/stm32h7xx_hal_rcc.o
 .debug_line    0x00000000000029f5     0x1d5a build/stm32h7xx_hal_rcc_ex.o
 .debug_line    0x000000000000474f      0x67c build/stm32h7xx_hal_gpio.o
 .debug_line    0x0000000000004dcb      0xa54 build/stm32h7xx_hal_pwr_ex.o
 .debug_line    0x000000000000581f      0x894 build/stm32h7xx_hal.o
 .debug_line    0x00000000000060b3      0x686 build/stm32h7xx_ll_fmc.o
 .debug_line    0x0000000000006739      0xa81 build/stm32h7xx_hal_sram.o
 .debug_line    0x00000000000071ba     0x4c9a build/stm32h7xx_hal_tim.o
 .debug_line    0x000000000000be54     0x1e2b build/stm32h7xx_hal_tim_ex.o
 .debug_line    0x000000000000dc7f     0x2c8d build/stm32h7xx_hal_uart.o
 .debug_line    0x000000000001090c      0xa90 build/stm32h7xx_hal_uart_ex.o
 .debug_line    0x000000000001139c      0x409 build/system_stm32h7xx.o
 .debug_line    0x00000000000117a5      0x30e build/freertos.o
 .debug_line    0x0000000000011ab3      0x2ac build/stm32h7xx_hal_timebase_tim.o
 .debug_line    0x0000000000011d5f      0x331 build/list.o
 .debug_line    0x0000000000012090     0x24a9 build/tasks.o
 .debug_line    0x0000000000014539     0x1162 build/cmsis_os.o
 .debug_line    0x000000000001569b      0x6f6 build/heap_4.o
 .debug_line    0x0000000000015d91      0x6e2 build/port.o
 .debug_line    0x0000000000016473       0x76 build/startup_stm32h743xx.o

.debug_str      0x0000000000000000     0x83e0
 .debug_str     0x0000000000000000      0xa40 build/main.o
                                        0xb4e (size before relaxing)
 .debug_str     0x0000000000000a40      0x2b0 build/gpio.o
                                        0x48c (size before relaxing)
 .debug_str     0x0000000000000cf0      0x898 build/fmc.o
                                        0xe29 (size before relaxing)
 .debug_str     0x0000000000001588      0x2ce build/usart.o
                                        0xe1b (size before relaxing)
 .debug_str     0x0000000000001856       0xb5 build/stm32h7xx_it.o
                                        0x87b (size before relaxing)
 .debug_str     0x000000000000190b      0x833 build/stm32h7xx_hal_msp.o
                                        0xc0d (size before relaxing)
 .debug_str     0x000000000000213e      0x5a1 build/stm32h7xx_hal_cortex.o
                                       0x1031 (size before relaxing)
 .debug_str     0x00000000000026df      0x394 build/stm32h7xx_hal_rcc.o
                                        0xa03 (size before relaxing)
 .debug_str     0x0000000000002a73      0x66b build/stm32h7xx_hal_rcc_ex.o
                                        0xee5 (size before relaxing)
 .debug_str     0x00000000000030de       0xf7 build/stm32h7xx_hal_gpio.o
                                        0x6bd (size before relaxing)
 .debug_str     0x00000000000031d5      0x551 build/stm32h7xx_hal_pwr_ex.o
                                        0xa32 (size before relaxing)
 .debug_str     0x0000000000003726      0x60e build/stm32h7xx_hal.o
                                       0x1499 (size before relaxing)
 .debug_str     0x0000000000003d34      0x4d6 build/stm32h7xx_ll_fmc.o
                                        0x8a2 (size before relaxing)
 .debug_str     0x000000000000420a      0x1fa build/stm32h7xx_hal_sram.o
                                        0xa3e (size before relaxing)
 .debug_str     0x0000000000004404      0xf2e build/stm32h7xx_hal_tim.o
                                       0x1805 (size before relaxing)
 .debug_str     0x0000000000005332      0x6a3 build/stm32h7xx_hal_tim_ex.o
                                       0x1129 (size before relaxing)
 .debug_str     0x00000000000059d5      0x90b build/stm32h7xx_hal_uart.o
                                       0x1450 (size before relaxing)
 .debug_str     0x00000000000062e0      0x225 build/stm32h7xx_hal_uart_ex.o
                                        0xb1f (size before relaxing)
 .debug_str     0x0000000000006505       0x3d build/system_stm32h7xx.o
                                        0x718 (size before relaxing)
 .debug_str     0x0000000000006542      0x337 build/freertos.o
                                        0x569 (size before relaxing)
 .debug_str     0x0000000000006879       0x5c build/stm32h7xx_hal_timebase_tim.o
                                       0x13ea (size before relaxing)
 .debug_str     0x00000000000068d5      0x136 build/list.o
                                        0x2e9 (size before relaxing)
 .debug_str     0x0000000000006a0b      0xc0b build/tasks.o
                                       0x1017 (size before relaxing)
 .debug_str     0x0000000000007616      0x961 build/cmsis_os.o
                                       0x1030 (size before relaxing)
 .debug_str     0x0000000000007f77      0x2c8 build/heap_4.o
                                        0x4f7 (size before relaxing)
 .debug_str     0x000000000000823f      0x17d build/port.o
                                        0x465 (size before relaxing)
 .debug_str     0x00000000000083bc       0x24 build/startup_stm32h743xx.o
                                         0x51 (size before relaxing)

.comment        0x0000000000000000       0x49
 .comment       0x0000000000000000       0x49 build/main.o
                                         0x4a (size before relaxing)
 .comment       0x0000000000000049       0x4a build/gpio.o
 .comment       0x0000000000000049       0x4a build/fmc.o
 .comment       0x0000000000000049       0x4a build/usart.o
 .comment       0x0000000000000049       0x4a build/stm32h7xx_it.o
 .comment       0x0000000000000049       0x4a build/stm32h7xx_hal_msp.o
 .comment       0x0000000000000049       0x4a build/stm32h7xx_hal_cortex.o
 .comment       0x0000000000000049       0x4a build/stm32h7xx_hal_rcc.o
 .comment       0x0000000000000049       0x4a build/stm32h7xx_hal_rcc_ex.o
 .comment       0x0000000000000049       0x4a build/stm32h7xx_hal_gpio.o
 .comment       0x0000000000000049       0x4a build/stm32h7xx_hal_pwr_ex.o
 .comment       0x0000000000000049       0x4a build/stm32h7xx_hal.o
 .comment       0x0000000000000049       0x4a build/stm32h7xx_ll_fmc.o
 .comment       0x0000000000000049       0x4a build/stm32h7xx_hal_sram.o
 .comment       0x0000000000000049       0x4a build/stm32h7xx_hal_tim.o
 .comment       0x0000000000000049       0x4a build/stm32h7xx_hal_tim_ex.o
 .comment       0x0000000000000049       0x4a build/stm32h7xx_hal_uart.o
 .comment       0x0000000000000049       0x4a build/stm32h7xx_hal_uart_ex.o
 .comment       0x0000000000000049       0x4a build/system_stm32h7xx.o
 .comment       0x0000000000000049       0x4a build/freertos.o
 .comment       0x0000000000000049       0x4a build/stm32h7xx_hal_timebase_tim.o
 .comment       0x0000000000000049       0x4a build/list.o
 .comment       0x0000000000000049       0x4a build/tasks.o
 .comment       0x0000000000000049       0x4a build/cmsis_os.o
 .comment       0x0000000000000049       0x4a build/heap_4.o
 .comment       0x0000000000000049       0x4a build/port.o

.debug_frame    0x0000000000000000     0x3a10
 .debug_frame   0x0000000000000000       0x70 build/main.o
 .debug_frame   0x0000000000000070       0x30 build/gpio.o
 .debug_frame   0x00000000000000a0       0xa8 build/fmc.o
 .debug_frame   0x0000000000000148       0x64 build/usart.o
 .debug_frame   0x00000000000001ac       0x88 build/stm32h7xx_it.o
 .debug_frame   0x0000000000000234       0x2c build/stm32h7xx_hal_msp.o
 .debug_frame   0x0000000000000260      0x158 build/stm32h7xx_hal_cortex.o
 .debug_frame   0x00000000000003b8      0x18c build/stm32h7xx_hal_rcc.o
 .debug_frame   0x0000000000000544      0x26c build/stm32h7xx_hal_rcc_ex.o
 .debug_frame   0x00000000000007b0       0xd0 build/stm32h7xx_hal_gpio.o
 .debug_frame   0x0000000000000880      0x2f4 build/stm32h7xx_hal_pwr_ex.o
 .debug_frame   0x0000000000000b74      0x360 build/stm32h7xx_hal.o
 .debug_frame   0x0000000000000ed4      0x1d4 build/stm32h7xx_ll_fmc.o
 .debug_frame   0x00000000000010a8      0x20c build/stm32h7xx_hal_sram.o
 .debug_frame   0x00000000000012b4      0xb68 build/stm32h7xx_hal_tim.o
 .debug_frame   0x0000000000001e1c      0x480 build/stm32h7xx_hal_tim_ex.o
 .debug_frame   0x000000000000229c      0x674 build/stm32h7xx_hal_uart.o
 .debug_frame   0x0000000000002910      0x1c8 build/stm32h7xx_hal_uart_ex.o
 .debug_frame   0x0000000000002ad8       0x3c build/system_stm32h7xx.o
 .debug_frame   0x0000000000002b14       0x98 build/freertos.o
 .debug_frame   0x0000000000002bac       0x50 build/stm32h7xx_hal_timebase_tim.o
 .debug_frame   0x0000000000002bfc       0x70 build/list.o
 .debug_frame   0x0000000000002c6c      0x58c build/tasks.o
 .debug_frame   0x00000000000031f8      0x58c build/cmsis_os.o
 .debug_frame   0x0000000000003784       0xd0 build/heap_4.o
 .debug_frame   0x0000000000003854      0x110 build/port.o
 .debug_frame   0x0000000000003964       0x2c /home/akinya/gcc-arm-none-eabi/bin/../lib/gcc/arm-none-eabi/10.3.1/../../../../arm-none-eabi/lib/thumb/v7e-m+dp/hard/libc_nano.a(lib_a-init.o)
 .debug_frame   0x0000000000003990       0x20 /home/akinya/gcc-arm-none-eabi/bin/../lib/gcc/arm-none-eabi/10.3.1/../../../../arm-none-eabi/lib/thumb/v7e-m+dp/hard/libc_nano.a(lib_a-memset.o)
 .debug_frame   0x00000000000039b0       0x2c /home/akinya/gcc-arm-none-eabi/bin/../lib/gcc/arm-none-eabi/10.3.1/thumb/v7e-m+dp/hard/libgcc.a(_aeabi_uldivmod.o)
 .debug_frame   0x00000000000039dc       0x34 /home/akinya/gcc-arm-none-eabi/bin/../lib/gcc/arm-none-eabi/10.3.1/thumb/v7e-m+dp/hard/libgcc.a(_udivmoddi4.o)

Cross Reference Table

Symbol                                            File
ADC3_IRQHandler                                   build/startup_stm32h743xx.o
ADC_IRQHandler                                    build/startup_stm32h743xx.o
BDMA_Channel0_IRQHandler                          build/startup_stm32h743xx.o
BDMA_Channel1_IRQHandler                          build/startup_stm32h743xx.o
BDMA_Channel2_IRQHandler                          build/startup_stm32h743xx.o
BDMA_Channel3_IRQHandler                          build/startup_stm32h743xx.o
BDMA_Channel4_IRQHandler                          build/startup_stm32h743xx.o
BDMA_Channel5_IRQHandler                          build/startup_stm32h743xx.o
BDMA_Channel6_IRQHandler                          build/startup_stm32h743xx.o
BDMA_Channel7_IRQHandler                          build/startup_stm32h743xx.o
Blink2TaskHandle                                  build/freertos.o
BlinkTaskHandle                                   build/freertos.o
BusFault_Handler                                  build/stm32h7xx_it.o
CEC_IRQHandler                                    build/startup_stm32h743xx.o
COMP1_IRQHandler                                  build/startup_stm32h743xx.o
CRS_IRQHandler                                    build/startup_stm32h743xx.o
D1CorePrescTable                                  build/system_stm32h7xx.o
                                                  build/stm32h7xx_hal.o
                                                  build/stm32h7xx_hal_rcc_ex.o
                                                  build/stm32h7xx_hal_rcc.o
DCMI_IRQHandler                                   build/startup_stm32h743xx.o
DFSDM1_FLT0_IRQHandler                            build/startup_stm32h743xx.o
DFSDM1_FLT1_IRQHandler                            build/startup_stm32h743xx.o
DFSDM1_FLT2_IRQHandler                            build/startup_stm32h743xx.o
DFSDM1_FLT3_IRQHandler                            build/startup_stm32h743xx.o
DMA1_Stream0_IRQHandler                           build/startup_stm32h743xx.o
DMA1_Stream1_IRQHandler                           build/startup_stm32h743xx.o
DMA1_Stream2_IRQHandler                           build/startup_stm32h743xx.o
DMA1_Stream3_IRQHandler                           build/startup_stm32h743xx.o
DMA1_Stream4_IRQHandler                           build/startup_stm32h743xx.o
DMA1_Stream5_IRQHandler                           build/startup_stm32h743xx.o
DMA1_Stream6_IRQHandler                           build/startup_stm32h743xx.o
DMA1_Stream7_IRQHandler                           build/startup_stm32h743xx.o
DMA2D_IRQHandler                                  build/startup_stm32h743xx.o
DMA2_Stream0_IRQHandler                           build/startup_stm32h743xx.o
DMA2_Stream1_IRQHandler                           build/startup_stm32h743xx.o
DMA2_Stream2_IRQHandler                           build/startup_stm32h743xx.o
DMA2_Stream3_IRQHandler                           build/startup_stm32h743xx.o
DMA2_Stream4_IRQHandler                           build/startup_stm32h743xx.o
DMA2_Stream5_IRQHandler                           build/startup_stm32h743xx.o
DMA2_Stream6_IRQHandler                           build/startup_stm32h743xx.o
DMA2_Stream7_IRQHandler                           build/startup_stm32h743xx.o
DMAMUX1_OVR_IRQHandler                            build/startup_stm32h743xx.o
DMAMUX2_OVR_IRQHandler                            build/startup_stm32h743xx.o
DebugMon_Handler                                  build/stm32h7xx_it.o
Default_Handler                                   build/startup_stm32h743xx.o
ECC_IRQHandler                                    build/startup_stm32h743xx.o
ETH_IRQHandler                                    build/startup_stm32h743xx.o
ETH_WKUP_IRQHandler                               build/startup_stm32h743xx.o
EXTI0_IRQHandler                                  build/startup_stm32h743xx.o
EXTI15_10_IRQHandler                              build/startup_stm32h743xx.o
EXTI1_IRQHandler                                  build/startup_stm32h743xx.o
EXTI2_IRQHandler                                  build/startup_stm32h743xx.o
EXTI3_IRQHandler                                  build/startup_stm32h743xx.o
EXTI4_IRQHandler                                  build/startup_stm32h743xx.o
EXTI9_5_IRQHandler                                build/startup_stm32h743xx.o
Error_Handler                                     build/main.o
                                                  build/usart.o
                                                  build/fmc.o
FDCAN1_IT0_IRQHandler                             build/startup_stm32h743xx.o
FDCAN1_IT1_IRQHandler                             build/startup_stm32h743xx.o
FDCAN2_IT0_IRQHandler                             build/startup_stm32h743xx.o
FDCAN2_IT1_IRQHandler                             build/startup_stm32h743xx.o
FDCAN_CAL_IRQHandler                              build/startup_stm32h743xx.o
FLASH_CRC_WaitForLastOperation                    build/stm32h7xx_hal_flash.o
                                                  build/stm32h7xx_hal_flash_ex.o
FLASH_Erase_Sector                                build/stm32h7xx_hal_flash_ex.o
                                                  build/stm32h7xx_hal_flash.o
FLASH_IRQHandler                                  build/startup_stm32h743xx.o
FLASH_OB_WaitForLastOperation                     build/stm32h7xx_hal_flash.o
                                                  build/stm32h7xx_hal_flash_ex.o
FLASH_WaitForLastOperation                        build/stm32h7xx_hal_flash.o
                                                  build/stm32h7xx_hal_flash_ex.o
FMC_IRQHandler                                    build/startup_stm32h743xx.o
FMC_NAND_AttributeSpace_Timing_Init               build/stm32h7xx_ll_fmc.o
FMC_NAND_CommonSpace_Timing_Init                  build/stm32h7xx_ll_fmc.o
FMC_NAND_DeInit                                   build/stm32h7xx_ll_fmc.o
FMC_NAND_ECC_Disable                              build/stm32h7xx_ll_fmc.o
FMC_NAND_ECC_Enable                               build/stm32h7xx_ll_fmc.o
FMC_NAND_GetECC                                   build/stm32h7xx_ll_fmc.o
FMC_NAND_Init                                     build/stm32h7xx_ll_fmc.o
FMC_NORSRAM_DeInit                                build/stm32h7xx_ll_fmc.o
                                                  build/stm32h7xx_hal_sram.o
FMC_NORSRAM_Extended_Timing_Init                  build/stm32h7xx_ll_fmc.o
                                                  build/stm32h7xx_hal_sram.o
FMC_NORSRAM_Init                                  build/stm32h7xx_ll_fmc.o
                                                  build/stm32h7xx_hal_sram.o
FMC_NORSRAM_Timing_Init                           build/stm32h7xx_ll_fmc.o
                                                  build/stm32h7xx_hal_sram.o
FMC_NORSRAM_WriteOperation_Disable                build/stm32h7xx_ll_fmc.o
                                                  build/stm32h7xx_hal_sram.o
FMC_NORSRAM_WriteOperation_Enable                 build/stm32h7xx_ll_fmc.o
                                                  build/stm32h7xx_hal_sram.o
FMC_SDRAM_DeInit                                  build/stm32h7xx_ll_fmc.o
FMC_SDRAM_GetModeStatus                           build/stm32h7xx_ll_fmc.o
FMC_SDRAM_Init                                    build/stm32h7xx_ll_fmc.o
FMC_SDRAM_ProgramRefreshRate                      build/stm32h7xx_ll_fmc.o
FMC_SDRAM_SendCommand                             build/stm32h7xx_ll_fmc.o
FMC_SDRAM_SetAutoRefreshNumber                    build/stm32h7xx_ll_fmc.o
FMC_SDRAM_Timing_Init                             build/stm32h7xx_ll_fmc.o
FMC_SDRAM_WriteProtection_Disable                 build/stm32h7xx_ll_fmc.o
FMC_SDRAM_WriteProtection_Enable                  build/stm32h7xx_ll_fmc.o
FPU_IRQHandler                                    build/startup_stm32h743xx.o
HAL_DBGMCU_DisableDBGSleepMode                    build/stm32h7xx_hal.o
HAL_DBGMCU_DisableDBGStandbyMode                  build/stm32h7xx_hal.o
HAL_DBGMCU_DisableDBGStopMode                     build/stm32h7xx_hal.o
HAL_DBGMCU_EnableDBGSleepMode                     build/stm32h7xx_hal.o
HAL_DBGMCU_EnableDBGStandbyMode                   build/stm32h7xx_hal.o
HAL_DBGMCU_EnableDBGStopMode                      build/stm32h7xx_hal.o
HAL_DMAEx_ChangeMemory                            build/stm32h7xx_hal_dma_ex.o
HAL_DMAEx_ConfigMuxRequestGenerator               build/stm32h7xx_hal_dma_ex.o
HAL_DMAEx_ConfigMuxSync                           build/stm32h7xx_hal_dma_ex.o
HAL_DMAEx_DisableMuxRequestGenerator              build/stm32h7xx_hal_dma_ex.o
HAL_DMAEx_EnableMuxRequestGenerator               build/stm32h7xx_hal_dma_ex.o
HAL_DMAEx_MUX_IRQHandler                          build/stm32h7xx_hal_dma_ex.o
HAL_DMAEx_MultiBufferStart                        build/stm32h7xx_hal_dma_ex.o
HAL_DMAEx_MultiBufferStart_IT                     build/stm32h7xx_hal_dma_ex.o
HAL_DMA_Abort                                     build/stm32h7xx_hal_dma.o
                                                  build/stm32h7xx_hal_uart.o
HAL_DMA_Abort_IT                                  build/stm32h7xx_hal_dma.o
                                                  build/stm32h7xx_hal_uart.o
                                                  build/stm32h7xx_hal_tim_ex.o
                                                  build/stm32h7xx_hal_tim.o
                                                  build/stm32h7xx_hal_i2c.o
HAL_DMA_DeInit                                    build/stm32h7xx_hal_dma.o
HAL_DMA_GetError                                  build/stm32h7xx_hal_dma.o
                                                  build/stm32h7xx_hal_uart.o
                                                  build/stm32h7xx_hal_i2c.o
HAL_DMA_GetState                                  build/stm32h7xx_hal_dma.o
                                                  build/stm32h7xx_hal_i2c.o
HAL_DMA_IRQHandler                                build/stm32h7xx_hal_dma.o
HAL_DMA_Init                                      build/stm32h7xx_hal_dma.o
HAL_DMA_PollForTransfer                           build/stm32h7xx_hal_dma.o
HAL_DMA_RegisterCallback                          build/stm32h7xx_hal_dma.o
HAL_DMA_Start                                     build/stm32h7xx_hal_dma.o
HAL_DMA_Start_IT                                  build/stm32h7xx_hal_dma.o
                                                  build/stm32h7xx_hal_uart.o
                                                  build/stm32h7xx_hal_tim_ex.o
                                                  build/stm32h7xx_hal_tim.o
                                                  build/stm32h7xx_hal_i2c.o
HAL_DMA_UnRegisterCallback                        build/stm32h7xx_hal_dma.o
HAL_DeInit                                        build/stm32h7xx_hal.o
HAL_Delay                                         build/stm32h7xx_hal.o
HAL_DisableCompensationCell                       build/stm32h7xx_hal.o
HAL_EXTI_ClearConfigLine                          build/stm32h7xx_hal_exti.o
HAL_EXTI_ClearPending                             build/stm32h7xx_hal_exti.o
HAL_EXTI_D1_ClearFlag                             build/stm32h7xx_hal.o
HAL_EXTI_D1_EventInputConfig                      build/stm32h7xx_hal.o
HAL_EXTI_D3_EventInputConfig                      build/stm32h7xx_hal.o
HAL_EXTI_EdgeConfig                               build/stm32h7xx_hal.o
HAL_EXTI_GenerateSWI                              build/stm32h7xx_hal_exti.o
HAL_EXTI_GenerateSWInterrupt                      build/stm32h7xx_hal.o
HAL_EXTI_GetConfigLine                            build/stm32h7xx_hal_exti.o
HAL_EXTI_GetHandle                                build/stm32h7xx_hal_exti.o
HAL_EXTI_GetPending                               build/stm32h7xx_hal_exti.o
HAL_EXTI_IRQHandler                               build/stm32h7xx_hal_exti.o
HAL_EXTI_RegisterCallback                         build/stm32h7xx_hal_exti.o
HAL_EXTI_SetConfigLine                            build/stm32h7xx_hal_exti.o
HAL_EnableCompensationCell                        build/stm32h7xx_hal.o
HAL_FLASHEx_ComputeCRC                            build/stm32h7xx_hal_flash_ex.o
HAL_FLASHEx_Erase                                 build/stm32h7xx_hal_flash_ex.o
HAL_FLASHEx_Erase_IT                              build/stm32h7xx_hal_flash_ex.o
HAL_FLASHEx_Lock_Bank1                            build/stm32h7xx_hal_flash_ex.o
HAL_FLASHEx_Lock_Bank2                            build/stm32h7xx_hal_flash_ex.o
HAL_FLASHEx_OBGetConfig                           build/stm32h7xx_hal_flash_ex.o
HAL_FLASHEx_OBProgram                             build/stm32h7xx_hal_flash_ex.o
HAL_FLASHEx_Unlock_Bank1                          build/stm32h7xx_hal_flash_ex.o
HAL_FLASHEx_Unlock_Bank2                          build/stm32h7xx_hal_flash_ex.o
HAL_FLASH_EndOfOperationCallback                  build/stm32h7xx_hal_flash.o
HAL_FLASH_GetError                                build/stm32h7xx_hal_flash.o
HAL_FLASH_IRQHandler                              build/stm32h7xx_hal_flash.o
HAL_FLASH_Lock                                    build/stm32h7xx_hal_flash.o
HAL_FLASH_OB_Launch                               build/stm32h7xx_hal_flash.o
HAL_FLASH_OB_Lock                                 build/stm32h7xx_hal_flash.o
HAL_FLASH_OB_Unlock                               build/stm32h7xx_hal_flash.o
HAL_FLASH_OperationErrorCallback                  build/stm32h7xx_hal_flash.o
HAL_FLASH_Program                                 build/stm32h7xx_hal_flash.o
HAL_FLASH_Program_IT                              build/stm32h7xx_hal_flash.o
HAL_FLASH_Unlock                                  build/stm32h7xx_hal_flash.o
HAL_GPIO_DeInit                                   build/stm32h7xx_hal_gpio.o
                                                  build/usart.o
                                                  build/fmc.o
HAL_GPIO_EXTI_Callback                            build/stm32h7xx_hal_gpio.o
HAL_GPIO_EXTI_IRQHandler                          build/stm32h7xx_hal_gpio.o
HAL_GPIO_Init                                     build/stm32h7xx_hal_gpio.o
                                                  build/stm32h7xx_hal_rcc.o
                                                  build/usart.o
                                                  build/fmc.o
                                                  build/gpio.o
HAL_GPIO_LockPin                                  build/stm32h7xx_hal_gpio.o
HAL_GPIO_ReadPin                                  build/stm32h7xx_hal_gpio.o
HAL_GPIO_TogglePin                                build/stm32h7xx_hal_gpio.o
                                                  build/freertos.o
HAL_GPIO_WritePin                                 build/stm32h7xx_hal_gpio.o
                                                  build/gpio.o
HAL_GetCurrentCPUID                               build/stm32h7xx_hal_cortex.o
HAL_GetDEVID                                      build/stm32h7xx_hal.o
HAL_GetFMCMemorySwappingConfig                    build/stm32h7xx_hal.o
HAL_GetHalVersion                                 build/stm32h7xx_hal.o
HAL_GetREVID                                      build/stm32h7xx_hal.o
                                                  build/stm32h7xx_hal_rcc_ex.o
                                                  build/stm32h7xx_hal_rcc.o
HAL_GetTick                                       build/stm32h7xx_hal.o
                                                  build/stm32h7xx_hal_uart_ex.o
                                                  build/stm32h7xx_hal_uart.o
                                                  build/stm32h7xx_ll_fmc.o
                                                  build/stm32h7xx_hal_i2c.o
                                                  build/stm32h7xx_hal_pwr_ex.o
                                                  build/stm32h7xx_hal_mdma.o
                                                  build/stm32h7xx_hal_dma.o
                                                  build/stm32h7xx_hal_flash.o
                                                  build/stm32h7xx_hal_rcc_ex.o
                                                  build/stm32h7xx_hal_rcc.o
HAL_GetTickFreq                                   build/stm32h7xx_hal.o
HAL_GetTickPrio                                   build/stm32h7xx_hal.o
HAL_GetUIDw0                                      build/stm32h7xx_hal.o
HAL_GetUIDw1                                      build/stm32h7xx_hal.o
HAL_GetUIDw2                                      build/stm32h7xx_hal.o
HAL_HSEM_ActivateNotification                     build/stm32h7xx_hal_hsem.o
HAL_HSEM_DeactivateNotification                   build/stm32h7xx_hal_hsem.o
HAL_HSEM_FastTake                                 build/stm32h7xx_hal_hsem.o
HAL_HSEM_FreeCallback                             build/stm32h7xx_hal_hsem.o
HAL_HSEM_GetClearKey                              build/stm32h7xx_hal_hsem.o
HAL_HSEM_IRQHandler                               build/stm32h7xx_hal_hsem.o
HAL_HSEM_IsSemTaken                               build/stm32h7xx_hal_hsem.o
HAL_HSEM_Release                                  build/stm32h7xx_hal_hsem.o
HAL_HSEM_ReleaseAll                               build/stm32h7xx_hal_hsem.o
HAL_HSEM_SetClearKey                              build/stm32h7xx_hal_hsem.o
HAL_HSEM_Take                                     build/stm32h7xx_hal_hsem.o
HAL_HalfDuplex_EnableReceiver                     build/stm32h7xx_hal_uart.o
HAL_HalfDuplex_EnableTransmitter                  build/stm32h7xx_hal_uart.o
HAL_HalfDuplex_Init                               build/stm32h7xx_hal_uart.o
HAL_I2CEx_ConfigAnalogFilter                      build/stm32h7xx_hal_i2c_ex.o
HAL_I2CEx_ConfigDigitalFilter                     build/stm32h7xx_hal_i2c_ex.o
HAL_I2CEx_DisableFastModePlus                     build/stm32h7xx_hal_i2c_ex.o
HAL_I2CEx_DisableWakeUp                           build/stm32h7xx_hal_i2c_ex.o
HAL_I2CEx_EnableFastModePlus                      build/stm32h7xx_hal_i2c_ex.o
HAL_I2CEx_EnableWakeUp                            build/stm32h7xx_hal_i2c_ex.o
HAL_I2C_AbortCpltCallback                         build/stm32h7xx_hal_i2c.o
HAL_I2C_AddrCallback                              build/stm32h7xx_hal_i2c.o
HAL_I2C_DeInit                                    build/stm32h7xx_hal_i2c.o
HAL_I2C_DisableListen_IT                          build/stm32h7xx_hal_i2c.o
HAL_I2C_ER_IRQHandler                             build/stm32h7xx_hal_i2c.o
HAL_I2C_EV_IRQHandler                             build/stm32h7xx_hal_i2c.o
HAL_I2C_EnableListen_IT                           build/stm32h7xx_hal_i2c.o
HAL_I2C_ErrorCallback                             build/stm32h7xx_hal_i2c.o
HAL_I2C_GetError                                  build/stm32h7xx_hal_i2c.o
HAL_I2C_GetMode                                   build/stm32h7xx_hal_i2c.o
HAL_I2C_GetState                                  build/stm32h7xx_hal_i2c.o
HAL_I2C_Init                                      build/stm32h7xx_hal_i2c.o
HAL_I2C_IsDeviceReady                             build/stm32h7xx_hal_i2c.o
HAL_I2C_ListenCpltCallback                        build/stm32h7xx_hal_i2c.o
HAL_I2C_MasterRxCpltCallback                      build/stm32h7xx_hal_i2c.o
HAL_I2C_MasterTxCpltCallback                      build/stm32h7xx_hal_i2c.o
HAL_I2C_Master_Abort_IT                           build/stm32h7xx_hal_i2c.o
HAL_I2C_Master_Receive                            build/stm32h7xx_hal_i2c.o
HAL_I2C_Master_Receive_DMA                        build/stm32h7xx_hal_i2c.o
HAL_I2C_Master_Receive_IT                         build/stm32h7xx_hal_i2c.o
HAL_I2C_Master_Seq_Receive_DMA                    build/stm32h7xx_hal_i2c.o
HAL_I2C_Master_Seq_Receive_IT                     build/stm32h7xx_hal_i2c.o
HAL_I2C_Master_Seq_Transmit_DMA                   build/stm32h7xx_hal_i2c.o
HAL_I2C_Master_Seq_Transmit_IT                    build/stm32h7xx_hal_i2c.o
HAL_I2C_Master_Transmit                           build/stm32h7xx_hal_i2c.o
HAL_I2C_Master_Transmit_DMA                       build/stm32h7xx_hal_i2c.o
HAL_I2C_Master_Transmit_IT                        build/stm32h7xx_hal_i2c.o
HAL_I2C_MemRxCpltCallback                         build/stm32h7xx_hal_i2c.o
HAL_I2C_MemTxCpltCallback                         build/stm32h7xx_hal_i2c.o
HAL_I2C_Mem_Read                                  build/stm32h7xx_hal_i2c.o
HAL_I2C_Mem_Read_DMA                              build/stm32h7xx_hal_i2c.o
HAL_I2C_Mem_Read_IT                               build/stm32h7xx_hal_i2c.o
HAL_I2C_Mem_Write                                 build/stm32h7xx_hal_i2c.o
HAL_I2C_Mem_Write_DMA                             build/stm32h7xx_hal_i2c.o
HAL_I2C_Mem_Write_IT                              build/stm32h7xx_hal_i2c.o
HAL_I2C_MspDeInit                                 build/stm32h7xx_hal_i2c.o
HAL_I2C_MspInit                                   build/stm32h7xx_hal_i2c.o
HAL_I2C_SlaveRxCpltCallback                       build/stm32h7xx_hal_i2c.o
HAL_I2C_SlaveTxCpltCallback                       build/stm32h7xx_hal_i2c.o
HAL_I2C_Slave_Receive                             build/stm32h7xx_hal_i2c.o
HAL_I2C_Slave_Receive_DMA                         build/stm32h7xx_hal_i2c.o
HAL_I2C_Slave_Receive_IT                          build/stm32h7xx_hal_i2c.o
HAL_I2C_Slave_Seq_Receive_DMA                     build/stm32h7xx_hal_i2c.o
HAL_I2C_Slave_Seq_Receive_IT                      build/stm32h7xx_hal_i2c.o
HAL_I2C_Slave_Seq_Transmit_DMA                    build/stm32h7xx_hal_i2c.o
HAL_I2C_Slave_Seq_Transmit_IT                     build/stm32h7xx_hal_i2c.o
HAL_I2C_Slave_Transmit                            build/stm32h7xx_hal_i2c.o
HAL_I2C_Slave_Transmit_DMA                        build/stm32h7xx_hal_i2c.o
HAL_I2C_Slave_Transmit_IT                         build/stm32h7xx_hal_i2c.o
HAL_IncTick                                       build/stm32h7xx_hal.o
                                                  build/main.o
HAL_Init                                          build/stm32h7xx_hal.o
                                                  build/main.o
HAL_InitTick                                      build/stm32h7xx_hal_timebase_tim.o
                                                  build/stm32h7xx_hal.o
                                                  build/stm32h7xx_hal_rcc.o
HAL_LIN_Init                                      build/stm32h7xx_hal_uart.o
HAL_LIN_SendBreak                                 build/stm32h7xx_hal_uart.o
HAL_MDMA_Abort                                    build/stm32h7xx_hal_mdma.o
HAL_MDMA_Abort_IT                                 build/stm32h7xx_hal_mdma.o
HAL_MDMA_ConfigPostRequestMask                    build/stm32h7xx_hal_mdma.o
HAL_MDMA_DeInit                                   build/stm32h7xx_hal_mdma.o
HAL_MDMA_GenerateSWRequest                        build/stm32h7xx_hal_mdma.o
HAL_MDMA_GetError                                 build/stm32h7xx_hal_mdma.o
HAL_MDMA_GetState                                 build/stm32h7xx_hal_mdma.o
HAL_MDMA_IRQHandler                               build/stm32h7xx_hal_mdma.o
HAL_MDMA_Init                                     build/stm32h7xx_hal_mdma.o
HAL_MDMA_LinkedList_AddNode                       build/stm32h7xx_hal_mdma.o
HAL_MDMA_LinkedList_CreateNode                    build/stm32h7xx_hal_mdma.o
HAL_MDMA_LinkedList_DisableCircularMode           build/stm32h7xx_hal_mdma.o
HAL_MDMA_LinkedList_EnableCircularMode            build/stm32h7xx_hal_mdma.o
HAL_MDMA_LinkedList_RemoveNode                    build/stm32h7xx_hal_mdma.o
HAL_MDMA_PollForTransfer                          build/stm32h7xx_hal_mdma.o
HAL_MDMA_RegisterCallback                         build/stm32h7xx_hal_mdma.o
HAL_MDMA_Start                                    build/stm32h7xx_hal_mdma.o
HAL_MDMA_Start_IT                                 build/stm32h7xx_hal_mdma.o
                                                  build/stm32h7xx_hal_sram.o
HAL_MDMA_UnRegisterCallback                       build/stm32h7xx_hal_mdma.o
HAL_MPU_ConfigRegion                              build/stm32h7xx_hal_cortex.o
HAL_MPU_Disable                                   build/stm32h7xx_hal_cortex.o
HAL_MPU_Enable                                    build/stm32h7xx_hal_cortex.o
HAL_MspDeInit                                     build/stm32h7xx_hal.o
HAL_MspInit                                       build/stm32h7xx_hal_msp.o
HAL_MultiProcessorEx_AddressLength_Set            build/stm32h7xx_hal_uart_ex.o
HAL_MultiProcessor_DisableMuteMode                build/stm32h7xx_hal_uart.o
HAL_MultiProcessor_EnableMuteMode                 build/stm32h7xx_hal_uart.o
HAL_MultiProcessor_EnterMuteMode                  build/stm32h7xx_hal_uart.o
HAL_MultiProcessor_Init                           build/stm32h7xx_hal_uart.o
HAL_NVIC_ClearPendingIRQ                          build/stm32h7xx_hal_cortex.o
HAL_NVIC_DisableIRQ                               build/stm32h7xx_hal_cortex.o
HAL_NVIC_EnableIRQ                                build/stm32h7xx_hal_cortex.o
                                                  build/stm32h7xx_hal_timebase_tim.o
HAL_NVIC_GetActive                                build/stm32h7xx_hal_cortex.o
HAL_NVIC_GetPendingIRQ                            build/stm32h7xx_hal_cortex.o
HAL_NVIC_GetPriority                              build/stm32h7xx_hal_cortex.o
HAL_NVIC_GetPriorityGrouping                      build/stm32h7xx_hal_cortex.o
HAL_NVIC_SetPendingIRQ                            build/stm32h7xx_hal_cortex.o
HAL_NVIC_SetPriority                              build/stm32h7xx_hal_cortex.o
                                                  build/stm32h7xx_hal_timebase_tim.o
                                                  build/stm32h7xx_hal.o
                                                  build/stm32h7xx_hal_msp.o
HAL_NVIC_SetPriorityGrouping                      build/stm32h7xx_hal_cortex.o
                                                  build/stm32h7xx_hal.o
HAL_NVIC_SystemReset                              build/stm32h7xx_hal_cortex.o
HAL_PWREx_AVDCallback                             build/stm32h7xx_hal_pwr_ex.o
HAL_PWREx_ClearPendingEvent                       build/stm32h7xx_hal_pwr_ex.o
HAL_PWREx_ClearWakeupFlag                         build/stm32h7xx_hal_pwr_ex.o
HAL_PWREx_ConfigAVD                               build/stm32h7xx_hal_pwr_ex.o
HAL_PWREx_ConfigD3Domain                          build/stm32h7xx_hal_pwr_ex.o
HAL_PWREx_ConfigSupply                            build/stm32h7xx_hal_pwr_ex.o
                                                  build/main.o
HAL_PWREx_ControlStopModeVoltageScaling           build/stm32h7xx_hal_pwr_ex.o
HAL_PWREx_ControlVoltageScaling                   build/stm32h7xx_hal_pwr_ex.o
HAL_PWREx_DisableAVD                              build/stm32h7xx_hal_pwr_ex.o